Archive member included to satisfy reference by file (symbol)

C:/PROGRAM FILES (X86)/ARM GNU TOOLCHAIN ARM-NONE-EABI/13.3 REL1/BIN/../lib/gcc/arm-none-eabi/13.3.1/thumb/v7e-m+fp/hard\libc_nano.a(libc_a-exit.o)
                              C:/PROGRAM FILES (X86)/ARM GNU TOOLCHAIN ARM-NONE-EABI/13.3 REL1/BIN/../lib/gcc/arm-none-eabi/13.3.1/thumb/v7e-m+fp/hard/crt0.o (exit)
C:/PROGRAM FILES (X86)/ARM GNU TOOLCHAIN ARM-NONE-EABI/13.3 REL1/BIN/../lib/gcc/arm-none-eabi/13.3.1/thumb/v7e-m+fp/hard\libc_nano.a(libc_a-nano-vfprintf_float.o)
                              (_printf_float)
C:/PROGRAM FILES (X86)/ARM GNU TOOLCHAIN ARM-NONE-EABI/13.3 REL1/BIN/../lib/gcc/arm-none-eabi/13.3.1/thumb/v7e-m+fp/hard\libc_nano.a(libc_a-nano-vfprintf_i.o)
                              C:/PROGRAM FILES (X86)/ARM GNU TOOLCHAIN ARM-NONE-EABI/13.3 REL1/BIN/../lib/gcc/arm-none-eabi/13.3.1/thumb/v7e-m+fp/hard\libc_nano.a(libc_a-nano-vfprintf_float.o) (_printf_common)
C:/PROGRAM FILES (X86)/ARM GNU TOOLCHAIN ARM-NONE-EABI/13.3 REL1/BIN/../lib/gcc/arm-none-eabi/13.3.1/thumb/v7e-m+fp/hard\libc_nano.a(libc_a-nano-vfscanf_float.o)
                              (_scanf_float)
C:/PROGRAM FILES (X86)/ARM GNU TOOLCHAIN ARM-NONE-EABI/13.3 REL1/BIN/../lib/gcc/arm-none-eabi/13.3.1/thumb/v7e-m+fp/hard\libc_nano.a(libc_a-findfp.o)
                              C:/PROGRAM FILES (X86)/ARM GNU TOOLCHAIN ARM-NONE-EABI/13.3 REL1/BIN/../lib/gcc/arm-none-eabi/13.3.1/thumb/v7e-m+fp/hard\libc_nano.a(libc_a-exit.o) (__stdio_exit_handler)
C:/PROGRAM FILES (X86)/ARM GNU TOOLCHAIN ARM-NONE-EABI/13.3 REL1/BIN/../lib/gcc/arm-none-eabi/13.3.1/thumb/v7e-m+fp/hard\libc_nano.a(libc_a-fwalk.o)
                              C:/PROGRAM FILES (X86)/ARM GNU TOOLCHAIN ARM-NONE-EABI/13.3 REL1/BIN/../lib/gcc/arm-none-eabi/13.3.1/thumb/v7e-m+fp/hard\libc_nano.a(libc_a-findfp.o) (_fwalk_sglue)
C:/PROGRAM FILES (X86)/ARM GNU TOOLCHAIN ARM-NONE-EABI/13.3 REL1/BIN/../lib/gcc/arm-none-eabi/13.3.1/thumb/v7e-m+fp/hard\libc_nano.a(libc_a-printf.o)
                              build/debug/Core/Src/main.o (printf)
C:/PROGRAM FILES (X86)/ARM GNU TOOLCHAIN ARM-NONE-EABI/13.3 REL1/BIN/../lib/gcc/arm-none-eabi/13.3.1/thumb/v7e-m+fp/hard\libc_nano.a(libc_a-sprintf.o)
                              C:/PROGRAM FILES (X86)/ARM GNU TOOLCHAIN ARM-NONE-EABI/13.3 REL1/BIN/../lib/gcc/arm-none-eabi/13.3.1/thumb/v7e-m+fp/hard\libc_nano.a(libc_a-nano-vfscanf_float.o) (sprintf)
C:/PROGRAM FILES (X86)/ARM GNU TOOLCHAIN ARM-NONE-EABI/13.3 REL1/BIN/../lib/gcc/arm-none-eabi/13.3.1/thumb/v7e-m+fp/hard\libc_nano.a(libc_a-stdio.o)
                              C:/PROGRAM FILES (X86)/ARM GNU TOOLCHAIN ARM-NONE-EABI/13.3 REL1/BIN/../lib/gcc/arm-none-eabi/13.3.1/thumb/v7e-m+fp/hard\libc_nano.a(libc_a-findfp.o) (__sread)
C:/PROGRAM FILES (X86)/ARM GNU TOOLCHAIN ARM-NONE-EABI/13.3 REL1/BIN/../lib/gcc/arm-none-eabi/13.3.1/thumb/v7e-m+fp/hard\libc_nano.a(libc_a-memset.o)
                              C:/PROGRAM FILES (X86)/ARM GNU TOOLCHAIN ARM-NONE-EABI/13.3 REL1/BIN/../lib/gcc/arm-none-eabi/13.3.1/thumb/v7e-m+fp/hard/crt0.o (memset)
C:/PROGRAM FILES (X86)/ARM GNU TOOLCHAIN ARM-NONE-EABI/13.3 REL1/BIN/../lib/gcc/arm-none-eabi/13.3.1/thumb/v7e-m+fp/hard\libc_nano.a(libc_a-localeconv.o)
                              C:/PROGRAM FILES (X86)/ARM GNU TOOLCHAIN ARM-NONE-EABI/13.3 REL1/BIN/../lib/gcc/arm-none-eabi/13.3.1/thumb/v7e-m+fp/hard\libc_nano.a(libc_a-nano-vfprintf_float.o) (_localeconv_r)
C:/PROGRAM FILES (X86)/ARM GNU TOOLCHAIN ARM-NONE-EABI/13.3 REL1/BIN/../lib/gcc/arm-none-eabi/13.3.1/thumb/v7e-m+fp/hard\libc_nano.a(libc_a-closer.o)
                              C:/PROGRAM FILES (X86)/ARM GNU TOOLCHAIN ARM-NONE-EABI/13.3 REL1/BIN/../lib/gcc/arm-none-eabi/13.3.1/thumb/v7e-m+fp/hard\libc_nano.a(libc_a-stdio.o) (_close_r)
C:/PROGRAM FILES (X86)/ARM GNU TOOLCHAIN ARM-NONE-EABI/13.3 REL1/BIN/../lib/gcc/arm-none-eabi/13.3.1/thumb/v7e-m+fp/hard\libc_nano.a(libc_a-reent.o)
                              C:/PROGRAM FILES (X86)/ARM GNU TOOLCHAIN ARM-NONE-EABI/13.3 REL1/BIN/../lib/gcc/arm-none-eabi/13.3.1/thumb/v7e-m+fp/hard\libc_nano.a(libc_a-closer.o) (errno)
C:/PROGRAM FILES (X86)/ARM GNU TOOLCHAIN ARM-NONE-EABI/13.3 REL1/BIN/../lib/gcc/arm-none-eabi/13.3.1/thumb/v7e-m+fp/hard\libc_nano.a(libc_a-impure.o)
                              C:/PROGRAM FILES (X86)/ARM GNU TOOLCHAIN ARM-NONE-EABI/13.3 REL1/BIN/../lib/gcc/arm-none-eabi/13.3.1/thumb/v7e-m+fp/hard\libc_nano.a(libc_a-printf.o) (_impure_ptr)
C:/PROGRAM FILES (X86)/ARM GNU TOOLCHAIN ARM-NONE-EABI/13.3 REL1/BIN/../lib/gcc/arm-none-eabi/13.3.1/thumb/v7e-m+fp/hard\libc_nano.a(libc_a-lseekr.o)
                              C:/PROGRAM FILES (X86)/ARM GNU TOOLCHAIN ARM-NONE-EABI/13.3 REL1/BIN/../lib/gcc/arm-none-eabi/13.3.1/thumb/v7e-m+fp/hard\libc_nano.a(libc_a-stdio.o) (_lseek_r)
C:/PROGRAM FILES (X86)/ARM GNU TOOLCHAIN ARM-NONE-EABI/13.3 REL1/BIN/../lib/gcc/arm-none-eabi/13.3.1/thumb/v7e-m+fp/hard\libc_nano.a(libc_a-readr.o)
[...]
Memory Configuration

Name             Origin             Length             Attributes
RAM              0x20000000         0x00020000         xrw
CCMRAM           0x10000000         0x00010000         xrw
FLASH            0x08000000         0x00100000         xr
*default*        0x00000000         0xffffffff

Linker script and memory map

LOAD C:/PROGRAM FILES (X86)/ARM GNU TOOLCHAIN ARM-NONE-EABI/13.3 REL1/BIN/../lib/gcc/arm-none-eabi/13.3.1/thumb/v7e-m+fp/hard/crti.o
LOAD C:/PROGRAM FILES (X86)/ARM GNU TOOLCHAIN ARM-NONE-EABI/13.3 REL1/BIN/../lib/gcc/arm-none-eabi/13.3.1/thumb/v7e-m+fp/hard/crtbegin.o
LOAD C:/PROGRAM FILES (X86)/ARM GNU TOOLCHAIN ARM-NONE-EABI/13.3 REL1/BIN/../lib/gcc/arm-none-eabi/13.3.1/thumb/v7e-m+fp/hard/crt0.o
LOAD build/debug/Core/Src/main.o
LOAD build/debug/Core/Src/stm32f4xx_hal_msp.o
LOAD build/debug/Core/Src/stm32f4xx_it.o
LOAD build/debug/Core/Src/syscalls.o
LOAD build/debug/Core/Src/sysmem.o
LOAD build/debug/Core/Src/system_stm32f4xx.o
LOAD build/debug/Drivers/LLCC68/Src/llcc68.o
LOAD build/debug/Drivers/LSM6DSM/Src/lsm6dsm_reg.o
LOAD build/debug/Drivers/STM32F4xx_HAL_Driver/Src/stm32f4xx_hal.o
LOAD build/debug/Drivers/STM32F4xx_HAL_Driver/Src/stm32f4xx_hal_cortex.o
LOAD build/debug/Drivers/STM32F4xx_HAL_Driver/Src/stm32f4xx_hal_dma.o
LOAD build/debug/Drivers/STM32F4xx_HAL_Driver/Src/stm32f4xx_hal_dma_ex.o
LOAD build/debug/Drivers/STM32F4xx_HAL_Driver/Src/stm32f4xx_hal_exti.o
LOAD build/debug/Drivers/STM32F4xx_HAL_Driver/Src/stm32f4xx_hal_flash.o
LOAD build/debug/Drivers/STM32F4xx_HAL_Driver/Src/stm32f4xx_hal_flash_ex.o
LOAD build/debug/Drivers/STM32F4xx_HAL_Driver/Src/stm32f4xx_hal_flash_ramfunc.o
LOAD build/debug/Drivers/STM32F4xx_HAL_Driver/Src/stm32f4xx_hal_gpio.o
LOAD build/debug/Drivers/STM32F4xx_HAL_Driver/Src/stm32f4xx_hal_i2c.o
LOAD build/debug/Drivers/STM32F4xx_HAL_Driver/Src/stm32f4xx_hal_i2c_ex.o
LOAD build/debug/Drivers/STM32F4xx_HAL_Driver/Src/stm32f4xx_hal_mmc.o
LOAD build/debug/Drivers/STM32F4xx_HAL_Driver/Src/stm32f4xx_hal_pwr.o
LOAD build/debug/Drivers/STM32F4xx_HAL_Driver/Src/stm32f4xx_hal_pwr_ex.o
LOAD build/debug/Drivers/STM32F4xx_HAL_Driver/Src/stm32f4xx_hal_rcc.o
LOAD build/debug/Drivers/STM32F4xx_HAL_Driver/Src/stm32f4xx_hal_rcc_ex.o
LOAD build/debug/Drivers/STM32F4xx_HAL_Driver/Src/stm32f4xx_hal_sd.o
LOAD build/debug/Drivers/STM32F4xx_HAL_Driver/Src/stm32f4xx_hal_spi.o
LOAD build/debug/Drivers/STM32F4xx_HAL_Driver/Src/stm32f4xx_hal_uart.o
LOAD build/debug/Drivers/STM32F4xx_HAL_Driver/Src/stm32f4xx_ll_sdmmc.o
LOAD build/debug/FATFS/App/fatfs.o
LOAD build/debug/FATFS/Target/bsp_driver_sd.o
LOAD build/debug/FATFS/Target/fatfs_platform.o
LOAD build/debug/FATFS/Target/sd_diskio.o
LOAD build/debug/Middlewares/Third_Party/FatFs/src/diskio.o
LOAD build/debug/Middlewares/Third_Party/FatFs/src/ff.o
LOAD build/debug/Middlewares/Third_Party/FatFs/src/ff_gen_drv.o
LOAD build/debug/Middlewares/Third_Party/FatFs/src/option/syscall.o
LOAD build/debug/startup_stm32f405xx.o
LOAD C:/PROGRAM FILES (X86)/ARM GNU TOOLCHAIN ARM-NONE-EABI/13.3 REL1/BIN/../lib/gcc/arm-none-eabi/13.3.1/thumb/v7e-m+fp/hard\libc_nano.a
LOAD C:/PROGRAM FILES (X86)/ARM GNU TOOLCHAIN ARM-NONE-EABI/13.3 REL1/BIN/../lib/gcc/arm-none-eabi/13.3.1/thumb/v7e-m+fp/hard\libm.a
LOAD C:/PROGRAM FILES (X86)/ARM GNU TOOLCHAIN ARM-NONE-EABI/13.3 REL1/BIN/../lib/gcc/arm-none-eabi/13.3.1/thumb/v7e-m+fp/hard\libnosys.a
START GROUP
LOAD C:/PROGRAM FILES (X86)/ARM GNU TOOLCHAIN ARM-NONE-EABI/13.3 REL1/BIN/../lib/gcc/arm-none-eabi/13.3.1/thumb/v7e-m+fp/hard\libgcc.a
LOAD C:/PROGRAM FILES (X86)/ARM GNU TOOLCHAIN ARM-NONE-EABI/13.3 REL1/BIN/../lib/gcc/arm-none-eabi/13.3.1/thumb/v7e-m+fp/hard\libc_nano.a
END GROUP
START GROUP
LOAD C:/PROGRAM FILES (X86)/ARM GNU TOOLCHAIN ARM-NONE-EABI/13.3 REL1/BIN/../lib/gcc/arm-none-eabi/13.3.1/thumb/v7e-m+fp/hard\libgcc.a
LOAD C:/PROGRAM FILES (X86)/ARM GNU TOOLCHAIN ARM-NONE-EABI/13.3 REL1/BIN/../lib/gcc/arm-none-eabi/13.3.1/thumb/v7e-m+fp/hard\libc_nano.a
END GROUP
LOAD C:/PROGRAM FILES (X86)/ARM GNU TOOLCHAIN ARM-NONE-EABI/13.3 REL1/BIN/../lib/gcc/arm-none-eabi/13.3.1/thumb/v7e-m+fp/hard/crtend.o
LOAD C:/PROGRAM FILES (X86)/ARM GNU TOOLCHAIN ARM-NONE-EABI/13.3 REL1/BIN/../lib/gcc/arm-none-eabi/13.3.1/thumb/v7e-m+fp/hard/crtn.o
                0x20020000                        _estack = (ORIGIN (RAM) + LENGTH (RAM))
                0x00000200                        _Min_Heap_Size = 0x200
                0x00000400                        _Min_Stack_Size = 0x400

.isr_vector     0x08000000      0x188
                0x08000000                        . = ALIGN (0x4)
 *(.isr_vector)
 .isr_vector    0x08000000      0x188 build/debug/startup_stm32f405xx.o
                0x08000000                g_pfnVectors
                0x08000188                        . = ALIGN (0x4)

.text           0x08000190     0x9004
                0x08000190                        . = ALIGN (0x4)
 *(.text)
 .text          0x08000190       0xa0 C:/PROGRAM FILES (X86)/ARM GNU TOOLCHAIN ARM-NONE-EABI/13.3 REL1/BIN/../lib/gcc/arm-none-eabi/13.3.1/thumb/v7e-m+fp/hard\libc_nano.a(libc_a-memchr.o)
                0x08000190                memchr
 .text          0x08000230       0x10 C:/PROGRAM FILES (X86)/ARM GNU TOOLCHAIN ARM-NONE-EABI/13.3 REL1/BIN/../lib/gcc/arm-none-eabi/13.3.1/thumb/v7e-m+fp/hard\libc_nano.a(libc_a-strlen.o)
                0x08000230                strlen
 .text          0x08000240      0x378 C:/PROGRAM FILES (X86)/ARM GNU TOOLCHAIN ARM-NONE-EABI/13.3 REL1/BIN/../lib/gcc/arm-none-eabi/13.3.1/thumb/v7e-m+fp/hard\libgcc.a(_arm_addsubdf3.o)
                0x08000240                __aeabi_drsub
                0x08000248                __aeabi_dsub
                0x08000248                __subdf3
                0x0800024c                __aeabi_dadd
                0x0800024c                __adddf3
                0x080004c4                __floatunsidf
                0x080004c4                __aeabi_ui2d
                0x080004e4                __floatsidf
                0x080004e4                __aeabi_i2d
                0x08000508                __aeabi_f2d
                0x08000508                __extendsfdf2
                0x0800054c                __floatundidf
                0x0800054c                __aeabi_ul2d
                0x0800055c                __floatdidf
                0x0800055c                __aeabi_l2d
 .text          0x080005b8      0x424 C:/PROGRAM FILES (X86)/ARM GNU TOOLCHAIN ARM-NONE-EABI/13.3 REL1/BIN/../lib/gcc/arm-none-eabi/13.3.1/thumb/v7e-m+fp/hard\libgcc.a(_arm_muldivdf3.o)
                0x080005b8                __aeabi_dmul
                0x080005b8                __muldf3
                0x0800080c                __divdf3
                0x0800080c                __aeabi_ddiv
 .text          0x080009dc      0x110 C:/PROGRAM FILES (X86)/ARM GNU TOOLCHAIN ARM-NONE-EABI/13.3 REL1/BIN/../lib/gcc/arm-none-eabi/13.3.1/thumb/v7e-m+fp/hard\libgcc.a(_arm_cmpdf2.o)
                0x080009dc                __gtdf2
                0x080009dc                __gedf2
                0x080009e4                __ltdf2
                0x080009e4                __ledf2
                0x080009ec                __nedf2
                0x080009ec                __eqdf2
                0x080009ec                __cmpdf2
                0x08000a68                __aeabi_cdrcmple
                0x08000a78                __aeabi_cdcmpeq
                0x08000a78                __aeabi_cdcmple
                0x08000a88                __aeabi_dcmpeq
                0x08000a9c                __aeabi_dcmplt
                0x08000ab0                __aeabi_dcmple
                0x08000ac4                __aeabi_dcmpge
                0x08000ad8                __aeabi_dcmpgt
 .text          0x08000aec       0x2c C:/PROGRAM FILES (X86)/ARM GNU TOOLCHAIN ARM-NONE-EABI/13.3 REL1/BIN/../lib/gcc/arm-none-eabi/13.3.1/thumb/v7e-m+fp/hard\libgcc.a(_arm_unorddf2.o)
                0x08000aec                __unorddf2
                0x08000aec                __aeabi_dcmpun
 .text          0x08000b18       0x50 C:/PROGRAM FILES (X86)/ARM GNU TOOLCHAIN ARM-NONE-EABI/13.3 REL1/BIN/../lib/gcc/arm-none-eabi/13.3.1/thumb/v7e-m+fp/hard\libgcc.a(_arm_fixdfsi.o)
                0x08000b18                __aeabi_d2iz
                0x08000b18                __fixdfsi
 .text          0x08000b68       0x40 C:/PROGRAM FILES (X86)/ARM GNU TOOLCHAIN ARM-NONE-EABI/13.3 REL1/BIN/../lib/gcc/arm-none-eabi/13.3.1/thumb/v7e-m+fp/hard\libgcc.a(_arm_fixunsdfsi.o)
                0x08000b68                __aeabi_d2uiz
                0x08000b68                __fixunsdfsi
 .text          0x08000ba8       0xa0 C:/PROGRAM FILES (X86)/ARM GNU TOOLCHAIN ARM-NONE-EABI/13.3 REL1/BIN/../lib/gcc/arm-none-eabi/13.3.1/thumb/v7e-m+fp/hard\libgcc.a(_arm_truncdfsf2.o)
                0x08000ba8                __truncdfsf2
                0x08000ba8                __aeabi_d2f
 .text          0x08000c48       0x30 C:/PROGRAM FILES (X86)/ARM GNU TOOLCHAIN ARM-NONE-EABI/13.3 REL1/BIN/../lib/gcc/arm-none-eabi/13.3.1/thumb/v7e-m+fp/hard\libgcc.a(_aeabi_uldivmod.o)
                0x08000c48                __aeabi_uldivmod
 .text          0x08000c78        0x4 C:/PROGRAM FILES (X86)/ARM GNU TOOLCHAIN ARM-NONE-EABI/13.3 REL1/BIN/../lib/gcc/arm-none-eabi/13.3.1/thumb/v7e-m+fp/hard\libgcc.a(_dvmd_tls.o)
                0x08000c78                __aeabi_idiv0
                0x08000c78                __aeabi_ldiv0
 *(.text*)
 .text.deregister_tm_clones
                0x08000c7c       0x1c C:/PROGRAM FILES (X86)/ARM GNU TOOLCHAIN ARM-NONE-EABI/13.3 REL1/BIN/../lib/gcc/arm-none-eabi/13.3.1/thumb/v7e-m+fp/hard/crtbegin.o
 .text.register_tm_clones
                0x08000c98       0x24 C:/PROGRAM FILES (X86)/ARM GNU TOOLCHAIN ARM-NONE-EABI/13.3 REL1/BIN/../lib/gcc/arm-none-eabi/13.3.1/thumb/v7e-m+fp/hard/crtbegin.o
 .text.__do_global_dtors_aux
                0x08000cbc       0x28 C:/PROGRAM FILES (X86)/ARM GNU TOOLCHAIN ARM-NONE-EABI/13.3 REL1/BIN/../lib/gcc/arm-none-eabi/13.3.1/thumb/v7e-m+fp/hard/crtbegin.o
 .text.frame_dummy
                0x08000ce4       0x24 C:/PROGRAM FILES (X86)/ARM GNU TOOLCHAIN ARM-NONE-EABI/13.3 REL1/BIN/../lib/gcc/arm-none-eabi/13.3.1/thumb/v7e-m+fp/hard/crtbegin.o
 .text.MX_SDIO_SD_Init
                0x08000d08       0x20 build/debug/Core/Src/main.o
 .text.lsm6dsm_platform_write
                0x08000d28       0x4c build/debug/Core/Src/main.o
 .text.lsm6dsm_platform_read
                0x08000d74       0x58 build/debug/Core/Src/main.o
 .text.MX_GPIO_Init
                0x08000dcc      0x104 build/debug/Core/Src/main.o
 .text.platform_delay
                0x08000ed0        0x8 build/debug/Core/Src/main.o
 .text._write   0x08000ed8       0x18 build/debug/Core/Src/main.o
                0x08000ed8                _write
 .text.Error_Handler
                0x08000ef0        0x4 build/debug/Core/Src/main.o
                0x08000ef0                Error_Handler
 .text.MX_SPI1_Init
                0x08000ef4       0x40 build/debug/Core/Src/main.o
 .text.MX_USART1_UART_Init
                0x08000f34       0x34 build/debug/Core/Src/main.o
 .text.MX_I2C1_Init
                0x08000f68       0x80 build/debug/Core/Src/main.o
 .text.SystemClock_Config
                0x08000fe8       0x98 build/debug/Core/Src/main.o
                0x08000fe8                SystemClock_Config
 .text.main     0x08001080      0x14c build/debug/Core/Src/main.o
                0x08001080                main
 .text.HAL_MspInit
                0x080011cc       0x38 build/debug/Core/Src/stm32f4xx_hal_msp.o
                0x080011cc                HAL_MspInit
 .text.HAL_I2C_MspInit
                0x08001204       0x70 build/debug/Core/Src/stm32f4xx_hal_msp.o
                0x08001204                HAL_I2C_MspInit
 .text.HAL_SD_MspInit
                0x08001274       0xa0 build/debug/Core/Src/stm32f4xx_hal_msp.o
                0x08001274                HAL_SD_MspInit
 .text.HAL_SPI_MspInit
                0x08001314       0x70 build/debug/Core/Src/stm32f4xx_hal_msp.o
                0x08001314                HAL_SPI_MspInit
 .text.HAL_UART_MspInit
                0x08001384       0x74 build/debug/Core/Src/stm32f4xx_hal_msp.o
                0x08001384                HAL_UART_MspInit
 .text.NMI_Handler
                0x080013f8        0x2 build/debug/Core/Src/stm32f4xx_it.o
                0x080013f8                NMI_Handler
 .text.HardFault_Handler
                0x080013fa        0x2 build/debug/Core/Src/stm32f4xx_it.o
                0x080013fa                HardFault_Handler
 .text.MemManage_Handler
                0x080013fc        0x2 build/debug/Core/Src/stm32f4xx_it.o
                0x080013fc                MemManage_Handler
 .text.BusFault_Handler
                0x080013fe        0x2 build/debug/Core/Src/stm32f4xx_it.o
                0x080013fe                BusFault_Handler
 .text.UsageFault_Handler
                0x08001400        0x2 build/debug/Core/Src/stm32f4xx_it.o
                0x08001400                UsageFault_Handler
 .text.SVC_Handler
                0x08001402        0x2 build/debug/Core/Src/stm32f4xx_it.o
                0x08001402                SVC_Handler
 .text.DebugMon_Handler
                0x08001404        0x2 build/debug/Core/Src/stm32f4xx_it.o
                0x08001404                DebugMon_Handler
 .text.PendSV_Handler
                0x08001406        0x2 build/debug/Core/Src/stm32f4xx_it.o
                0x08001406                PendSV_Handler
 .text.SysTick_Handler
                0x08001408        0x8 build/debug/Core/Src/stm32f4xx_it.o
                0x08001408                SysTick_Handler
 .text._getpid  0x08001410        0x4 build/debug/Core/Src/syscalls.o
                0x08001410                _getpid
 .text._kill    0x08001414       0x10 build/debug/Core/Src/syscalls.o
                0x08001414                _kill
 .text._exit    0x08001424        0xc build/debug/Core/Src/syscalls.o
                0x08001424                _exit
 .text._read    0x08001430       0x20 build/debug/Core/Src/syscalls.o
                0x08001430                _read
 .text._close   0x08001450        0x6 build/debug/Core/Src/syscalls.o
                0x08001450                _close
 .text._fstat   0x08001456        0xa build/debug/Core/Src/syscalls.o
                0x08001456                _fstat
 .text._isatty  0x08001460        0x4 build/debug/Core/Src/syscalls.o
                0x08001460                _isatty
 .text._lseek   0x08001464        0x4 build/debug/Core/Src/syscalls.o
                0x08001464                _lseek
 .text._sbrk    0x08001468       0x48 build/debug/Core/Src/sysmem.o
                0x08001468                _sbrk
 .text.SystemInit
                0x080014b0       0x14 build/debug/Core/Src/system_stm32f4xx.o
                0x080014b0                SystemInit
 .text.lsm6dsm_read_reg
                0x080014c4       0x12 build/debug/Drivers/LSM6DSM/Src/lsm6dsm_reg.o
                0x080014c4                lsm6dsm_read_reg
 .text.lsm6dsm_write_reg
                0x080014d6       0x12 build/debug/Drivers/LSM6DSM/Src/lsm6dsm_reg.o
                0x080014d6                lsm6dsm_write_reg
 .text.lsm6dsm_from_fs2000dps_to_mdps
                0x080014e8       0x18 build/debug/Drivers/LSM6DSM/Src/lsm6dsm_reg.o
                0x080014e8                lsm6dsm_from_fs2000dps_to_mdps
 .text.lsm6dsm_xl_full_scale_set
                0x08001500       0x32 build/debug/Drivers/LSM6DSM/Src/lsm6dsm_reg.o
                0x08001500                lsm6dsm_xl_full_scale_set
 .text.lsm6dsm_xl_data_rate_set
                0x08001532       0x32 build/debug/Drivers/LSM6DSM/Src/lsm6dsm_reg.o
                0x08001532                lsm6dsm_xl_data_rate_set
 .text.lsm6dsm_gy_full_scale_set
                0x08001564       0x32 build/debug/Drivers/LSM6DSM/Src/lsm6dsm_reg.o
                0x08001564                lsm6dsm_gy_full_scale_set
 .text.lsm6dsm_gy_data_rate_set
                0x08001596       0x32 build/debug/Drivers/LSM6DSM/Src/lsm6dsm_reg.o
                0x08001596                lsm6dsm_gy_data_rate_set
 .text.lsm6dsm_block_data_update_set
                0x080015c8       0x32 build/debug/Drivers/LSM6DSM/Src/lsm6dsm_reg.o
                0x080015c8                lsm6dsm_block_data_update_set
 .text.lsm6dsm_status_reg_get
                0x080015fa        0xe build/debug/Drivers/LSM6DSM/Src/lsm6dsm_reg.o
                0x080015fa                lsm6dsm_status_reg_get
 .text.lsm6dsm_angular_rate_raw_get
                0x08001608       0x44 build/debug/Drivers/LSM6DSM/Src/lsm6dsm_reg.o
                0x08001608                lsm6dsm_angular_rate_raw_get
 .text.lsm6dsm_device_id_get
                0x0800164c        0xe build/debug/Drivers/LSM6DSM/Src/lsm6dsm_reg.o
                0x0800164c                lsm6dsm_device_id_get
 .text.lsm6dsm_reset_get
                0x0800165a       0x1e build/debug/Drivers/LSM6DSM/Src/lsm6dsm_reg.o
                0x0800165a                lsm6dsm_reset_get
 .text.lsm6dsm_auto_increment_set
                0x08001678       0x32 build/debug/Drivers/LSM6DSM/Src/lsm6dsm_reg.o
                0x08001678                lsm6dsm_auto_increment_set
 .text.lsm6dsm_xl_filter_analog_set
                0x080016aa       0x32 build/debug/Drivers/LSM6DSM/Src/lsm6dsm_reg.o
                0x080016aa                lsm6dsm_xl_filter_analog_set
 .text.lsm6dsm_xl_lp2_bandwidth_set
                0x080016dc       0x54 build/debug/Drivers/LSM6DSM/Src/lsm6dsm_reg.o
                0x080016dc                lsm6dsm_xl_lp2_bandwidth_set
 .text.lsm6dsm_gy_band_pass_set
                0x08001730       0x9e build/debug/Drivers/LSM6DSM/Src/lsm6dsm_reg.o
                0x08001730                lsm6dsm_gy_band_pass_set
 .text.lsm6dsm_spi_mode_set
                0x080017ce       0x32 build/debug/Drivers/LSM6DSM/Src/lsm6dsm_reg.o
                0x080017ce                lsm6dsm_spi_mode_set
 .text.HAL_InitTick
                0x08001800       0x4c build/debug/Drivers/STM32F4xx_HAL_Driver/Src/stm32f4xx_hal.o
                0x08001800                HAL_InitTick
 .text.HAL_Init
                0x0800184c       0x34 build/debug/Drivers/STM32F4xx_HAL_Driver/Src/stm32f4xx_hal.o
                0x0800184c                HAL_Init
 .text.HAL_IncTick
                0x08001880       0x18 build/debug/Drivers/STM32F4xx_HAL_Driver/Src/stm32f4xx_hal.o
                0x08001880                HAL_IncTick
 .text.HAL_GetTick
                0x08001898        0xc build/debug/Drivers/STM32F4xx_HAL_Driver/Src/stm32f4xx_hal.o
                0x08001898                HAL_GetTick
 .text.HAL_Delay
                0x080018a4       0x28 build/debug/Drivers/STM32F4xx_HAL_Driver/Src/stm32f4xx_hal.o
                0x080018a4                HAL_Delay
 .text.__NVIC_SetPriority
                0x080018cc       0x28 build/debug/Drivers/STM32F4xx_HAL_Driver/Src/stm32f4xx_hal_cortex.o
 .text.NVIC_EncodePriority
                0x080018f4       0x3e build/debug/Drivers/STM32F4xx_HAL_Driver/Src/stm32f4xx_hal_cortex.o
 *fill*         0x08001932        0x2 
 .text.HAL_NVIC_SetPriorityGrouping
                0x08001934       0x24 build/debug/Drivers/STM32F4xx_HAL_Driver/Src/stm32f4xx_hal_cortex.o
                0x08001934                HAL_NVIC_SetPriorityGrouping
 .text.HAL_NVIC_SetPriority
                0x08001958       0x20 build/debug/Drivers/STM32F4xx_HAL_Driver/Src/stm32f4xx_hal_cortex.o
                0x08001958                HAL_NVIC_SetPriority
 .text.HAL_SYSTICK_Config
                0x08001978       0x28 build/debug/Drivers/STM32F4xx_HAL_Driver/Src/stm32f4xx_hal_cortex.o
                0x08001978                HAL_SYSTICK_Config
 .text.HAL_GPIO_Init
                0x080019a0      0x1ec build/debug/Drivers/STM32F4xx_HAL_Driver/Src/stm32f4xx_hal_gpio.o
                0x080019a0                HAL_GPIO_Init
 .text.HAL_GPIO_ReadPin
                0x08001b8c        0xe build/debug/Drivers/STM32F4xx_HAL_Driver/Src/stm32f4xx_hal_gpio.o
                0x08001b8c                HAL_GPIO_ReadPin
 .text.HAL_GPIO_WritePin
                0x08001b9a        0xc build/debug/Drivers/STM32F4xx_HAL_Driver/Src/stm32f4xx_hal_gpio.o
                0x08001b9a                HAL_GPIO_WritePin
 .text.I2C_IsAcknowledgeFailed
                0x08001ba6       0x32 build/debug/Drivers/STM32F4xx_HAL_Driver/Src/stm32f4xx_hal_i2c.o
 .text.I2C_WaitOnFlagUntilTimeout
                0x08001bd8       0xaa build/debug/Drivers/STM32F4xx_HAL_Driver/Src/stm32f4xx_hal_i2c.o
 .text.I2C_WaitOnMasterAddressFlagUntilTimeout
                0x08001c82       0xd6 build/debug/Drivers/STM32F4xx_HAL_Driver/Src/stm32f4xx_hal_i2c.o
 .text.I2C_WaitOnTXEFlagUntilTimeout
                0x08001d58       0x5e build/debug/Drivers/STM32F4xx_HAL_Driver/Src/stm32f4xx_hal_i2c.o
 *fill*         0x08001db6        0x2 
 .text.I2C_RequestMemoryWrite
                0x08001db8       0xd8 build/debug/Drivers/STM32F4xx_HAL_Driver/Src/stm32f4xx_hal_i2c.o
 .text.I2C_WaitOnBTFFlagUntilTimeout
                0x08001e90       0x5e build/debug/Drivers/STM32F4xx_HAL_Driver/Src/stm32f4xx_hal_i2c.o
 *fill*         0x08001eee        0x2 
 .text.HAL_I2C_Init
                0x08001ef0      0x1bc build/debug/Drivers/STM32F4xx_HAL_Driver/Src/stm32f4xx_hal_i2c.o
                0x08001ef0                HAL_I2C_Init
 .text.HAL_I2C_Mem_Write
                0x080020ac      0x164 build/debug/Drivers/STM32F4xx_HAL_Driver/Src/stm32f4xx_hal_i2c.o
                0x080020ac                HAL_I2C_Mem_Write
 .text.HAL_I2C_IsDeviceReady
                0x08002210      0x194 build/debug/Drivers/STM32F4xx_HAL_Driver/Src/stm32f4xx_hal_i2c.o
                0x08002210                HAL_I2C_IsDeviceReady
 .text.HAL_RCC_OscConfig
                0x080023a4      0x3f8 build/debug/Drivers/STM32F4xx_HAL_Driver/Src/stm32f4xx_hal_rcc.o
                0x080023a4                HAL_RCC_OscConfig
 .text.HAL_RCC_GetSysClockFreq
                0x0800279c       0xa8 build/debug/Drivers/STM32F4xx_HAL_Driver/Src/stm32f4xx_hal_rcc.o
                0x0800279c                HAL_RCC_GetSysClockFreq
 .text.HAL_RCC_ClockConfig
                0x08002844      0x160 build/debug/Drivers/STM32F4xx_HAL_Driver/Src/stm32f4xx_hal_rcc.o
                0x08002844                HAL_RCC_ClockConfig
 .text.HAL_RCC_GetHCLKFreq
                0x080029a4        0xc build/debug/Drivers/STM32F4xx_HAL_Driver/Src/stm32f4xx_hal_rcc.o
                0x080029a4                HAL_RCC_GetHCLKFreq
 .text.HAL_RCC_GetPCLK1Freq
                0x080029b0       0x20 build/debug/Drivers/STM32F4xx_HAL_Driver/Src/stm32f4xx_hal_rcc.o
                0x080029b0                HAL_RCC_GetPCLK1Freq
 .text.HAL_RCC_GetPCLK2Freq
                0x080029d0       0x20 build/debug/Drivers/STM32F4xx_HAL_Driver/Src/stm32f4xx_hal_rcc.o
                0x080029d0                HAL_RCC_GetPCLK2Freq
 .text.SD_PowerON
                0x080029f0       0xc0 build/debug/Drivers/STM32F4xx_HAL_Driver/Src/stm32f4xx_hal_sd.o
 .text.SD_SendStatus
                0x08002ab0       0x2c build/debug/Drivers/STM32F4xx_HAL_Driver/Src/stm32f4xx_hal_sd.o
 .text.HAL_SD_ReadBlocks
                0x08002adc      0x250 build/debug/Drivers/STM32F4xx_HAL_Driver/Src/stm32f4xx_hal_sd.o
                0x08002adc                HAL_SD_ReadBlocks
 .text.HAL_SD_WriteBlocks
                0x08002d2c      0x20c build/debug/Drivers/STM32F4xx_HAL_Driver/Src/stm32f4xx_hal_sd.o
                0x08002d2c                HAL_SD_WriteBlocks
 .text.HAL_SD_GetCardCSD
                0x08002f38      0x1b8 build/debug/Drivers/STM32F4xx_HAL_Driver/Src/stm32f4xx_hal_sd.o
                0x08002f38                HAL_SD_GetCardCSD
 .text.SD_InitCard
                0x080030f0      0x100 build/debug/Drivers/STM32F4xx_HAL_Driver/Src/stm32f4xx_hal_sd.o
 .text.HAL_SD_InitCard
                0x080031f0       0xa8 build/debug/Drivers/STM32F4xx_HAL_Driver/Src/stm32f4xx_hal_sd.o
                0x080031f0                HAL_SD_InitCard
 .text.HAL_SD_Init
                0x08003298       0x36 build/debug/Drivers/STM32F4xx_HAL_Driver/Src/stm32f4xx_hal_sd.o
                0x08003298                HAL_SD_Init
 .text.HAL_SD_GetCardInfo
                0x080032ce       0x24 build/debug/Drivers/STM32F4xx_HAL_Driver/Src/stm32f4xx_hal_sd.o
                0x080032ce                HAL_SD_GetCardInfo
 .text.HAL_SD_GetCardState
                0x080032f2       0x22 build/debug/Drivers/STM32F4xx_HAL_Driver/Src/stm32f4xx_hal_sd.o
                0x080032f2                HAL_SD_GetCardState
 .text.SPI_WaitFlagStateUntilTimeout
                0x08003314       0xc8 build/debug/Drivers/STM32F4xx_HAL_Driver/Src/stm32f4xx_hal_spi.o
 .text.SPI_EndRxTxTransaction
                0x080033dc       0x80 build/debug/Drivers/STM32F4xx_HAL_Driver/Src/stm32f4xx_hal_spi.o
 .text.SPI_EndRxTransaction
                0x0800345c       0x8c build/debug/Drivers/STM32F4xx_HAL_Driver/Src/stm32f4xx_hal_spi.o
 .text.HAL_SPI_Init
                0x080034e8       0xbe build/debug/Drivers/STM32F4xx_HAL_Driver/Src/stm32f4xx_hal_spi.o
                0x080034e8                HAL_SPI_Init
 .text.HAL_SPI_Transmit
                0x080035a6      0x1c4 build/debug/Drivers/STM32F4xx_HAL_Driver/Src/stm32f4xx_hal_spi.o
                0x080035a6                HAL_SPI_Transmit
 .text.HAL_SPI_TransmitReceive
                0x0800376a      0x254 build/debug/Drivers/STM32F4xx_HAL_Driver/Src/stm32f4xx_hal_spi.o
                0x0800376a                HAL_SPI_TransmitReceive
 .text.HAL_SPI_Receive
                0x080039be      0x188 build/debug/Drivers/STM32F4xx_HAL_Driver/Src/stm32f4xx_hal_spi.o
                0x080039be                HAL_SPI_Receive
 .text.UART_EndRxTransfer
                0x08003b46       0x5c build/debug/Drivers/STM32F4xx_HAL_Driver/Src/stm32f4xx_hal_uart.o
 *fill*         0x08003ba2        0x2 
 .text.UART_SetConfig
                0x08003ba4      0x110 build/debug/Drivers/STM32F4xx_HAL_Driver/Src/stm32f4xx_hal_uart.o
 .text.UART_WaitOnFlagUntilTimeout
                0x08003cb4       0x86 build/debug/Drivers/STM32F4xx_HAL_Driver/Src/stm32f4xx_hal_uart.o
 .text.HAL_UART_Init
                0x08003d3a       0x60 build/debug/Drivers/STM32F4xx_HAL_Driver/Src/stm32f4xx_hal_uart.o
                0x08003d3a                HAL_UART_Init
 .text.HAL_UART_Transmit
                0x08003d9a       0xcc build/debug/Drivers/STM32F4xx_HAL_Driver/Src/stm32f4xx_hal_uart.o
                0x08003d9a                HAL_UART_Transmit
 *fill*         0x08003e66        0x2 
 .text.SDMMC_GetCmdError
                0x08003e68       0x38 build/debug/Drivers/STM32F4xx_HAL_Driver/Src/stm32f4xx_ll_sdmmc.o
 .text.SDIO_Init
                0x08003ea0       0x32 build/debug/Drivers/STM32F4xx_HAL_Driver/Src/stm32f4xx_ll_sdmmc.o
                0x08003ea0                SDIO_Init
 .text.SDIO_ReadFIFO
                0x08003ed2        0x6 build/debug/Drivers/STM32F4xx_HAL_Driver/Src/stm32f4xx_ll_sdmmc.o
                0x08003ed2                SDIO_ReadFIFO
 .text.SDIO_WriteFIFO
                0x08003ed8        0xa build/debug/Drivers/STM32F4xx_HAL_Driver/Src/stm32f4xx_ll_sdmmc.o
                0x08003ed8                SDIO_WriteFIFO
 .text.SDIO_PowerState_ON
                0x08003ee2        0x8 build/debug/Drivers/STM32F4xx_HAL_Driver/Src/stm32f4xx_ll_sdmmc.o
                0x08003ee2                SDIO_PowerState_ON
 .text.SDIO_GetPowerState
                0x08003eea        0x8 build/debug/Drivers/STM32F4xx_HAL_Driver/Src/stm32f4xx_ll_sdmmc.o
                0x08003eea                SDIO_GetPowerState
 .text.SDIO_SendCommand
                0x08003ef2       0x20 build/debug/Drivers/STM32F4xx_HAL_Driver/Src/stm32f4xx_ll_sdmmc.o
                0x08003ef2                SDIO_SendCommand
 .text.SDIO_GetCommandResponse
                0x08003f12        0x6 build/debug/Drivers/STM32F4xx_HAL_Driver/Src/stm32f4xx_ll_sdmmc.o
                0x08003f12                SDIO_GetCommandResponse
 .text.SDIO_GetResponse
                0x08003f18        0x6 build/debug/Drivers/STM32F4xx_HAL_Driver/Src/stm32f4xx_ll_sdmmc.o
                0x08003f18                SDIO_GetResponse
 .text.SDIO_ConfigData
                0x08003f1e       0x24 build/debug/Drivers/STM32F4xx_HAL_Driver/Src/stm32f4xx_ll_sdmmc.o
                0x08003f1e                SDIO_ConfigData
 .text.SDMMC_CmdGoIdleState
                0x08003f42       0x26 build/debug/Drivers/STM32F4xx_HAL_Driver/Src/stm32f4xx_ll_sdmmc.o
                0x08003f42                SDMMC_CmdGoIdleState
 .text.SDMMC_GetCmdResp1
                0x08003f68      0x154 build/debug/Drivers/STM32F4xx_HAL_Driver/Src/stm32f4xx_ll_sdmmc.o
                0x08003f68                SDMMC_GetCmdResp1
 .text.SDMMC_CmdBlockLength
                0x080040bc       0x30 build/debug/Drivers/STM32F4xx_HAL_Driver/Src/stm32f4xx_ll_sdmmc.o
                0x080040bc                SDMMC_CmdBlockLength
 .text.SDMMC_CmdReadSingleBlock
                0x080040ec       0x30 build/debug/Drivers/STM32F4xx_HAL_Driver/Src/stm32f4xx_ll_sdmmc.o
                0x080040ec                SDMMC_CmdReadSingleBlock
 .text.SDMMC_CmdReadMultiBlock
                0x0800411c       0x30 build/debug/Drivers/STM32F4xx_HAL_Driver/Src/stm32f4xx_ll_sdmmc.o
                0x0800411c                SDMMC_CmdReadMultiBlock
 .text.SDMMC_CmdWriteSingleBlock
                0x0800414c       0x30 build/debug/Drivers/STM32F4xx_HAL_Driver/Src/stm32f4xx_ll_sdmmc.o
                0x0800414c                SDMMC_CmdWriteSingleBlock
 .text.SDMMC_CmdWriteMultiBlock
                0x0800417c       0x30 build/debug/Drivers/STM32F4xx_HAL_Driver/Src/stm32f4xx_ll_sdmmc.o
                0x0800417c                SDMMC_CmdWriteMultiBlock
 .text.SDMMC_CmdStopTransfer
                0x080041ac       0x34 build/debug/Drivers/STM32F4xx_HAL_Driver/Src/stm32f4xx_ll_sdmmc.o
                0x080041ac                SDMMC_CmdStopTransfer
 .text.SDMMC_CmdSelDesel
                0x080041e0       0x30 build/debug/Drivers/STM32F4xx_HAL_Driver/Src/stm32f4xx_ll_sdmmc.o
                0x080041e0                SDMMC_CmdSelDesel
 .text.SDMMC_CmdAppCommand
                0x08004210       0x30 build/debug/Drivers/STM32F4xx_HAL_Driver/Src/stm32f4xx_ll_sdmmc.o
                0x08004210                SDMMC_CmdAppCommand
 .text.SDMMC_CmdSendStatus
                0x08004240       0x30 build/debug/Drivers/STM32F4xx_HAL_Driver/Src/stm32f4xx_ll_sdmmc.o
                0x08004240                SDMMC_CmdSendStatus
 .text.SDMMC_GetCmdResp2
                0x08004270       0x5c build/debug/Drivers/STM32F4xx_HAL_Driver/Src/stm32f4xx_ll_sdmmc.o
                0x08004270                SDMMC_GetCmdResp2
 .text.SDMMC_CmdSendCID
                0x080042cc       0x2a build/debug/Drivers/STM32F4xx_HAL_Driver/Src/stm32f4xx_ll_sdmmc.o
                0x080042cc                SDMMC_CmdSendCID
 .text.SDMMC_CmdSendCSD
                0x080042f6       0x2a build/debug/Drivers/STM32F4xx_HAL_Driver/Src/stm32f4xx_ll_sdmmc.o
                0x080042f6                SDMMC_CmdSendCSD
 .text.SDMMC_GetCmdResp3
                0x08004320       0x4c build/debug/Drivers/STM32F4xx_HAL_Driver/Src/stm32f4xx_ll_sdmmc.o
                0x08004320                SDMMC_GetCmdResp3
 .text.SDMMC_CmdAppOperCommand
                0x0800436c       0x32 build/debug/Drivers/STM32F4xx_HAL_Driver/Src/stm32f4xx_ll_sdmmc.o
                0x0800436c                SDMMC_CmdAppOperCommand
 *fill*         0x0800439e        0x2 
 .text.SDMMC_GetCmdResp6
                0x080043a0       0xa0 build/debug/Drivers/STM32F4xx_HAL_Driver/Src/stm32f4xx_ll_sdmmc.o
                0x080043a0                SDMMC_GetCmdResp6
 .text.SDMMC_CmdSetRelAdd
                0x08004440       0x30 build/debug/Drivers/STM32F4xx_HAL_Driver/Src/stm32f4xx_ll_sdmmc.o
                0x08004440                SDMMC_CmdSetRelAdd
 .text.SDMMC_GetCmdResp7
                0x08004470       0x64 build/debug/Drivers/STM32F4xx_HAL_Driver/Src/stm32f4xx_ll_sdmmc.o
                0x08004470                SDMMC_GetCmdResp7
 .text.SDMMC_CmdOperCond
                0x080044d4       0x2e build/debug/Drivers/STM32F4xx_HAL_Driver/Src/stm32f4xx_ll_sdmmc.o
                0x080044d4                SDMMC_CmdOperCond
 *fill*         0x08004502        0x2 
 .text.MX_FATFS_Init
                0x08004504       0x1c build/debug/FATFS/App/fatfs.o
                0x08004504                MX_FATFS_Init
 .text.BSP_SD_ReadBlocks
                0x08004520       0x20 build/debug/FATFS/Target/bsp_driver_sd.o
                0x08004520                BSP_SD_ReadBlocks
 .text.BSP_SD_WriteBlocks
                0x08004540       0x20 build/debug/FATFS/Target/bsp_driver_sd.o
                0x08004540                BSP_SD_WriteBlocks
 .text.BSP_SD_GetCardState
                0x08004560       0x14 build/debug/FATFS/Target/bsp_driver_sd.o
                0x08004560                BSP_SD_GetCardState
 .text.BSP_SD_GetCardInfo
                0x08004574       0x10 build/debug/FATFS/Target/bsp_driver_sd.o
                0x08004574                BSP_SD_GetCardInfo
 .text.BSP_SD_IsDetected
                0x08004584       0x20 build/debug/FATFS/Target/bsp_driver_sd.o
                0x08004584                BSP_SD_IsDetected
 .text.BSP_SD_Init
                0x080045a4       0x1c build/debug/FATFS/Target/bsp_driver_sd.o
                0x080045a4                BSP_SD_Init
 .text.BSP_PlatformIsDetected
                0x080045c0       0x18 build/debug/FATFS/Target/fatfs_platform.o
                0x080045c0                BSP_PlatformIsDetected
 .text.SD_CheckStatus
                0x080045d8       0x24 build/debug/FATFS/Target/sd_diskio.o
 .text.SD_initialize
                0x080045fc       0x28 build/debug/FATFS/Target/sd_diskio.o
                0x080045fc                SD_initialize
 .text.SD_status
                0x08004624        0x8 build/debug/FATFS/Target/sd_diskio.o
                0x08004624                SD_status
 .text.SD_read  0x0800462c       0x24 build/debug/FATFS/Target/sd_diskio.o
                0x0800462c                SD_read
 .text.SD_write
                0x08004650       0x24 build/debug/FATFS/Target/sd_diskio.o
                0x08004650                SD_write
 .text.SD_ioctl
                0x08004674       0x58 build/debug/FATFS/Target/sd_diskio.o
                0x08004674                SD_ioctl
 .text.FATFS_LinkDriverEx
                0x080046cc       0x54 build/debug/Middlewares/Third_Party/FatFs/src/ff_gen_drv.o
                0x080046cc                FATFS_LinkDriverEx
 .text.FATFS_LinkDriver
                0x08004720        0xa build/debug/Middlewares/Third_Party/FatFs/src/ff_gen_drv.o
                0x08004720                FATFS_LinkDriver
 *fill*         0x0800472a        0x2 
 .text.Reset_Handler
                0x0800472c       0x50 build/debug/startup_stm32f405xx.o
                0x0800472c                Reset_Handler
 .text.Default_Handler
                0x0800477c        0x2 build/debug/startup_stm32f405xx.o
                0x0800477c                RTC_Alarm_IRQHandler
                0x0800477c                HASH_RNG_IRQHandler
                0x0800477c                EXTI2_IRQHandler
                0x0800477c                TIM8_CC_IRQHandler
                0x0800477c                TIM1_CC_IRQHandler
                0x0800477c                DMA2_Stream5_IRQHandler
                0x0800477c                DMA1_Stream5_IRQHandler
                0x0800477c                PVD_IRQHandler
                0x0800477c                SDIO_IRQHandler
                0x0800477c                TAMP_STAMP_IRQHandler
                0x0800477c                CAN2_RX1_IRQHandler
                0x0800477c                EXTI3_IRQHandler
                0x0800477c                TIM8_TRG_COM_TIM14_IRQHandler
                0x0800477c                TIM1_UP_TIM10_IRQHandler
                0x0800477c                TIM8_UP_TIM13_IRQHandler
                0x0800477c                I2C3_ER_IRQHandler
                0x0800477c                EXTI0_IRQHandler
                0x0800477c                I2C2_EV_IRQHandler
                0x0800477c                DMA1_Stream2_IRQHandler
                0x0800477c                CAN1_RX0_IRQHandler
                0x0800477c                FPU_IRQHandler
                0x0800477c                OTG_HS_WKUP_IRQHandler
                0x0800477c                CAN2_SCE_IRQHandler
                0x0800477c                DMA2_Stream2_IRQHandler
                0x0800477c                SPI1_IRQHandler
                0x0800477c                TIM6_DAC_IRQHandler
                0x0800477c                TIM1_BRK_TIM9_IRQHandler
                0x0800477c                CAN2_RX0_IRQHandler
                0x0800477c                DMA2_Stream3_IRQHandler
                0x0800477c                USART6_IRQHandler
                0x0800477c                USART3_IRQHandler
                0x0800477c                CAN1_RX1_IRQHandler
                0x0800477c                UART5_IRQHandler
                0x0800477c                DMA2_Stream0_IRQHandler
                0x0800477c                TIM4_IRQHandler
                0x0800477c                I2C1_EV_IRQHandler
                0x0800477c                DMA1_Stream6_IRQHandler
                0x0800477c                DMA1_Stream1_IRQHandler
                0x0800477c                UART4_IRQHandler
                0x0800477c                TIM3_IRQHandler
                0x0800477c                RCC_IRQHandler
                0x0800477c                TIM8_BRK_TIM12_IRQHandler
                0x0800477c                Default_Handler
                0x0800477c                EXTI15_10_IRQHandler
                0x0800477c                ADC_IRQHandler
                0x0800477c                DMA1_Stream7_IRQHandler
                0x0800477c                TIM7_IRQHandler
                0x0800477c                CAN2_TX_IRQHandler
                0x0800477c                TIM5_IRQHandler
                0x0800477c                DMA2_Stream7_IRQHandler
                0x0800477c                I2C3_EV_IRQHandler
                0x0800477c                EXTI9_5_IRQHandler
                0x0800477c                RTC_WKUP_IRQHandler
                0x0800477c                SPI2_IRQHandler
                0x0800477c                OTG_HS_EP1_IN_IRQHandler
                0x0800477c                DMA1_Stream0_IRQHandler
                0x0800477c                CAN1_TX_IRQHandler
                0x0800477c                EXTI4_IRQHandler
                0x0800477c                FSMC_IRQHandler
                0x0800477c                OTG_HS_EP1_OUT_IRQHandler
                0x0800477c                WWDG_IRQHandler
                0x0800477c                TIM2_IRQHandler
                0x0800477c                OTG_FS_WKUP_IRQHandler
                0x0800477c                TIM1_TRG_COM_TIM11_IRQHandler
                0x0800477c                OTG_HS_IRQHandler
                0x0800477c                EXTI1_IRQHandler
                0x0800477c                USART2_IRQHandler
                0x0800477c                I2C2_ER_IRQHandler
                0x0800477c                DMA2_Stream1_IRQHandler
                0x0800477c                CAN1_SCE_IRQHandler
                0x0800477c                FLASH_IRQHandler
                0x0800477c                DMA2_Stream4_IRQHandler
                0x0800477c                USART1_IRQHandler
                0x0800477c                OTG_FS_IRQHandler
                0x0800477c                SPI3_IRQHandler
                0x0800477c                DMA1_Stream4_IRQHandler
                0x0800477c                I2C1_ER_IRQHandler
                0x0800477c                DMA2_Stream6_IRQHandler
                0x0800477c                DMA1_Stream3_IRQHandler
 .text.__cvt    0x0800477e       0xca C:/PROGRAM FILES (X86)/ARM GNU TOOLCHAIN ARM-NONE-EABI/13.3 REL1/BIN/../lib/gcc/arm-none-eabi/13.3.1/thumb/v7e-m+fp/hard\libc_nano.a(libc_a-nano-vfprintf_float.o)
                0x0800477e                __cvt
 .text.__exponent
                0x08004848       0x74 C:/PROGRAM FILES (X86)/ARM GNU TOOLCHAIN ARM-NONE-EABI/13.3 REL1/BIN/../lib/gcc/arm-none-eabi/13.3.1/thumb/v7e-m+fp/hard\libc_nano.a(libc_a-nano-vfprintf_float.o)
                0x08004848                __exponent
 .text._printf_float
                0x080048bc      0x454 C:/PROGRAM FILES (X86)/ARM GNU TOOLCHAIN ARM-NONE-EABI/13.3 REL1/BIN/../lib/gcc/arm-none-eabi/13.3.1/thumb/v7e-m+fp/hard\libc_nano.a(libc_a-nano-vfprintf_float.o)
                0x080048bc                _printf_float
 .text._printf_common
                0x08004d10       0xda C:/PROGRAM FILES (X86)/ARM GNU TOOLCHAIN ARM-NONE-EABI/13.3 REL1/BIN/../lib/gcc/arm-none-eabi/13.3.1/thumb/v7e-m+fp/hard\libc_nano.a(libc_a-nano-vfprintf_i.o)
                0x08004d10                _printf_common
 *fill*         0x08004dea        0x2 
 .text._printf_i
                0x08004dec      0x23c C:/PROGRAM FILES (X86)/ARM GNU TOOLCHAIN ARM-NONE-EABI/13.3 REL1/BIN/../lib/gcc/arm-none-eabi/13.3.1/thumb/v7e-m+fp/hard\libc_nano.a(libc_a-nano-vfprintf_i.o)
                0x08004dec                _printf_i
 .text._scanf_float
                0x08005028      0x428 C:/PROGRAM FILES (X86)/ARM GNU TOOLCHAIN ARM-NONE-EABI/13.3 REL1/BIN/../lib/gcc/arm-none-eabi/13.3.1/thumb/v7e-m+fp/hard\libc_nano.a(libc_a-nano-vfscanf_float.o)
                0x08005028                _scanf_float
 .text.std      0x08005450       0x6c C:/PROGRAM FILES (X86)/ARM GNU TOOLCHAIN ARM-NONE-EABI/13.3 REL1/BIN/../lib/gcc/arm-none-eabi/13.3.1/thumb/v7e-m+fp/hard\libc_nano.a(libc_a-findfp.o)
 .text.stdio_exit_handler
                0x080054bc       0x18 C:/PROGRAM FILES (X86)/ARM GNU TOOLCHAIN ARM-NONE-EABI/13.3 REL1/BIN/../lib/gcc/arm-none-eabi/13.3.1/thumb/v7e-m+fp/hard\libc_nano.a(libc_a-findfp.o)
 .text.cleanup_stdio
                0x080054d4       0x40 C:/PROGRAM FILES (X86)/ARM GNU TOOLCHAIN ARM-NONE-EABI/13.3 REL1/BIN/../lib/gcc/arm-none-eabi/13.3.1/thumb/v7e-m+fp/hard\libc_nano.a(libc_a-findfp.o)
 .text.global_stdio_init.part.0
                0x08005514       0x3c C:/PROGRAM FILES (X86)/ARM GNU TOOLCHAIN ARM-NONE-EABI/13.3 REL1/BIN/../lib/gcc/arm-none-eabi/13.3.1/thumb/v7e-m+fp/hard\libc_nano.a(libc_a-findfp.o)
 .text.__sfp_lock_acquire
                0x08005550        0xc C:/PROGRAM FILES (X86)/ARM GNU TOOLCHAIN ARM-NONE-EABI/13.3 REL1/BIN/../lib/gcc/arm-none-eabi/13.3.1/thumb/v7e-m+fp/hard\libc_nano.a(libc_a-findfp.o)
                0x08005550                __sfp_lock_acquire
 .text.__sfp_lock_release
                0x0800555c        0xc C:/PROGRAM FILES (X86)/ARM GNU TOOLCHAIN ARM-NONE-EABI/13.3 REL1/BIN/../lib/gcc/arm-none-eabi/13.3.1/thumb/v7e-m+fp/hard\libc_nano.a(libc_a-findfp.o)
                0x0800555c                __sfp_lock_release
 .text.__sinit  0x08005568       0x30 C:/PROGRAM FILES (X86)/ARM GNU TOOLCHAIN ARM-NONE-EABI/13.3 REL1/BIN/../lib/gcc/arm-none-eabi/13.3.1/thumb/v7e-m+fp/hard\libc_nano.a(libc_a-findfp.o)
                0x08005568                __sinit
 .text._fwalk_sglue
                0x08005598       0x3c C:/PROGRAM FILES (X86)/ARM GNU TOOLCHAIN ARM-NONE-EABI/13.3 REL1/BIN/../lib/gcc/arm-none-eabi/13.3.1/thumb/v7e-m+fp/hard\libc_nano.a(libc_a-fwalk.o)
                0x08005598                _fwalk_sglue
 .text.printf   0x080055d4       0x24 C:/PROGRAM FILES (X86)/ARM GNU TOOLCHAIN ARM-NONE-EABI/13.3 REL1/BIN/../lib/gcc/arm-none-eabi/13.3.1/thumb/v7e-m+fp/hard\libc_nano.a(libc_a-printf.o)
                0x080055d4                iprintf
                0x080055d4                printf
 .text.sprintf  0x080055f8       0x44 C:/PROGRAM FILES (X86)/ARM GNU TOOLCHAIN ARM-NONE-EABI/13.3 REL1/BIN/../lib/gcc/arm-none-eabi/13.3.1/thumb/v7e-m+fp/hard\libc_nano.a(libc_a-sprintf.o)
                0x080055f8                siprintf
                0x080055f8                sprintf
 .text.__sread  0x0800563c       0x22 C:/PROGRAM FILES (X86)/ARM GNU TOOLCHAIN ARM-NONE-EABI/13.3 REL1/BIN/../lib/gcc/arm-none-eabi/13.3.1/thumb/v7e-m+fp/hard\libc_nano.a(libc_a-stdio.o)
                0x0800563c                __sread
 .text.__swrite
                0x0800565e       0x38 C:/PROGRAM FILES (X86)/ARM GNU TOOLCHAIN ARM-NONE-EABI/13.3 REL1/BIN/../lib/gcc/arm-none-eabi/13.3.1/thumb/v7e-m+fp/hard\libc_nano.a(libc_a-stdio.o)
                0x0800565e                __swrite
 .text.__sseek  0x08005696       0x24 C:/PROGRAM FILES (X86)/ARM GNU TOOLCHAIN ARM-NONE-EABI/13.3 REL1/BIN/../lib/gcc/arm-none-eabi/13.3.1/thumb/v7e-m+fp/hard\libc_nano.a(libc_a-stdio.o)
                0x08005696                __sseek
 .text.__sclose
                0x080056ba        0x8 C:/PROGRAM FILES (X86)/ARM GNU TOOLCHAIN ARM-NONE-EABI/13.3 REL1/BIN/../lib/gcc/arm-none-eabi/13.3.1/thumb/v7e-m+fp/hard\libc_nano.a(libc_a-stdio.o)
                0x080056ba                __sclose
 .text.memset   0x080056c2       0x10 C:/PROGRAM FILES (X86)/ARM GNU TOOLCHAIN ARM-NONE-EABI/13.3 REL1/BIN/../lib/gcc/arm-none-eabi/13.3.1/thumb/v7e-m+fp/hard\libc_nano.a(libc_a-memset.o)
                0x080056c2                memset
 *fill*         0x080056d2        0x2 
 .text._localeconv_r
                0x080056d4        0x8 C:/PROGRAM FILES (X86)/ARM GNU TOOLCHAIN ARM-NONE-EABI/13.3 REL1/BIN/../lib/gcc/arm-none-eabi/13.3.1/thumb/v7e-m+fp/hard\libc_nano.a(libc_a-localeconv.o)
                0x080056d4                _localeconv_r
 .text._close_r
                0x080056dc       0x20 C:/PROGRAM FILES (X86)/ARM GNU TOOLCHAIN ARM-NONE-EABI/13.3 REL1/BIN/../lib/gcc/arm-none-eabi/13.3.1/thumb/v7e-m+fp/hard\libc_nano.a(libc_a-closer.o)
                0x080056dc                _close_r
 .text._lseek_r
                0x080056fc       0x24 C:/PROGRAM FILES (X86)/ARM GNU TOOLCHAIN ARM-NONE-EABI/13.3 REL1/BIN/../lib/gcc/arm-none-eabi/13.3.1/thumb/v7e-m+fp/hard\libc_nano.a(libc_a-lseekr.o)
                0x080056fc                _lseek_r
 .text._read_r  0x08005720       0x24 C:/PROGRAM FILES (X86)/ARM GNU TOOLCHAIN ARM-NONE-EABI/13.3 REL1/BIN/../lib/gcc/arm-none-eabi/13.3.1/thumb/v7e-m+fp/hard\libc_nano.a(libc_a-readr.o)
                0x08005720                _read_r
 .text._write_r
                0x08005744       0x24 C:/PROGRAM FILES (X86)/ARM GNU TOOLCHAIN ARM-NONE-EABI/13.3 REL1/BIN/../lib/gcc/arm-none-eabi/13.3.1/thumb/v7e-m+fp/hard\libc_nano.a(libc_a-writer.o)
                0x08005744                _write_r
 .text.__errno  0x08005768        0xc C:/PROGRAM FILES (X86)/ARM GNU TOOLCHAIN ARM-NONE-EABI/13.3 REL1/BIN/../lib/gcc/arm-none-eabi/13.3.1/thumb/v7e-m+fp/hard\libc_nano.a(libc_a-errno.o)
                0x08005768                __errno
 .text.__libc_init_array
                0x08005774       0x48 C:/PROGRAM FILES (X86)/ARM GNU TOOLCHAIN ARM-NONE-EABI/13.3 REL1/BIN/../lib/gcc/arm-none-eabi/13.3.1/thumb/v7e-m+fp/hard\libc_nano.a(libc_a-init.o)
                0x08005774                __libc_init_array
 .text.__retarget_lock_init_recursive
                0x080057bc        0x2 C:/PROGRAM FILES (X86)/ARM GNU TOOLCHAIN ARM-NONE-EABI/13.3 REL1/BIN/../lib/gcc/arm-none-eabi/13.3.1/thumb/v7e-m+fp/hard\libc_nano.a(libc_a-lock.o)
                0x080057bc                __retarget_lock_init_recursive
 .text.__retarget_lock_acquire_recursive
                0x080057be        0x2 C:/PROGRAM FILES (X86)/ARM GNU TOOLCHAIN ARM-NONE-EABI/13.3 REL1/BIN/../lib/gcc/arm-none-eabi/13.3.1/thumb/v7e-m+fp/hard\libc_nano.a(libc_a-lock.o)
                0x080057be                __retarget_lock_acquire_recursive
 .text.__retarget_lock_release_recursive
                0x080057c0        0x2 C:/PROGRAM FILES (X86)/ARM GNU TOOLCHAIN ARM-NONE-EABI/13.3 REL1/BIN/../lib/gcc/arm-none-eabi/13.3.1/thumb/v7e-m+fp/hard\libc_nano.a(libc_a-lock.o)
                0x080057c0                __retarget_lock_release_recursive
 *fill*         0x080057c2        0x2 
 .text.nanf     0x080057c4        0xc C:/PROGRAM FILES (X86)/ARM GNU TOOLCHAIN ARM-NONE-EABI/13.3 REL1/BIN/../lib/gcc/arm-none-eabi/13.3.1/thumb/v7e-m+fp/hard\libc_nano.a(libm_a-sf_nan.o)
                0x080057c4                nanf
 .text.quorem   0x080057d0      0x110 C:/PROGRAM FILES (X86)/ARM GNU TOOLCHAIN ARM-NONE-EABI/13.3 REL1/BIN/../lib/gcc/arm-none-eabi/13.3.1/thumb/v7e-m+fp/hard\libc_nano.a(libc_a-dtoa.o)
 .text._dtoa_r  0x080058e0      0xb74 C:/PROGRAM FILES (X86)/ARM GNU TOOLCHAIN ARM-NONE-EABI/13.3 REL1/BIN/../lib/gcc/arm-none-eabi/13.3.1/thumb/v7e-m+fp/hard\libc_nano.a(libc_a-dtoa.o)
                0x080058e0                _dtoa_r
 .text._free_r  0x08006454       0x94 C:/PROGRAM FILES (X86)/ARM GNU TOOLCHAIN ARM-NONE-EABI/13.3 REL1/BIN/../lib/gcc/arm-none-eabi/13.3.1/thumb/v7e-m+fp/hard\libc_nano.a(libc_a-freer.o)
                0x08006454                _free_r
 .text.malloc   0x080064e8       0x10 C:/PROGRAM FILES (X86)/ARM GNU TOOLCHAIN ARM-NONE-EABI/13.3 REL1/BIN/../lib/gcc/arm-none-eabi/13.3.1/thumb/v7e-m+fp/hard\libc_nano.a(libc_a-malloc.o)
                0x080064e8                malloc
 .text.sbrk_aligned
                0x080064f8       0x44 C:/PROGRAM FILES (X86)/ARM GNU TOOLCHAIN ARM-NONE-EABI/13.3 REL1/BIN/../lib/gcc/arm-none-eabi/13.3.1/thumb/v7e-m+fp/hard\libc_nano.a(libc_a-mallocr.o)
 .text._malloc_r
                0x0800653c      0x100 C:/PROGRAM FILES (X86)/ARM GNU TOOLCHAIN ARM-NONE-EABI/13.3 REL1/BIN/../lib/gcc/arm-none-eabi/13.3.1/thumb/v7e-m+fp/hard\libc_nano.a(libc_a-mallocr.o)
                0x0800653c                _malloc_r
 .text.__malloc_lock
                0x0800663c        0xc C:/PROGRAM FILES (X86)/ARM GNU TOOLCHAIN ARM-NONE-EABI/13.3 REL1/BIN/../lib/gcc/arm-none-eabi/13.3.1/thumb/v7e-m+fp/hard\libc_nano.a(libc_a-mlock.o)
                0x0800663c                __malloc_lock
 .text.__malloc_unlock
                0x08006648        0xc C:/PROGRAM FILES (X86)/ARM GNU TOOLCHAIN ARM-NONE-EABI/13.3 REL1/BIN/../lib/gcc/arm-none-eabi/13.3.1/thumb/v7e-m+fp/hard\libc_nano.a(libc_a-mlock.o)
                0x08006648                __malloc_unlock
 .text._Balloc  0x08006654       0x80 C:/PROGRAM FILES (X86)/ARM GNU TOOLCHAIN ARM-NONE-EABI/13.3 REL1/BIN/../lib/gcc/arm-none-eabi/13.3.1/thumb/v7e-m+fp/hard\libc_nano.a(libc_a-mprec.o)
                0x08006654                _Balloc
 .text._Bfree   0x080066d4       0x44 C:/PROGRAM FILES (X86)/ARM GNU TOOLCHAIN ARM-NONE-EABI/13.3 REL1/BIN/../lib/gcc/arm-none-eabi/13.3.1/thumb/v7e-m+fp/hard\libc_nano.a(libc_a-mprec.o)
                0x080066d4                _Bfree
 .text.__multadd
                0x08006718       0x8c C:/PROGRAM FILES (X86)/ARM GNU TOOLCHAIN ARM-NONE-EABI/13.3 REL1/BIN/../lib/gcc/arm-none-eabi/13.3.1/thumb/v7e-m+fp/hard\libc_nano.a(libc_a-mprec.o)
                0x08006718                __multadd
 .text.__s2b    0x080067a4       0x94 C:/PROGRAM FILES (X86)/ARM GNU TOOLCHAIN ARM-NONE-EABI/13.3 REL1/BIN/../lib/gcc/arm-none-eabi/13.3.1/thumb/v7e-m+fp/hard\libc_nano.a(libc_a-mprec.o)
                0x080067a4                __s2b
 .text.__hi0bits
                0x08006838       0x3e C:/PROGRAM FILES (X86)/ARM GNU TOOLCHAIN ARM-NONE-EABI/13.3 REL1/BIN/../lib/gcc/arm-none-eabi/13.3.1/thumb/v7e-m+fp/hard\libc_nano.a(libc_a-mprec.o)
                0x08006838                __hi0bits
 .text.__lo0bits
                0x08006876       0x5a C:/PROGRAM FILES (X86)/ARM GNU TOOLCHAIN ARM-NONE-EABI/13.3 REL1/BIN/../lib/gcc/arm-none-eabi/13.3.1/thumb/v7e-m+fp/hard\libc_nano.a(libc_a-mprec.o)
                0x08006876                __lo0bits
 .text.__i2b    0x080068d0       0x2c C:/PROGRAM FILES (X86)/ARM GNU TOOLCHAIN ARM-NONE-EABI/13.3 REL1/BIN/../lib/gcc/arm-none-eabi/13.3.1/thumb/v7e-m+fp/hard\libc_nano.a(libc_a-mprec.o)
                0x080068d0                __i2b
 .text.__multiply
                0x080068fc      0x144 C:/PROGRAM FILES (X86)/ARM GNU TOOLCHAIN ARM-NONE-EABI/13.3 REL1/BIN/../lib/gcc/arm-none-eabi/13.3.1/thumb/v7e-m+fp/hard\libc_nano.a(libc_a-mprec.o)
                0x080068fc                __multiply
 .text.__pow5mult
                0x08006a40       0xb4 C:/PROGRAM FILES (X86)/ARM GNU TOOLCHAIN ARM-NONE-EABI/13.3 REL1/BIN/../lib/gcc/arm-none-eabi/13.3.1/thumb/v7e-m+fp/hard\libc_nano.a(libc_a-mprec.o)
                0x08006a40                __pow5mult
 .text.__lshift
                0x08006af4       0xd8 C:/PROGRAM FILES (X86)/ARM GNU TOOLCHAIN ARM-NONE-EABI/13.3 REL1/BIN/../lib/gcc/arm-none-eabi/13.3.1/thumb/v7e-m+fp/hard\libc_nano.a(libc_a-mprec.o)
                0x08006af4                __lshift
 .text.__mcmp   0x08006bcc       0x36 C:/PROGRAM FILES (X86)/ARM GNU TOOLCHAIN ARM-NONE-EABI/13.3 REL1/BIN/../lib/gcc/arm-none-eabi/13.3.1/thumb/v7e-m+fp/hard\libc_nano.a(libc_a-mprec.o)
                0x08006bcc                __mcmp
 *fill*         0x08006c02        0x2 
 .text.__mdiff  0x08006c04      0x128 C:/PROGRAM FILES (X86)/ARM GNU TOOLCHAIN ARM-NONE-EABI/13.3 REL1/BIN/../lib/gcc/arm-none-eabi/13.3.1/thumb/v7e-m+fp/hard\libc_nano.a(libc_a-mprec.o)
                0x08006c04                __mdiff
 .text.__ulp    0x08006d2c       0x4c C:/PROGRAM FILES (X86)/ARM GNU TOOLCHAIN ARM-NONE-EABI/13.3 REL1/BIN/../lib/gcc/arm-none-eabi/13.3.1/thumb/v7e-m+fp/hard\libc_nano.a(libc_a-mprec.o)
                0x08006d2c                __ulp
 .text.__b2d    0x08006d78       0x94 C:/PROGRAM FILES (X86)/ARM GNU TOOLCHAIN ARM-NONE-EABI/13.3 REL1/BIN/../lib/gcc/arm-none-eabi/13.3.1/thumb/v7e-m+fp/hard\libc_nano.a(libc_a-mprec.o)
                0x08006d78                __b2d
 .text.__d2b    0x08006e0c       0xb0 C:/PROGRAM FILES (X86)/ARM GNU TOOLCHAIN ARM-NONE-EABI/13.3 REL1/BIN/../lib/gcc/arm-none-eabi/13.3.1/thumb/v7e-m+fp/hard\libc_nano.a(libc_a-mprec.o)
                0x08006e0c                __d2b
 .text.__ratio  0x08006ebc       0x64 C:/PROGRAM FILES (X86)/ARM GNU TOOLCHAIN ARM-NONE-EABI/13.3 REL1/BIN/../lib/gcc/arm-none-eabi/13.3.1/thumb/v7e-m+fp/hard\libc_nano.a(libc_a-mprec.o)
                0x08006ebc                __ratio
 .text.__copybits
                0x08006f20       0x46 C:/PROGRAM FILES (X86)/ARM GNU TOOLCHAIN ARM-NONE-EABI/13.3 REL1/BIN/../lib/gcc/arm-none-eabi/13.3.1/thumb/v7e-m+fp/hard\libc_nano.a(libc_a-mprec.o)
                0x08006f20                __copybits
 .text.__any_on
                0x08006f66       0x42 C:/PROGRAM FILES (X86)/ARM GNU TOOLCHAIN ARM-NONE-EABI/13.3 REL1/BIN/../lib/gcc/arm-none-eabi/13.3.1/thumb/v7e-m+fp/hard\libc_nano.a(libc_a-mprec.o)
                0x08006f66                __any_on
 .text.sulp     0x08006fa8       0x3c C:/PROGRAM FILES (X86)/ARM GNU TOOLCHAIN ARM-NONE-EABI/13.3 REL1/BIN/../lib/gcc/arm-none-eabi/13.3.1/thumb/v7e-m+fp/hard\libc_nano.a(libc_a-strtod.o)
 *fill*         0x08006fe4        0x4 
 .text._strtod_l
                0x08006fe8      0xbc8 C:/PROGRAM FILES (X86)/ARM GNU TOOLCHAIN ARM-NONE-EABI/13.3 REL1/BIN/../lib/gcc/arm-none-eabi/13.3.1/thumb/v7e-m+fp/hard\libc_nano.a(libc_a-strtod.o)
                0x08006fe8                _strtod_l
 .text._strtod_r
                0x08007bb0        0xc C:/PROGRAM FILES (X86)/ARM GNU TOOLCHAIN ARM-NONE-EABI/13.3 REL1/BIN/../lib/gcc/arm-none-eabi/13.3.1/thumb/v7e-m+fp/hard\libc_nano.a(libc_a-strtod.o)
                0x08007bb0                _strtod_r
 .text._strtol_l.isra.0
                0x08007bbc       0xf4 C:/PROGRAM FILES (X86)/ARM GNU TOOLCHAIN ARM-NONE-EABI/13.3 REL1/BIN/../lib/gcc/arm-none-eabi/13.3.1/thumb/v7e-m+fp/hard\libc_nano.a(libc_a-strtol.o)
 .text._strtol_r
                0x08007cb0        0x4 C:/PROGRAM FILES (X86)/ARM GNU TOOLCHAIN ARM-NONE-EABI/13.3 REL1/BIN/../lib/gcc/arm-none-eabi/13.3.1/thumb/v7e-m+fp/hard\libc_nano.a(libc_a-strtol.o)
                0x08007cb0                _strtol_r
 .text.__ssputs_r
                0x08007cb4       0xb6 C:/PROGRAM FILES (X86)/ARM GNU TOOLCHAIN ARM-NONE-EABI/13.3 REL1/BIN/../lib/gcc/arm-none-eabi/13.3.1/thumb/v7e-m+fp/hard\libc_nano.a(libc_a-nano-svfprintf.o)
                0x08007cb4                __ssputs_r
 *fill*         0x08007d6a        0x2 
 .text._svfprintf_r
                0x08007d6c      0x1f8 C:/PROGRAM FILES (X86)/ARM GNU TOOLCHAIN ARM-NONE-EABI/13.3 REL1/BIN/../lib/gcc/arm-none-eabi/13.3.1/thumb/v7e-m+fp/hard\libc_nano.a(libc_a-nano-svfprintf.o)
                0x08007d6c                _svfiprintf_r
                0x08007d6c                _svfprintf_r
 .text.__sfputc_r
                0x08007f64       0x2e C:/PROGRAM FILES (X86)/ARM GNU TOOLCHAIN ARM-NONE-EABI/13.3 REL1/BIN/../lib/gcc/arm-none-eabi/13.3.1/thumb/v7e-m+fp/hard\libc_nano.a(libc_a-nano-vfprintf.o)
 .text.__sfputs_r
                0x08007f92       0x24 C:/PROGRAM FILES (X86)/ARM GNU TOOLCHAIN ARM-NONE-EABI/13.3 REL1/BIN/../lib/gcc/arm-none-eabi/13.3.1/thumb/v7e-m+fp/hard\libc_nano.a(libc_a-nano-vfprintf.o)
                0x08007f92                __sfputs_r
 *fill*         0x08007fb6        0x2 
 .text._vfprintf_r
                0x08007fb8      0x230 C:/PROGRAM FILES (X86)/ARM GNU TOOLCHAIN ARM-NONE-EABI/13.3 REL1/BIN/../lib/gcc/arm-none-eabi/13.3.1/thumb/v7e-m+fp/hard\libc_nano.a(libc_a-nano-vfprintf.o)
                0x08007fb8                _vfprintf_r
                0x08007fb8                _vfiprintf_r
 .text.__sflush_r
                0x080081e8      0x108 C:/PROGRAM FILES (X86)/ARM GNU TOOLCHAIN ARM-NONE-EABI/13.3 REL1/BIN/../lib/gcc/arm-none-eabi/13.3.1/thumb/v7e-m+fp/hard\libc_nano.a(libc_a-fflush.o)
                0x080081e8                __sflush_r
 .text._fflush_r
                0x080082f0       0x50 C:/PROGRAM FILES (X86)/ARM GNU TOOLCHAIN ARM-NONE-EABI/13.3 REL1/BIN/../lib/gcc/arm-none-eabi/13.3.1/thumb/v7e-m+fp/hard\libc_nano.a(libc_a-fflush.o)
                0x080082f0                _fflush_r
 .text.__swbuf_r
                0x08008340       0x7c C:/PROGRAM FILES (X86)/ARM GNU TOOLCHAIN ARM-NONE-EABI/13.3 REL1/BIN/../lib/gcc/arm-none-eabi/13.3.1/thumb/v7e-m+fp/hard\libc_nano.a(libc_a-wbuf.o)
                0x08008340                __swbuf_r
 .text.__swsetup_r
                0x080083bc       0xac C:/PROGRAM FILES (X86)/ARM GNU TOOLCHAIN ARM-NONE-EABI/13.3 REL1/BIN/../lib/gcc/arm-none-eabi/13.3.1/thumb/v7e-m+fp/hard\libc_nano.a(libc_a-wsetup.o)
                0x080083bc                __swsetup_r
 .text.memmove  0x08008468       0x34 C:/PROGRAM FILES (X86)/ARM GNU TOOLCHAIN ARM-NONE-EABI/13.3 REL1/BIN/../lib/gcc/arm-none-eabi/13.3.1/thumb/v7e-m+fp/hard\libc_nano.a(libc_a-memmove.o)
                0x08008468                memmove
 .text.strncmp  0x0800849c       0x24 C:/PROGRAM FILES (X86)/ARM GNU TOOLCHAIN ARM-NONE-EABI/13.3 REL1/BIN/../lib/gcc/arm-none-eabi/13.3.1/thumb/v7e-m+fp/hard\libc_nano.a(libc_a-strncmp.o)
                0x0800849c                strncmp
 .text._sbrk_r  0x080084c0       0x20 C:/PROGRAM FILES (X86)/ARM GNU TOOLCHAIN ARM-NONE-EABI/13.3 REL1/BIN/../lib/gcc/arm-none-eabi/13.3.1/thumb/v7e-m+fp/hard\libc_nano.a(libc_a-sbrkr.o)
                0x080084c0                _sbrk_r
 .text.memcpy   0x080084e0       0x1c C:/PROGRAM FILES (X86)/ARM GNU TOOLCHAIN ARM-NONE-EABI/13.3 REL1/BIN/../lib/gcc/arm-none-eabi/13.3.1/thumb/v7e-m+fp/hard\libc_nano.a(libc_a-memcpy-stub.o)
                0x080084e0                memcpy
 *fill*         0x080084fc        0x4 
 .text.nan      0x08008500       0x10 C:/PROGRAM FILES (X86)/ARM GNU TOOLCHAIN ARM-NONE-EABI/13.3 REL1/BIN/../lib/gcc/arm-none-eabi/13.3.1/thumb/v7e-m+fp/hard\libc_nano.a(libm_a-s_nan.o)
                0x08008500                nan
 .text.__assert_func
                0x08008510       0x3c C:/PROGRAM FILES (X86)/ARM GNU TOOLCHAIN ARM-NONE-EABI/13.3 REL1/BIN/../lib/gcc/arm-none-eabi/13.3.1/thumb/v7e-m+fp/hard\libc_nano.a(libc_a-assert.o)
                0x08008510                __assert_func
 .text._calloc_r
                0x0800854c       0x28 C:/PROGRAM FILES (X86)/ARM GNU TOOLCHAIN ARM-NONE-EABI/13.3 REL1/BIN/../lib/gcc/arm-none-eabi/13.3.1/thumb/v7e-m+fp/hard\libc_nano.a(libc_a-callocr.o)
                0x0800854c                _calloc_r
 .text.rshift   0x08008574       0xa4 C:/PROGRAM FILES (X86)/ARM GNU TOOLCHAIN ARM-NONE-EABI/13.3 REL1/BIN/../lib/gcc/arm-none-eabi/13.3.1/thumb/v7e-m+fp/hard\libc_nano.a(libc_a-gdtoa-gethex.o)
 .text.__hexdig_fun
                0x08008618       0x2a C:/PROGRAM FILES (X86)/ARM GNU TOOLCHAIN ARM-NONE-EABI/13.3 REL1/BIN/../lib/gcc/arm-none-eabi/13.3.1/thumb/v7e-m+fp/hard\libc_nano.a(libc_a-gdtoa-gethex.o)
                0x08008618                __hexdig_fun
 *fill*         0x08008642        0x2 
 .text.__gethex
                0x08008644      0x420 C:/PROGRAM FILES (X86)/ARM GNU TOOLCHAIN ARM-NONE-EABI/13.3 REL1/BIN/../lib/gcc/arm-none-eabi/13.3.1/thumb/v7e-m+fp/hard\libc_nano.a(libc_a-gdtoa-gethex.o)
                0x08008644                __gethex
 .text.L_shift  0x08008a64       0x24 C:/PROGRAM FILES (X86)/ARM GNU TOOLCHAIN ARM-NONE-EABI/13.3 REL1/BIN/../lib/gcc/arm-none-eabi/13.3.1/thumb/v7e-m+fp/hard\libc_nano.a(libc_a-gdtoa-hexnan.o)
 .text.__match  0x08008a88       0x28 C:/PROGRAM FILES (X86)/ARM GNU TOOLCHAIN ARM-NONE-EABI/13.3 REL1/BIN/../lib/gcc/arm-none-eabi/13.3.1/thumb/v7e-m+fp/hard\libc_nano.a(libc_a-gdtoa-hexnan.o)
                0x08008a88                __match
 .text.__hexnan
                0x08008ab0      0x136 C:/PROGRAM FILES (X86)/ARM GNU TOOLCHAIN ARM-NONE-EABI/13.3 REL1/BIN/../lib/gcc/arm-none-eabi/13.3.1/thumb/v7e-m+fp/hard\libc_nano.a(libc_a-gdtoa-hexnan.o)
                0x08008ab0                __hexnan
 .text.__ascii_mbtowc
                0x08008be6       0x24 C:/PROGRAM FILES (X86)/ARM GNU TOOLCHAIN ARM-NONE-EABI/13.3 REL1/BIN/../lib/gcc/arm-none-eabi/13.3.1/thumb/v7e-m+fp/hard\libc_nano.a(libc_a-mbtowc_r.o)
                0x08008be6                __ascii_mbtowc
 .text._realloc_r
                0x08008c0a       0x5c C:/PROGRAM FILES (X86)/ARM GNU TOOLCHAIN ARM-NONE-EABI/13.3 REL1/BIN/../lib/gcc/arm-none-eabi/13.3.1/thumb/v7e-m+fp/hard\libc_nano.a(libc_a-reallocr.o)
                0x08008c0a                _realloc_r
 .text.__ascii_wctomb
                0x08008c66       0x1a C:/PROGRAM FILES (X86)/ARM GNU TOOLCHAIN ARM-NONE-EABI/13.3 REL1/BIN/../lib/gcc/arm-none-eabi/13.3.1/thumb/v7e-m+fp/hard\libc_nano.a(libc_a-wctomb_r.o)
                0x08008c66                __ascii_wctomb
 .text.fprintf  0x08008c80       0x24 C:/PROGRAM FILES (X86)/ARM GNU TOOLCHAIN ARM-NONE-EABI/13.3 REL1/BIN/../lib/gcc/arm-none-eabi/13.3.1/thumb/v7e-m+fp/hard\libc_nano.a(libc_a-fprintf.o)
                0x08008c80                fiprintf
                0x08008c80                fprintf
 .text.__swhatbuf_r
                0x08008ca4       0x4c C:/PROGRAM FILES (X86)/ARM GNU TOOLCHAIN ARM-NONE-EABI/13.3 REL1/BIN/../lib/gcc/arm-none-eabi/13.3.1/thumb/v7e-m+fp/hard\libc_nano.a(libc_a-makebuf.o)
                0x08008ca4                __swhatbuf_r
 .text.__smakebuf_r
                0x08008cf0       0x78 C:/PROGRAM FILES (X86)/ARM GNU TOOLCHAIN ARM-NONE-EABI/13.3 REL1/BIN/../lib/gcc/arm-none-eabi/13.3.1/thumb/v7e-m+fp/hard\libc_nano.a(libc_a-makebuf.o)
                0x08008cf0                __smakebuf_r
 .text._fstat_r
                0x08008d68       0x24 C:/PROGRAM FILES (X86)/ARM GNU TOOLCHAIN ARM-NONE-EABI/13.3 REL1/BIN/../lib/gcc/arm-none-eabi/13.3.1/thumb/v7e-m+fp/hard\libc_nano.a(libc_a-fstatr.o)
                0x08008d68                _fstat_r
 .text._isatty_r
                0x08008d8c       0x20 C:/PROGRAM FILES (X86)/ARM GNU TOOLCHAIN ARM-NONE-EABI/13.3 REL1/BIN/../lib/gcc/arm-none-eabi/13.3.1/thumb/v7e-m+fp/hard\libc_nano.a(libc_a-isattyr.o)
                0x08008d8c                _isatty_r
 .text.abort    0x08008dac        0xe C:/PROGRAM FILES (X86)/ARM GNU TOOLCHAIN ARM-NONE-EABI/13.3 REL1/BIN/../lib/gcc/arm-none-eabi/13.3.1/thumb/v7e-m+fp/hard\libc_nano.a(libc_a-abort.o)
                0x08008dac                abort
 .text._malloc_usable_size_r
                0x08008dba       0x10 C:/PROGRAM FILES (X86)/ARM GNU TOOLCHAIN ARM-NONE-EABI/13.3 REL1/BIN/../lib/gcc/arm-none-eabi/13.3.1/thumb/v7e-m+fp/hard\libc_nano.a(libc_a-msizer.o)
                0x08008dba                _malloc_usable_size_r
 .text._raise_r
                0x08008dca       0x50 C:/PROGRAM FILES (X86)/ARM GNU TOOLCHAIN ARM-NONE-EABI/13.3 REL1/BIN/../lib/gcc/arm-none-eabi/13.3.1/thumb/v7e-m+fp/hard\libc_nano.a(libc_a-signal.o)
                0x08008dca                _raise_r
 *fill*         0x08008e1a        0x2 
 .text.raise    0x08008e1c       0x10 C:/PROGRAM FILES (X86)/ARM GNU TOOLCHAIN ARM-NONE-EABI/13.3 REL1/BIN/../lib/gcc/arm-none-eabi/13.3.1/thumb/v7e-m+fp/hard\libc_nano.a(libc_a-signal.o)
                0x08008e1c                raise
 .text._kill_r  0x08008e2c       0x24 C:/PROGRAM FILES (X86)/ARM GNU TOOLCHAIN ARM-NONE-EABI/13.3 REL1/BIN/../lib/gcc/arm-none-eabi/13.3.1/thumb/v7e-m+fp/hard\libc_nano.a(libc_a-signalr.o)
                0x08008e2c                _kill_r
 .text._getpid_r
                0x08008e50        0x4 C:/PROGRAM FILES (X86)/ARM GNU TOOLCHAIN ARM-NONE-EABI/13.3 REL1/BIN/../lib/gcc/arm-none-eabi/13.3.1/thumb/v7e-m+fp/hard\libc_nano.a(libc_a-signalr.o)
                0x08008e50                _getpid_r
 .text.__fixdfdi
                0x08008e54       0x30 C:/PROGRAM FILES (X86)/ARM GNU TOOLCHAIN ARM-NONE-EABI/13.3 REL1/BIN/../lib/gcc/arm-none-eabi/13.3.1/thumb/v7e-m+fp/hard\libgcc.a(_fixdfdi.o)
                0x08008e54                __fixdfdi
                0x08008e54                __aeabi_d2lz
 .text.__fixunsdfdi
                0x08008e84       0x3c C:/PROGRAM FILES (X86)/ARM GNU TOOLCHAIN ARM-NONE-EABI/13.3 REL1/BIN/../lib/gcc/arm-none-eabi/13.3.1/thumb/v7e-m+fp/hard\libgcc.a(_fixunsdfdi.o)
                0x08008e84                __fixunsdfdi
                0x08008e84                __aeabi_d2ulz
 .text.__udivmoddi4
                0x08008ec0      0x2bc C:/PROGRAM FILES (X86)/ARM GNU TOOLCHAIN ARM-NONE-EABI/13.3 REL1/BIN/../lib/gcc/arm-none-eabi/13.3.1/thumb/v7e-m+fp/hard\libgcc.a(_udivmoddi4.o)
                0x08008ec0                __udivmoddi4
 *(.glue_7)
 .glue_7        0x0800917c        0x0 linker stubs
 *(.glue_7t)
 .glue_7t       0x0800917c        0x0 linker stubs
 *(.eh_frame)
 .eh_frame      0x0800917c        0x0 C:/PROGRAM FILES (X86)/ARM GNU TOOLCHAIN ARM-NONE-EABI/13.3 REL1/BIN/../lib/gcc/arm-none-eabi/13.3.1/thumb/v7e-m+fp/hard/crtbegin.o
 *(.init)
 .init          0x0800917c        0x4 C:/PROGRAM FILES (X86)/ARM GNU TOOLCHAIN ARM-NONE-EABI/13.3 REL1/BIN/../lib/gcc/arm-none-eabi/13.3.1/thumb/v7e-m+fp/hard/crti.o
                0x0800917c                _init
 .init          0x08009180        0x8 C:/PROGRAM FILES (X86)/ARM GNU TOOLCHAIN ARM-NONE-EABI/13.3 REL1/BIN/../lib/gcc/arm-none-eabi/13.3.1/thumb/v7e-m+fp/hard/crtn.o
 *(.fini)
 .fini          0x08009188        0x4 C:/PROGRAM FILES (X86)/ARM GNU TOOLCHAIN ARM-NONE-EABI/13.3 REL1/BIN/../lib/gcc/arm-none-eabi/13.3.1/thumb/v7e-m+fp/hard/crti.o
                0x08009188                _fini
 .fini          0x0800918c        0x8 C:/PROGRAM FILES (X86)/ARM GNU TOOLCHAIN ARM-NONE-EABI/13.3 REL1/BIN/../lib/gcc/arm-none-eabi/13.3.1/thumb/v7e-m+fp/hard/crtn.o
                0x08009194                        . = ALIGN (0x4)
                0x08009194                        _etext = .

.vfp11_veneer   0x08009194        0x0
 .vfp11_veneer  0x08009194        0x0 linker stubs

.v4_bx          0x08009194        0x0
 .v4_bx         0x08009194        0x0 linker stubs

.iplt           0x08009194        0x0
 .iplt          0x08009194        0x0 C:/PROGRAM FILES (X86)/ARM GNU TOOLCHAIN ARM-NONE-EABI/13.3 REL1/BIN/../lib/gcc/arm-none-eabi/13.3.1/thumb/v7e-m+fp/hard/crtbegin.o

.rodata         0x08009198      0x484
                0x08009198                        . = ALIGN (0x4)
 *(.rodata)
 *(.rodata*)
 .rodata.MX_I2C1_Init.str1.4
                0x08009198       0x2c build/debug/Core/Src/main.o
                                 0x18 (size before relaxing)
 .rodata.main.str1.4
                0x080091c4       0x14 build/debug/Core/Src/main.o
 .rodata.APBPrescTable
                0x080091c4        0x8 build/debug/Core/Src/system_stm32f4xx.o
                0x080091c4                APBPrescTable
 .rodata.AHBPrescTable
                0x080091cc       0x10 build/debug/Core/Src/system_stm32f4xx.o
                0x080091cc                AHBPrescTable
 .rodata.SD_Driver
                0x080091dc       0x14 build/debug/FATFS/Target/sd_diskio.o
                0x080091dc                SD_Driver
 .rodata._printf_float.str1.1
                0x080091f0      0x1d9 C:/PROGRAM FILES (X86)/ARM GNU TOOLCHAIN ARM-NONE-EABI/13.3 REL1/BIN/../lib/gcc/arm-none-eabi/13.3.1/thumb/v7e-m+fp/hard\libc_nano.a(libc_a-nano-vfprintf_float.o)
                                 0x12 (size before relaxing)
 .rodata._printf_i.str1.1
                0x080093c9       0x22 C:/PROGRAM FILES (X86)/ARM GNU TOOLCHAIN ARM-NONE-EABI/13.3 REL1/BIN/../lib/gcc/arm-none-eabi/13.3.1/thumb/v7e-m+fp/hard\libc_nano.a(libc_a-nano-vfprintf_i.o)
 .rodata._scanf_float.str1.1
                0x080093c9        0x6 C:/PROGRAM FILES (X86)/ARM GNU TOOLCHAIN ARM-NONE-EABI/13.3 REL1/BIN/../lib/gcc/arm-none-eabi/13.3.1/thumb/v7e-m+fp/hard\libc_nano.a(libc_a-nano-vfscanf_float.o)
 .rodata._dtoa_r.str1.1
                0x080093c9       0x90 C:/PROGRAM FILES (X86)/ARM GNU TOOLCHAIN ARM-NONE-EABI/13.3 REL1/BIN/../lib/gcc/arm-none-eabi/13.3.1/thumb/v7e-m+fp/hard\libc_nano.a(libc_a-dtoa.o)
 .rodata._Balloc.str1.1
                0x080093c9       0x71 C:/PROGRAM FILES (X86)/ARM GNU TOOLCHAIN ARM-NONE-EABI/13.3 REL1/BIN/../lib/gcc/arm-none-eabi/13.3.1/thumb/v7e-m+fp/hard\libc_nano.a(libc_a-mprec.o)
 .rodata.__multadd.str1.1
                0x080093c9       0x11 C:/PROGRAM FILES (X86)/ARM GNU TOOLCHAIN ARM-NONE-EABI/13.3 REL1/BIN/../lib/gcc/arm-none-eabi/13.3.1/thumb/v7e-m+fp/hard\libc_nano.a(libc_a-mprec.o)
 *fill*         0x080093c9        0x3 
 .rodata.p05.0  0x080093cc        0xc C:/PROGRAM FILES (X86)/ARM GNU TOOLCHAIN ARM-NONE-EABI/13.3 REL1/BIN/../lib/gcc/arm-none-eabi/13.3.1/thumb/v7e-m+fp/hard\libc_nano.a(libc_a-mprec.o)
 .rodata.__mprec_bigtens
                0x080093d8       0x28 C:/PROGRAM FILES (X86)/ARM GNU TOOLCHAIN ARM-NONE-EABI/13.3 REL1/BIN/../lib/gcc/arm-none-eabi/13.3.1/thumb/v7e-m+fp/hard\libc_nano.a(libc_a-mprec.o)
                0x080093d8                __mprec_bigtens
 .rodata.__mprec_tens
                0x08009400       0xc8 C:/PROGRAM FILES (X86)/ARM GNU TOOLCHAIN ARM-NONE-EABI/13.3 REL1/BIN/../lib/gcc/arm-none-eabi/13.3.1/thumb/v7e-m+fp/hard\libc_nano.a(libc_a-mprec.o)
                0x08009400                __mprec_tens
 .rodata._strtod_l.str1.1
                0x080094c8        0xf C:/PROGRAM FILES (X86)/ARM GNU TOOLCHAIN ARM-NONE-EABI/13.3 REL1/BIN/../lib/gcc/arm-none-eabi/13.3.1/thumb/v7e-m+fp/hard\libc_nano.a(libc_a-strtod.o)
 .rodata.fpinan.0
                0x080094c8       0x14 C:/PROGRAM FILES (X86)/ARM GNU TOOLCHAIN ARM-NONE-EABI/13.3 REL1/BIN/../lib/gcc/arm-none-eabi/13.3.1/thumb/v7e-m+fp/hard\libc_nano.a(libc_a-strtod.o)
 .rodata.fpi.1  0x080094dc       0x14 C:/PROGRAM FILES (X86)/ARM GNU TOOLCHAIN ARM-NONE-EABI/13.3 REL1/BIN/../lib/gcc/arm-none-eabi/13.3.1/thumb/v7e-m+fp/hard\libc_nano.a(libc_a-strtod.o)
 .rodata.tinytens
                0x080094f0       0x28 C:/PROGRAM FILES (X86)/ARM GNU TOOLCHAIN ARM-NONE-EABI/13.3 REL1/BIN/../lib/gcc/arm-none-eabi/13.3.1/thumb/v7e-m+fp/hard\libc_nano.a(libc_a-strtod.o)
 .rodata._ctype_
                0x08009518      0x101 C:/PROGRAM FILES (X86)/ARM GNU TOOLCHAIN ARM-NONE-EABI/13.3 REL1/BIN/../lib/gcc/arm-none-eabi/13.3.1/thumb/v7e-m+fp/hard\libc_nano.a(libc_a-ctype_.o)
                0x08009518                _ctype_
 .rodata._svfprintf_r.str1.1
                0x08009619       0x11 C:/PROGRAM FILES (X86)/ARM GNU TOOLCHAIN ARM-NONE-EABI/13.3 REL1/BIN/../lib/gcc/arm-none-eabi/13.3.1/thumb/v7e-m+fp/hard\libc_nano.a(libc_a-nano-svfprintf.o)
 .rodata._vfprintf_r.str1.1
                0x08009619       0x11 C:/PROGRAM FILES (X86)/ARM GNU TOOLCHAIN ARM-NONE-EABI/13.3 REL1/BIN/../lib/gcc/arm-none-eabi/13.3.1/thumb/v7e-m+fp/hard\libc_nano.a(libc_a-nano-vfprintf.o)
 .rodata._setlocale_r.str1.1
                0x08009619        0x9 C:/PROGRAM FILES (X86)/ARM GNU TOOLCHAIN ARM-NONE-EABI/13.3 REL1/BIN/../lib/gcc/arm-none-eabi/13.3.1/thumb/v7e-m+fp/hard\libc_nano.a(libc_a-locale.o)
 .rodata.str1.1
                0x08009619        0x2 C:/PROGRAM FILES (X86)/ARM GNU TOOLCHAIN ARM-NONE-EABI/13.3 REL1/BIN/../lib/gcc/arm-none-eabi/13.3.1/thumb/v7e-m+fp/hard\libc_nano.a(libc_a-locale.o)
 .rodata.__assert_func.str1.1
                0x08009619       0x3d C:/PROGRAM FILES (X86)/ARM GNU TOOLCHAIN ARM-NONE-EABI/13.3 REL1/BIN/../lib/gcc/arm-none-eabi/13.3.1/thumb/v7e-m+fp/hard\libc_nano.a(libc_a-assert.o)
 .rodata.__gethex.str1.1
                0x08009619       0x74 C:/PROGRAM FILES (X86)/ARM GNU TOOLCHAIN ARM-NONE-EABI/13.3 REL1/BIN/../lib/gcc/arm-none-eabi/13.3.1/thumb/v7e-m+fp/hard\libc_nano.a(libc_a-gdtoa-gethex.o)
                0x08009690                        . = ALIGN (0x4)
 *fill*         0x08009619        0x3 

.ARM.extab
 *(.ARM.extab* .gnu.linkonce.armextab.*)

.ARM            0x0800961c        0x8
                0x0800961c                        __exidx_start = .
 *(.ARM.exidx*)
 .ARM.exidx     0x0800961c        0x8 C:/PROGRAM FILES (X86)/ARM GNU TOOLCHAIN ARM-NONE-EABI/13.3 REL1/BIN/../lib/gcc/arm-none-eabi/13.3.1/thumb/v7e-m+fp/hard\libc_nano.a(libc_a-memchr.o)
 .ARM.exidx     0x08009624        0x0 C:/PROGRAM FILES (X86)/ARM GNU TOOLCHAIN ARM-NONE-EABI/13.3 REL1/BIN/../lib/gcc/arm-none-eabi/13.3.1/thumb/v7e-m+fp/hard\libc_nano.a(libc_a-strlen.o)
                                  0x8 (size before relaxing)
 .ARM.exidx.text.__udivmoddi4
                0x08009624        0x0 C:/PROGRAM FILES (X86)/ARM GNU TOOLCHAIN ARM-NONE-EABI/13.3 REL1/BIN/../lib/gcc/arm-none-eabi/13.3.1/thumb/v7e-m+fp/hard\libgcc.a(_udivmoddi4.o)
                                  0x8 (size before relaxing)
                0x08009624                        __exidx_end = .

.rel.dyn        0x08009624        0x0
 .rel.iplt      0x08009624        0x0 C:/PROGRAM FILES (X86)/ARM GNU TOOLCHAIN ARM-NONE-EABI/13.3 REL1/BIN/../lib/gcc/arm-none-eabi/13.3.1/thumb/v7e-m+fp/hard/crtbegin.o

.preinit_array  0x08009624        0x0
                0x08009624                        PROVIDE (__preinit_array_start = .)
 *(.preinit_array*)
                0x08009624                        PROVIDE (__preinit_array_end = .)

.init_array     0x08009624        0x4
                0x08009624                        PROVIDE (__init_array_start = .)
 *(SORT_BY_NAME(.init_array.*))
 *(.init_array*)
 .init_array    0x08009624        0x4 C:/PROGRAM FILES (X86)/ARM GNU TOOLCHAIN ARM-NONE-EABI/13.3 REL1/BIN/../lib/gcc/arm-none-eabi/13.3.1/thumb/v7e-m+fp/hard/crtbegin.o
                0x08009628                        PROVIDE (__init_array_end = .)

.fini_array     0x08009628        0x4
                [!provide]                        PROVIDE (__fini_array_start = .)
 *(SORT_BY_NAME(.fini_array.*))
 *(.fini_array*)
 .fini_array    0x08009628        0x4 C:/PROGRAM FILES (X86)/ARM GNU TOOLCHAIN ARM-NONE-EABI/13.3 REL1/BIN/../lib/gcc/arm-none-eabi/13.3.1/thumb/v7e-m+fp/hard/crtbegin.o
                [!provide]                        PROVIDE (__fini_array_end = .)
                0x0800962c                        _sidata = LOADADDR (.data)

.data           0x20000000      0x1d8 load address 0x0800962c
                0x20000000                        . = ALIGN (0x4)
                0x20000000                        _sdata = .
 *(.data)
 *(.data*)
 .data.SystemCoreClock
                0x20000000        0x4 build/debug/Core/Src/system_stm32f4xx.o
                0x20000000                SystemCoreClock
 .data.uwTickFreq
                0x20000004        0x1 build/debug/Drivers/STM32F4xx_HAL_Driver/Src/stm32f4xx_hal.o
                0x20000004                uwTickFreq
 *fill*         0x20000005        0x3 
 .data.uwTickPrio
                0x20000008        0x4 build/debug/Drivers/STM32F4xx_HAL_Driver/Src/stm32f4xx_hal.o
                0x20000008                uwTickPrio
 .data.Stat     0x2000000c        0x1 build/debug/FATFS/Target/sd_diskio.o
 *fill*         0x2000000d        0x3 
 .data.__sglue  0x20000010        0xc C:/PROGRAM FILES (X86)/ARM GNU TOOLCHAIN ARM-NONE-EABI/13.3 REL1/BIN/../lib/gcc/arm-none-eabi/13.3.1/thumb/v7e-m+fp/hard\libc_nano.a(libc_a-findfp.o)
                0x20000010                __sglue
 .data._impure_ptr
                0x2000001c        0x4 C:/PROGRAM FILES (X86)/ARM GNU TOOLCHAIN ARM-NONE-EABI/13.3 REL1/BIN/../lib/gcc/arm-none-eabi/13.3.1/thumb/v7e-m+fp/hard\libc_nano.a(libc_a-impure.o)
                0x2000001c                _impure_ptr
 .data._impure_data
                0x20000020       0x4c C:/PROGRAM FILES (X86)/ARM GNU TOOLCHAIN ARM-NONE-EABI/13.3 REL1/BIN/../lib/gcc/arm-none-eabi/13.3.1/thumb/v7e-m+fp/hard\libc_nano.a(libc_a-impure.o)
                0x20000020                _impure_data
 .data.__global_locale
                0x2000006c      0x16c C:/PROGRAM FILES (X86)/ARM GNU TOOLCHAIN ARM-NONE-EABI/13.3 REL1/BIN/../lib/gcc/arm-none-eabi/13.3.1/thumb/v7e-m+fp/hard\libc_nano.a(libc_a-locale.o)
                0x2000006c                __global_locale
                0x200001d8                        . = ALIGN (0x4)
                0x200001d8                        _edata = .
                0x08009804                        _siccmram = LOADADDR (.ccmram)

.tm_clone_table
                0x200001d8        0x0 load address 0x08009804
 .tm_clone_table
                0x200001d8        0x0 C:/PROGRAM FILES (X86)/ARM GNU TOOLCHAIN ARM-NONE-EABI/13.3 REL1/BIN/../lib/gcc/arm-none-eabi/13.3.1/thumb/v7e-m+fp/hard/crtbegin.o
 .tm_clone_table
                0x200001d8        0x0 C:/PROGRAM FILES (X86)/ARM GNU TOOLCHAIN ARM-NONE-EABI/13.3 REL1/BIN/../lib/gcc/arm-none-eabi/13.3.1/thumb/v7e-m+fp/hard/crtend.o

.igot.plt       0x200001d8        0x0 load address 0x08009804
 .igot.plt      0x200001d8        0x0 C:/PROGRAM FILES (X86)/ARM GNU TOOLCHAIN ARM-NONE-EABI/13.3 REL1/BIN/../lib/gcc/arm-none-eabi/13.3.1/thumb/v7e-m+fp/hard/crtbegin.o

.ccmram         0x10000000        0x0 load address 0x08009804
                0x10000000                        . = ALIGN (0x4)
                0x10000000                        _sccmram = .
 *(.ccmram)
 *(.ccmram*)
                0x10000000                        . = ALIGN (0x4)
                0x10000000                        _eccmram = .
                0x10000000                        . = ALIGN (0x4)

.bss            0x200001d8      0x314
                0x200001d8                        _sbss = .
                0x200001d8                        __bss_start__ = _sbss
 *(.bss)
 *(.bss*)
 .bss.completed.1
                0x200001d8        0x1 C:/PROGRAM FILES (X86)/ARM GNU TOOLCHAIN ARM-NONE-EABI/13.3 REL1/BIN/../lib/gcc/arm-none-eabi/13.3.1/thumb/v7e-m+fp/hard/crtbegin.o
 *fill*         0x200001d9        0x3 
 .bss.object.0  0x200001dc       0x18 C:/PROGRAM FILES (X86)/ARM GNU TOOLCHAIN ARM-NONE-EABI/13.3 REL1/BIN/../lib/gcc/arm-none-eabi/13.3.1/thumb/v7e-m+fp/hard/crtbegin.o
 .bss.rst       0x200001f4        0x1 build/debug/Core/Src/main.o
 .bss.whoamI    0x200001f5        0x1 build/debug/Core/Src/main.o
 *fill*         0x200001f6        0x2 
 .bss.angular_rate_mdps
                0x200001f8        0xc build/debug/Core/Src/main.o
 .bss.data_raw_angular_rate
                0x20000204        0x6 build/debug/Core/Src/main.o
 *fill*         0x2000020a        0x2 
 .bss.huart1    0x2000020c       0x48 build/debug/Core/Src/main.o
                0x2000020c                huart1
 .bss.hspi1     0x20000254       0x58 build/debug/Core/Src/main.o
                0x20000254                hspi1
 .bss.hsd       0x200002ac       0x84 build/debug/Core/Src/main.o
                0x200002ac                hsd
 .bss.hi2c1     0x20000330       0x54 build/debug/Core/Src/main.o
                0x20000330                hi2c1
 .bss.__sbrk_heap_end
                0x20000384        0x4 build/debug/Core/Src/sysmem.o
 .bss.uwTick    0x20000388        0x4 build/debug/Drivers/STM32F4xx_HAL_Driver/Src/stm32f4xx_hal.o
                0x20000388                uwTick
 .bss.SDPath    0x2000038c        0x4 build/debug/FATFS/App/fatfs.o
                0x2000038c                SDPath
 .bss.retSD     0x20000390        0x1 build/debug/FATFS/App/fatfs.o
                0x20000390                retSD
 *fill*         0x20000391        0x3 
 .bss.disk      0x20000394        0xc build/debug/Middlewares/Third_Party/FatFs/src/ff_gen_drv.o
                0x20000394                disk
 .bss.__sf      0x200003a0      0x138 C:/PROGRAM FILES (X86)/ARM GNU TOOLCHAIN ARM-NONE-EABI/13.3 REL1/BIN/../lib/gcc/arm-none-eabi/13.3.1/thumb/v7e-m+fp/hard\libc_nano.a(libc_a-findfp.o)
                0x200003a0                __sf
 .bss.__stdio_exit_handler
                0x200004d8        0x4 C:/PROGRAM FILES (X86)/ARM GNU TOOLCHAIN ARM-NONE-EABI/13.3 REL1/BIN/../lib/gcc/arm-none-eabi/13.3.1/thumb/v7e-m+fp/hard\libc_nano.a(libc_a-findfp.o)
                0x200004d8                __stdio_exit_handler
 .bss.errno     0x200004dc        0x4 C:/PROGRAM FILES (X86)/ARM GNU TOOLCHAIN ARM-NONE-EABI/13.3 REL1/BIN/../lib/gcc/arm-none-eabi/13.3.1/thumb/v7e-m+fp/hard\libc_nano.a(libc_a-reent.o)
                0x200004dc                errno
 .bss.__lock___malloc_recursive_mutex
                0x200004e0        0x1 C:/PROGRAM FILES (X86)/ARM GNU TOOLCHAIN ARM-NONE-EABI/13.3 REL1/BIN/../lib/gcc/arm-none-eabi/13.3.1/thumb/v7e-m+fp/hard\libc_nano.a(libc_a-lock.o)
                0x200004e0                __lock___malloc_recursive_mutex
 .bss.__lock___sfp_recursive_mutex
                0x200004e1        0x1 C:/PROGRAM FILES (X86)/ARM GNU TOOLCHAIN ARM-NONE-EABI/13.3 REL1/BIN/../lib/gcc/arm-none-eabi/13.3.1/thumb/v7e-m+fp/hard\libc_nano.a(libc_a-lock.o)
                0x200004e1                __lock___sfp_recursive_mutex
 *fill*         0x200004e2        0x2 
 .bss.__malloc_sbrk_start
                0x200004e4        0x4 C:/PROGRAM FILES (X86)/ARM GNU TOOLCHAIN ARM-NONE-EABI/13.3 REL1/BIN/../lib/gcc/arm-none-eabi/13.3.1/thumb/v7e-m+fp/hard\libc_nano.a(libc_a-mallocr.o)
                0x200004e4                __malloc_sbrk_start
 .bss.__malloc_free_list
                0x200004e8        0x4 C:/PROGRAM FILES (X86)/ARM GNU TOOLCHAIN ARM-NONE-EABI/13.3 REL1/BIN/../lib/gcc/arm-none-eabi/13.3.1/thumb/v7e-m+fp/hard\libc_nano.a(libc_a-mallocr.o)
                0x200004e8                __malloc_free_list
 *(COMMON)
                0x200004ec                        . = ALIGN (0x4)
                0x200004ec                        _ebss = .
                0x200004ec                        __bss_end__ = _ebss

._user_heap_stack
                0x200004ec      0x604
                0x200004f0                        . = ALIGN (0x8)
 *fill*         0x200004ec        0x4 
                [!provide]                        PROVIDE (end = .)
                0x200004f0                        PROVIDE (_end = .)
                0x200006f0                        . = (. + _Min_Heap_Size)
 *fill*         0x200004f0      0x200 
                0x20000af0                        . = (. + _Min_Stack_Size)
 *fill*         0x200006f0      0x400 
                0x20000af0                        . = ALIGN (0x8)

/DISCARD/
 libc.a(*)
 libm.a(*)
 libgcc.a(*)
OUTPUT(build/Talos.elf elf32-littlearm)
LOAD linker stubs
LOAD C:/PROGRAM FILES (X86)/ARM GNU TOOLCHAIN ARM-NONE-EABI/13.3 REL1/BIN/../lib/gcc/arm-none-eabi/13.3.1/thumb/v7e-m+fp/hard\libc.a
LOAD C:/PROGRAM FILES (X86)/ARM GNU TOOLCHAIN ARM-NONE-EABI/13.3 REL1/BIN/../lib/gcc/arm-none-eabi/13.3.1/thumb/v7e-m+fp/hard\libm.a
LOAD C:/PROGRAM FILES (X86)/ARM GNU TOOLCHAIN ARM-NONE-EABI/13.3 REL1/BIN/../lib/gcc/arm-none-eabi/13.3.1/thumb/v7e-m+fp/hard\libgcc.a

.ARM.attributes
                0x00000000       0x30
 .ARM.attributes
                0x00000000       0x22 C:/PROGRAM FILES (X86)/ARM GNU TOOLCHAIN ARM-NONE-EABI/13.3 REL1/BIN/../lib/gcc/arm-none-eabi/13.3.1/thumb/v7e-m+fp/hard/crti.o
 .ARM.attributes
                0x00000022       0x34 C:/PROGRAM FILES (X86)/ARM GNU TOOLCHAIN ARM-NONE-EABI/13.3 REL1/BIN/../lib/gcc/arm-none-eabi/13.3.1/thumb/v7e-m+fp/hard/crtbegin.o
 .ARM.attributes
                0x00000056       0x34 build/debug/Core/Src/main.o
 .ARM.attributes
                0x0000008a       0x34 build/debug/Core/Src/stm32f4xx_hal_msp.o
 .ARM.attributes
                0x000000be       0x34 build/debug/Core/Src/stm32f4xx_it.o
 .ARM.attributes
                0x000000f2       0x34 build/debug/Core/Src/syscalls.o
 .ARM.attributes
                0x00000126       0x34 build/debug/Core/Src/sysmem.o
 .ARM.attributes
                0x0000015a       0x34 build/debug/Core/Src/system_stm32f4xx.o
 .ARM.attributes
                0x0000018e       0x34 build/debug/Drivers/LSM6DSM/Src/lsm6dsm_reg.o
 .ARM.attributes
                0x000001c2       0x34 build/debug/Drivers/STM32F4xx_HAL_Driver/Src/stm32f4xx_hal.o
 .ARM.attributes
                0x000001f6       0x34 build/debug/Drivers/STM32F4xx_HAL_Driver/Src/stm32f4xx_hal_cortex.o
 .ARM.attributes
                0x0000022a       0x34 build/debug/Drivers/STM32F4xx_HAL_Driver/Src/stm32f4xx_hal_gpio.o
 .ARM.attributes
                0x0000025e       0x34 build/debug/Drivers/STM32F4xx_HAL_Driver/Src/stm32f4xx_hal_i2c.o
 .ARM.attributes
                0x00000292       0x34 build/debug/Drivers/STM32F4xx_HAL_Driver/Src/stm32f4xx_hal_rcc.o
 .ARM.attributes
                0x000002c6       0x34 build/debug/Drivers/STM32F4xx_HAL_Driver/Src/stm32f4xx_hal_sd.o
 .ARM.attributes
                0x000002fa       0x34 build/debug/Drivers/STM32F4xx_HAL_Driver/Src/stm32f4xx_hal_spi.o
 .ARM.attributes
                0x0000032e       0x34 build/debug/Drivers/STM32F4xx_HAL_Driver/Src/stm32f4xx_hal_uart.o
 .ARM.attributes
                0x00000362       0x34 build/debug/Drivers/STM32F4xx_HAL_Driver/Src/stm32f4xx_ll_sdmmc.o
 .ARM.attributes
                0x00000396       0x34 build/debug/FATFS/App/fatfs.o
 .ARM.attributes
                0x000003ca       0x34 build/debug/FATFS/Target/bsp_driver_sd.o
 .ARM.attributes
                0x000003fe       0x34 build/debug/FATFS/Target/fatfs_platform.o
 .ARM.attributes
                0x00000432       0x34 build/debug/FATFS/Target/sd_diskio.o
 .ARM.attributes
                0x00000466       0x34 build/debug/Middlewares/Third_Party/FatFs/src/ff_gen_drv.o
 .ARM.attributes
                0x0000049a       0x21 build/debug/startup_stm32f405xx.o
 .ARM.attributes
                0x000004bb       0x34 C:/PROGRAM FILES (X86)/ARM GNU TOOLCHAIN ARM-NONE-EABI/13.3 REL1/BIN/../lib/gcc/arm-none-eabi/13.3.1/thumb/v7e-m+fp/hard\libc_nano.a(libc_a-nano-vfprintf_float.o)
 .ARM.attributes
                0x000004ef       0x34 C:/PROGRAM FILES (X86)/ARM GNU TOOLCHAIN ARM-NONE-EABI/13.3 REL1/BIN/../lib/gcc/arm-none-eabi/13.3.1/thumb/v7e-m+fp/hard\libc_nano.a(libc_a-nano-vfprintf_i.o)
 .ARM.attributes
                0x00000523       0x34 C:/PROGRAM FILES (X86)/ARM GNU TOOLCHAIN ARM-NONE-EABI/13.3 REL1/BIN/../lib/gcc/arm-none-eabi/13.3.1/thumb/v7e-m+fp/hard\libc_nano.a(libc_a-nano-vfscanf_float.o)
 .ARM.attributes
                0x00000557       0x34 C:/PROGRAM FILES (X86)/ARM GNU TOOLCHAIN ARM-NONE-EABI/13.3 REL1/BIN/../lib/gcc/arm-none-eabi/13.3.1/thumb/v7e-m+fp/hard\libc_nano.a(libc_a-findfp.o)
 .ARM.attributes
                0x0000058b       0x34 C:/PROGRAM FILES (X86)/ARM GNU TOOLCHAIN ARM-NONE-EABI/13.3 REL1/BIN/../lib/gcc/arm-none-eabi/13.3.1/thumb/v7e-m+fp/hard\libc_nano.a(libc_a-fwalk.o)
 .ARM.attributes
                0x000005bf       0x34 C:/PROGRAM FILES (X86)/ARM GNU TOOLCHAIN ARM-NONE-EABI/13.3 REL1/BIN/../lib/gcc/arm-none-eabi/13.3.1/thumb/v7e-m+fp/hard\libc_nano.a(libc_a-printf.o)
 .ARM.attributes
                0x000005f3       0x34 C:/PROGRAM FILES (X86)/ARM GNU TOOLCHAIN ARM-NONE-EABI/13.3 REL1/BIN/../lib/gcc/arm-none-eabi/13.3.1/thumb/v7e-m+fp/hard\libc_nano.a(libc_a-sprintf.o)
 .ARM.attributes
                0x00000627       0x34 C:/PROGRAM FILES (X86)/ARM GNU TOOLCHAIN ARM-NONE-EABI/13.3 REL1/BIN/../lib/gcc/arm-none-eabi/13.3.1/thumb/v7e-m+fp/hard\libc_nano.a(libc_a-stdio.o)
 .ARM.attributes
                0x0000065b       0x34 C:/PROGRAM FILES (X86)/ARM GNU TOOLCHAIN ARM-NONE-EABI/13.3 REL1/BIN/../lib/gcc/arm-none-eabi/13.3.1/thumb/v7e-m+fp/hard\libc_nano.a(libc_a-memset.o)
 .ARM.attributes
                0x0000068f       0x34 C:/PROGRAM FILES (X86)/ARM GNU TOOLCHAIN ARM-NONE-EABI/13.3 REL1/BIN/../lib/gcc/arm-none-eabi/13.3.1/thumb/v7e-m+fp/hard\libc_nano.a(libc_a-localeconv.o)
 .ARM.attributes
                0x000006c3       0x34 C:/PROGRAM FILES (X86)/ARM GNU TOOLCHAIN ARM-NONE-EABI/13.3 REL1/BIN/../lib/gcc/arm-none-eabi/13.3.1/thumb/v7e-m+fp/hard\libc_nano.a(libc_a-closer.o)
 .ARM.attributes
                0x000006f7       0x34 C:/PROGRAM FILES (X86)/ARM GNU TOOLCHAIN ARM-NONE-EABI/13.3 REL1/BIN/../lib/gcc/arm-none-eabi/13.3.1/thumb/v7e-m+fp/hard\libc_nano.a(libc_a-reent.o)
 .ARM.attributes
                0x0000072b       0x34 C:/PROGRAM FILES (X86)/ARM GNU TOOLCHAIN ARM-NONE-EABI/13.3 REL1/BIN/../lib/gcc/arm-none-eabi/13.3.1/thumb/v7e-m+fp/hard\libc_nano.a(libc_a-impure.o)
 .ARM.attributes
                0x0000075f       0x34 C:/PROGRAM FILES (X86)/ARM GNU TOOLCHAIN ARM-NONE-EABI/13.3 REL1/BIN/../lib/gcc/arm-none-eabi/13.3.1/thumb/v7e-m+fp/hard\libc_nano.a(libc_a-lseekr.o)
 .ARM.attributes
                0x00000793       0x34 C:/PROGRAM FILES (X86)/ARM GNU TOOLCHAIN ARM-NONE-EABI/13.3 REL1/BIN/../lib/gcc/arm-none-eabi/13.3.1/thumb/v7e-m+fp/hard\libc_nano.a(libc_a-readr.o)
 .ARM.attributes
                0x000007c7       0x34 C:/PROGRAM FILES (X86)/ARM GNU TOOLCHAIN ARM-NONE-EABI/13.3 REL1/BIN/../lib/gcc/arm-none-eabi/13.3.1/thumb/v7e-m+fp/hard\libc_nano.a(libc_a-writer.o)
 .ARM.attributes
                0x000007fb       0x34 C:/PROGRAM FILES (X86)/ARM GNU TOOLCHAIN ARM-NONE-EABI/13.3 REL1/BIN/../lib/gcc/arm-none-eabi/13.3.1/thumb/v7e-m+fp/hard\libc_nano.a(libc_a-errno.o)
 .ARM.attributes
                0x0000082f       0x34 C:/PROGRAM FILES (X86)/ARM GNU TOOLCHAIN ARM-NONE-EABI/13.3 REL1/BIN/../lib/gcc/arm-none-eabi/13.3.1/thumb/v7e-m+fp/hard\libc_nano.a(libc_a-init.o)
 .ARM.attributes
                0x00000863       0x34 C:/PROGRAM FILES (X86)/ARM GNU TOOLCHAIN ARM-NONE-EABI/13.3 REL1/BIN/../lib/gcc/arm-none-eabi/13.3.1/thumb/v7e-m+fp/hard\libc_nano.a(libc_a-lock.o)
 .ARM.attributes
                0x00000897       0x1c C:/PROGRAM FILES (X86)/ARM GNU TOOLCHAIN ARM-NONE-EABI/13.3 REL1/BIN/../lib/gcc/arm-none-eabi/13.3.1/thumb/v7e-m+fp/hard\libc_nano.a(libc_a-memchr.o)
 .ARM.attributes
                0x000008b3       0x17 C:/PROGRAM FILES (X86)/ARM GNU TOOLCHAIN ARM-NONE-EABI/13.3 REL1/BIN/../lib/gcc/arm-none-eabi/13.3.1/thumb/v7e-m+fp/hard\libc_nano.a(libc_a-strlen.o)
 .ARM.attributes
                0x000008ca       0x34 C:/PROGRAM FILES (X86)/ARM GNU TOOLCHAIN ARM-NONE-EABI/13.3 REL1/BIN/../lib/gcc/arm-none-eabi/13.3.1/thumb/v7e-m+fp/hard\libc_nano.a(libm_a-sf_nan.o)
 .ARM.attributes
                0x000008fe       0x34 C:/PROGRAM FILES (X86)/ARM GNU TOOLCHAIN ARM-NONE-EABI/13.3 REL1/BIN/../lib/gcc/arm-none-eabi/13.3.1/thumb/v7e-m+fp/hard\libc_nano.a(libc_a-dtoa.o)
 .ARM.attributes
                0x00000932       0x34 C:/PROGRAM FILES (X86)/ARM GNU TOOLCHAIN ARM-NONE-EABI/13.3 REL1/BIN/../lib/gcc/arm-none-eabi/13.3.1/thumb/v7e-m+fp/hard\libc_nano.a(libc_a-freer.o)
 .ARM.attributes
                0x00000966       0x34 C:/PROGRAM FILES (X86)/ARM GNU TOOLCHAIN ARM-NONE-EABI/13.3 REL1/BIN/../lib/gcc/arm-none-eabi/13.3.1/thumb/v7e-m+fp/hard\libc_nano.a(libc_a-malloc.o)
 .ARM.attributes
                0x0000099a       0x34 C:/PROGRAM FILES (X86)/ARM GNU TOOLCHAIN ARM-NONE-EABI/13.3 REL1/BIN/../lib/gcc/arm-none-eabi/13.3.1/thumb/v7e-m+fp/hard\libc_nano.a(libc_a-mallocr.o)
 .ARM.attributes
                0x000009ce       0x34 C:/PROGRAM FILES (X86)/ARM GNU TOOLCHAIN ARM-NONE-EABI/13.3 REL1/BIN/../lib/gcc/arm-none-eabi/13.3.1/thumb/v7e-m+fp/hard\libc_nano.a(libc_a-mlock.o)
 .ARM.attributes
                0x00000a02       0x34 C:/PROGRAM FILES (X86)/ARM GNU TOOLCHAIN ARM-NONE-EABI/13.3 REL1/BIN/../lib/gcc/arm-none-eabi/13.3.1/thumb/v7e-m+fp/hard\libc_nano.a(libc_a-mprec.o)
 .ARM.attributes
                0x00000a36       0x34 C:/PROGRAM FILES (X86)/ARM GNU TOOLCHAIN ARM-NONE-EABI/13.3 REL1/BIN/../lib/gcc/arm-none-eabi/13.3.1/thumb/v7e-m+fp/hard\libc_nano.a(libc_a-strtod.o)
 .ARM.attributes
                0x00000a6a       0x34 C:/PROGRAM FILES (X86)/ARM GNU TOOLCHAIN ARM-NONE-EABI/13.3 REL1/BIN/../lib/gcc/arm-none-eabi/13.3.1/thumb/v7e-m+fp/hard\libc_nano.a(libc_a-strtol.o)
 .ARM.attributes
                0x00000a9e       0x34 C:/PROGRAM FILES (X86)/ARM GNU TOOLCHAIN ARM-NONE-EABI/13.3 REL1/BIN/../lib/gcc/arm-none-eabi/13.3.1/thumb/v7e-m+fp/hard\libc_nano.a(libc_a-ctype_.o)
 .ARM.attributes
                0x00000ad2       0x34 C:/PROGRAM FILES (X86)/ARM GNU TOOLCHAIN ARM-NONE-EABI/13.3 REL1/BIN/../lib/gcc/arm-none-eabi/13.3.1/thumb/v7e-m+fp/hard\libc_nano.a(libc_a-nano-svfprintf.o)
 .ARM.attributes
                0x00000b06       0x34 C:/PROGRAM FILES (X86)/ARM GNU TOOLCHAIN ARM-NONE-EABI/13.3 REL1/BIN/../lib/gcc/arm-none-eabi/13.3.1/thumb/v7e-m+fp/hard\libc_nano.a(libc_a-nano-vfprintf.o)
 .ARM.attributes
                0x00000b3a       0x34 C:/PROGRAM FILES (X86)/ARM GNU TOOLCHAIN ARM-NONE-EABI/13.3 REL1/BIN/../lib/gcc/arm-none-eabi/13.3.1/thumb/v7e-m+fp/hard\libc_nano.a(libc_a-fflush.o)
 .ARM.attributes
                0x00000b6e       0x34 C:/PROGRAM FILES (X86)/ARM GNU TOOLCHAIN ARM-NONE-EABI/13.3 REL1/BIN/../lib/gcc/arm-none-eabi/13.3.1/thumb/v7e-m+fp/hard\libc_nano.a(libc_a-wbuf.o)
 .ARM.attributes
                0x00000ba2       0x34 C:/PROGRAM FILES (X86)/ARM GNU TOOLCHAIN ARM-NONE-EABI/13.3 REL1/BIN/../lib/gcc/arm-none-eabi/13.3.1/thumb/v7e-m+fp/hard\libc_nano.a(libc_a-wsetup.o)
 .ARM.attributes
                0x00000bd6       0x34 C:/PROGRAM FILES (X86)/ARM GNU TOOLCHAIN ARM-NONE-EABI/13.3 REL1/BIN/../lib/gcc/arm-none-eabi/13.3.1/thumb/v7e-m+fp/hard\libc_nano.a(libc_a-memmove.o)
 .ARM.attributes
                0x00000c0a       0x34 C:/PROGRAM FILES (X86)/ARM GNU TOOLCHAIN ARM-NONE-EABI/13.3 REL1/BIN/../lib/gcc/arm-none-eabi/13.3.1/thumb/v7e-m+fp/hard\libc_nano.a(libc_a-strncmp.o)
 .ARM.attributes
                0x00000c3e       0x34 C:/PROGRAM FILES (X86)/ARM GNU TOOLCHAIN ARM-NONE-EABI/13.3 REL1/BIN/../lib/gcc/arm-none-eabi/13.3.1/thumb/v7e-m+fp/hard\libc_nano.a(libc_a-locale.o)
 .ARM.attributes