Archive member included to satisfy reference by file (symbol)

C:/PROGRAM FILES (X86)/ARM GNU TOOLCHAIN ARM-NONE-EABI/13.3 REL1/BIN/../lib/gcc/arm-none-eabi/13.3.1/thumb/v7e-m+fp/hard\libc_nano.a(libc_a-exit.o)
                              C:/PROGRAM FILES (X86)/ARM GNU TOOLCHAIN ARM-NONE-EABI/13.3 REL1/BIN/../lib/gcc/arm-none-eabi/13.3.1/thumb/v7e-m+fp/hard/crt0.o (exit)
C:/PROGRAM FILES (X86)/ARM GNU TOOLCHAIN ARM-NONE-EABI/13.3 REL1/BIN/../lib/gcc/arm-none-eabi/13.3.1/thumb/v7e-m+fp/hard\libc_nano.a(libc_a-nano-vfprintf_float.o)
                              (_printf_float)
C:/PROGRAM FILES (X86)/ARM GNU TOOLCHAIN ARM-NONE-EABI/13.3 REL1/BIN/../lib/gcc/arm-none-eabi/13.3.1/thumb/v7e-m+fp/hard\libc_nano.a(libc_a-nano-vfprintf_i.o)
                              C:/PROGRAM FILES (X86)/ARM GNU TOOLCHAIN ARM-NONE-EABI/13.3 REL1/BIN/../lib/gcc/arm-none-eabi/13.3.1/thumb/v7e-m+fp/hard\libc_nano.a(libc_a-nano-vfprintf_float.o) (_printf_common)
C:/PROGRAM FILES (X86)/ARM GNU TOOLCHAIN ARM-NONE-EABI/13.3 REL1/BIN/../lib/gcc/arm-none-eabi/13.3.1/thumb/v7e-m+fp/hard\libc_nano.a(libc_a-nano-vfscanf_float.o)
                              (_scanf_float)
C:/PROGRAM FILES (X86)/ARM GNU TOOLCHAIN ARM-NONE-EABI/13.3 REL1/BIN/../lib/gcc/arm-none-eabi/13.3.1/thumb/v7e-m+fp/hard\libc_nano.a(libc_a-findfp.o)
                              C:/PROGRAM FILES (X86)/ARM GNU TOOLCHAIN ARM-NONE-EABI/13.3 REL1/BIN/../lib/gcc/arm-none-eabi/13.3.1/thumb/v7e-m+fp/hard\libc_nano.a(libc_a-exit.o) (__stdio_exit_handler)
C:/PROGRAM FILES (X86)/ARM GNU TOOLCHAIN ARM-NONE-EABI/13.3 REL1/BIN/../lib/gcc/arm-none-eabi/13.3.1/thumb/v7e-m+fp/hard\libc_nano.a(libc_a-fwalk.o)
                              C:/PROGRAM FILES (X86)/ARM GNU TOOLCHAIN ARM-NONE-EABI/13.3 REL1/BIN/../lib/gcc/arm-none-eabi/13.3.1/thumb/v7e-m+fp/hard\libc_nano.a(libc_a-findfp.o) (_fwalk_sglue)
C:/PROGRAM FILES (X86)/ARM GNU TOOLCHAIN ARM-NONE-EABI/13.3 REL1/BIN/../lib/gcc/arm-none-eabi/13.3.1/thumb/v7e-m+fp/hard\libc_nano.a(libc_a-printf.o)
                              build/release/main.o (printf)
C:/PROGRAM FILES (X86)/ARM GNU TOOLCHAIN ARM-NONE-EABI/13.3 REL1/BIN/../lib/gcc/arm-none-eabi/13.3.1/thumb/v7e-m+fp/hard\libc_nano.a(libc_a-sprintf.o)
                              C:/PROGRAM FILES (X86)/ARM GNU TOOLCHAIN ARM-NONE-EABI/13.3 REL1/BIN/../lib/gcc/arm-none-eabi/13.3.1/thumb/v7e-m+fp/hard\libc_nano.a(libc_a-nano-vfscanf_float.o) (sprintf)
C:/PROGRAM FILES (X86)/ARM GNU TOOLCHAIN ARM-NONE-EABI/13.3 REL1/BIN/../lib/gcc/arm-none-eabi/13.3.1/thumb/v7e-m+fp/hard\libc_nano.a(libc_a-stdio.o)
                              C:/PROGRAM FILES (X86)/ARM GNU TOOLCHAIN ARM-NONE-EABI/13.3 REL1/BIN/../lib/gcc/arm-none-eabi/13.3.1/thumb/v7e-m+fp/hard\libc_nano.a(libc_a-findfp.o) (__sread)
C:/PROGRAM FILES (X86)/ARM GNU TOOLCHAIN ARM-NONE-EABI/13.3 REL1/BIN/../lib/gcc/arm-none-eabi/13.3.1/thumb/v7e-m+fp/hard\libc_nano.a(libc_a-memset.o)
                              C:/PROGRAM FILES (X86)/ARM GNU TOOLCHAIN ARM-NONE-EABI/13.3 REL1/BIN/../lib/gcc/arm-none-eabi/13.3.1/thumb/v7e-m+fp/hard/crt0.o (memset)
C:/PROGRAM FILES (X86)/ARM GNU TOOLCHAIN ARM-NONE-EABI/13.3 REL1/BIN/../lib/gcc/arm-none-eabi/13.3.1/thumb/v7e-m+fp/hard\libc_nano.a(libc_a-localeconv.o)
                              C:/PROGRAM FILES (X86)/ARM GNU TOOLCHAIN ARM-NONE-EABI/13.3 REL1/BIN/../lib/gcc/arm-none-eabi/13.3.1/thumb/v7e-m+fp/hard\libc_nano.a(libc_a-nano-vfprintf_float.o) (_localeconv_r)
C:/PROGRAM FILES (X86)/ARM GNU TOOLCHAIN ARM-NONE-EABI/13.3 REL1/BIN/../lib/gcc/arm-none-eabi/13.3.1/thumb/v7e-m+fp/hard\libc_nano.a(libc_a-closer.o)
                              C:/PROGRAM FILES (X86)/ARM GNU TOOLCHAIN ARM-NONE-EABI/13.3 REL1/BIN/../lib/gcc/arm-none-eabi/13.3.1/thumb/v7e-m+fp/hard\libc_nano.a(libc_a-stdio.o) (_close_r)
C:/PROGRAM FILES (X86)/ARM GNU TOOLCHAIN ARM-NONE-EABI/13.3 REL1/BIN/../lib/gcc/arm-none-eabi/13.3.1/thumb/v7e-m+fp/hard\libc_nano.a(libc_a-reent.o)
                              C:/PROGRAM FILES (X86)/ARM GNU TOOLCHAIN ARM-NONE-EABI/13.3 REL1/BIN/../lib/gcc/arm-none-eabi/13.3.1/thumb/v7e-m+fp/hard\libc_nano.a(libc_a-closer.o) (errno)
C:/PROGRAM FILES (X86)/ARM GNU TOOLCHAIN ARM-NONE-EABI/13.3 REL1/BIN/../lib/gcc/arm-none-eabi/13.3.1/thumb/v7e-m+fp/hard\libc_nano.a(libc_a-impure.o)
                              C:/PROGRAM FILES (X86)/ARM GNU TOOLCHAIN ARM-NONE-EABI/13.3 REL1/BIN/../lib/gcc/arm-none-eabi/13.3.1/thumb/v7e-m+fp/hard\libc_nano.a(libc_a-printf.o) (_impure_ptr)
C:/PROGRAM FILES (X86)/ARM GNU TOOLCHAIN ARM-NONE-EABI/13.3 REL1/BIN/../lib/gcc/arm-none-eabi/13.3.1/thumb/v7e-m+fp/hard\libc_nano.a(libc_a-lseekr.o)
                              C:/PROGRAM FILES (X86)/ARM GNU TOOLCHAIN ARM-NONE-EABI/13.3 REL1/BIN/../lib/gcc/arm-none-eabi/13.3.1/thumb/v7e-m+fp/hard\libc_nano.a(libc_a-stdio.o) (_lseek_r)
C:/PROGRAM FILES (X86)/ARM GNU TOOLCHAIN ARM-NONE-EABI/13.3 REL1/BIN/../lib/gcc/arm-none-eabi/13.3.1/thumb/v7e-m+fp/hard\libc_nano.a(libc_a-readr.o)
[...]
Memory Configuration

Name             Origin             Length             Attributes
RAM              0x20000000         0x00020000         xrw
CCMRAM           0x10000000         0x00010000         xrw
FLASH            0x08000000         0x00100000         xr
*default*        0x00000000         0xffffffff

Linker script and memory map

LOAD C:/PROGRAM FILES (X86)/ARM GNU TOOLCHAIN ARM-NONE-EABI/13.3 REL1/BIN/../lib/gcc/arm-none-eabi/13.3.1/thumb/v7e-m+fp/hard/crti.o
LOAD C:/PROGRAM FILES (X86)/ARM GNU TOOLCHAIN ARM-NONE-EABI/13.3 REL1/BIN/../lib/gcc/arm-none-eabi/13.3.1/thumb/v7e-m+fp/hard/crtbegin.o
LOAD C:/PROGRAM FILES (X86)/ARM GNU TOOLCHAIN ARM-NONE-EABI/13.3 REL1/BIN/../lib/gcc/arm-none-eabi/13.3.1/thumb/v7e-m+fp/hard/crt0.o
LOAD build/release/bmp5.o
LOAD build/release/bsp_driver_sd.o
LOAD build/release/diskio.o
LOAD build/release/fatfs.o
LOAD build/release/fatfs_platform.o
LOAD build/release/ff.o
LOAD build/release/ff_gen_drv.o
LOAD build/release/llcc68.o
LOAD build/release/lsm6dsm_reg.o
LOAD build/release/main.o
LOAD build/release/sd_diskio.o
LOAD build/release/stm32f4xx_hal.o
LOAD build/release/stm32f4xx_hal_cortex.o
LOAD build/release/stm32f4xx_hal_dma.o
LOAD build/release/stm32f4xx_hal_dma_ex.o
LOAD build/release/stm32f4xx_hal_exti.o
LOAD build/release/stm32f4xx_hal_flash.o
LOAD build/release/stm32f4xx_hal_flash_ex.o
LOAD build/release/stm32f4xx_hal_flash_ramfunc.o
LOAD build/release/stm32f4xx_hal_gpio.o
LOAD build/release/stm32f4xx_hal_i2c.o
LOAD build/release/stm32f4xx_hal_i2c_ex.o
LOAD build/release/stm32f4xx_hal_mmc.o
LOAD build/release/stm32f4xx_hal_msp.o
LOAD build/release/stm32f4xx_hal_pwr.o
LOAD build/release/stm32f4xx_hal_pwr_ex.o
LOAD build/release/stm32f4xx_hal_rcc.o
LOAD build/release/stm32f4xx_hal_rcc_ex.o
LOAD build/release/stm32f4xx_hal_sd.o
LOAD build/release/stm32f4xx_hal_spi.o
LOAD build/release/stm32f4xx_hal_uart.o
LOAD build/release/stm32f4xx_it.o
LOAD build/release/stm32f4xx_ll_sdmmc.o
LOAD build/release/syscall.o
LOAD build/release/syscalls.o
LOAD build/release/sysmem.o
LOAD build/release/system_stm32f4xx.o
LOAD build/release/startup_stm32f405xx.o
LOAD C:/PROGRAM FILES (X86)/ARM GNU TOOLCHAIN ARM-NONE-EABI/13.3 REL1/BIN/../lib/gcc/arm-none-eabi/13.3.1/thumb/v7e-m+fp/hard\libc_nano.a
LOAD C:/PROGRAM FILES (X86)/ARM GNU TOOLCHAIN ARM-NONE-EABI/13.3 REL1/BIN/../lib/gcc/arm-none-eabi/13.3.1/thumb/v7e-m+fp/hard\libm.a
LOAD C:/PROGRAM FILES (X86)/ARM GNU TOOLCHAIN ARM-NONE-EABI/13.3 REL1/BIN/../lib/gcc/arm-none-eabi/13.3.1/thumb/v7e-m+fp/hard\libnosys.a
START GROUP
LOAD C:/PROGRAM FILES (X86)/ARM GNU TOOLCHAIN ARM-NONE-EABI/13.3 REL1/BIN/../lib/gcc/arm-none-eabi/13.3.1/thumb/v7e-m+fp/hard\libgcc.a
LOAD C:/PROGRAM FILES (X86)/ARM GNU TOOLCHAIN ARM-NONE-EABI/13.3 REL1/BIN/../lib/gcc/arm-none-eabi/13.3.1/thumb/v7e-m+fp/hard\libc_nano.a
END GROUP
START GROUP
LOAD C:/PROGRAM FILES (X86)/ARM GNU TOOLCHAIN ARM-NONE-EABI/13.3 REL1/BIN/../lib/gcc/arm-none-eabi/13.3.1/thumb/v7e-m+fp/hard\libgcc.a
LOAD C:/PROGRAM FILES (X86)/ARM GNU TOOLCHAIN ARM-NONE-EABI/13.3 REL1/BIN/../lib/gcc/arm-none-eabi/13.3.1/thumb/v7e-m+fp/hard\libc_nano.a
END GROUP
LOAD C:/PROGRAM FILES (X86)/ARM GNU TOOLCHAIN ARM-NONE-EABI/13.3 REL1/BIN/../lib/gcc/arm-none-eabi/13.3.1/thumb/v7e-m+fp/hard/crtend.o
LOAD C:/PROGRAM FILES (X86)/ARM GNU TOOLCHAIN ARM-NONE-EABI/13.3 REL1/BIN/../lib/gcc/arm-none-eabi/13.3.1/thumb/v7e-m+fp/hard/crtn.o
                0x20020000                        _estack = (ORIGIN (RAM) + LENGTH (RAM))
                0x00000200                        _Min_Heap_Size = 0x200
                0x00000400                        _Min_Stack_Size = 0x400

.isr_vector     0x08000000      0x188
                0x08000000                        . = ALIGN (0x4)
 *(.isr_vector)
 .isr_vector    0x08000000      0x188 build/release/startup_stm32f405xx.o
                0x08000000                g_pfnVectors
                0x08000188                        . = ALIGN (0x4)

.text           0x08000190     0x9524
                0x08000190                        . = ALIGN (0x4)
 *(.text)
 .text          0x08000190       0xa0 C:/PROGRAM FILES (X86)/ARM GNU TOOLCHAIN ARM-NONE-EABI/13.3 REL1/BIN/../lib/gcc/arm-none-eabi/13.3.1/thumb/v7e-m+fp/hard\libc_nano.a(libc_a-memchr.o)
                0x08000190                memchr
 .text          0x08000230       0x10 C:/PROGRAM FILES (X86)/ARM GNU TOOLCHAIN ARM-NONE-EABI/13.3 REL1/BIN/../lib/gcc/arm-none-eabi/13.3.1/thumb/v7e-m+fp/hard\libc_nano.a(libc_a-strlen.o)
                0x08000230                strlen
 .text          0x08000240      0x378 C:/PROGRAM FILES (X86)/ARM GNU TOOLCHAIN ARM-NONE-EABI/13.3 REL1/BIN/../lib/gcc/arm-none-eabi/13.3.1/thumb/v7e-m+fp/hard\libgcc.a(_arm_addsubdf3.o)
                0x08000240                __aeabi_drsub
                0x08000248                __aeabi_dsub
                0x08000248                __subdf3
                0x0800024c                __aeabi_dadd
                0x0800024c                __adddf3
                0x080004c4                __floatunsidf
                0x080004c4                __aeabi_ui2d
                0x080004e4                __floatsidf
                0x080004e4                __aeabi_i2d
                0x08000508                __aeabi_f2d
                0x08000508                __extendsfdf2
                0x0800054c                __floatundidf
                0x0800054c                __aeabi_ul2d
                0x0800055c                __floatdidf
                0x0800055c                __aeabi_l2d
 .text          0x080005b8      0x424 C:/PROGRAM FILES (X86)/ARM GNU TOOLCHAIN ARM-NONE-EABI/13.3 REL1/BIN/../lib/gcc/arm-none-eabi/13.3.1/thumb/v7e-m+fp/hard\libgcc.a(_arm_muldivdf3.o)
                0x080005b8                __aeabi_dmul
                0x080005b8                __muldf3
                0x0800080c                __divdf3
                0x0800080c                __aeabi_ddiv
 .text          0x080009dc      0x110 C:/PROGRAM FILES (X86)/ARM GNU TOOLCHAIN ARM-NONE-EABI/13.3 REL1/BIN/../lib/gcc/arm-none-eabi/13.3.1/thumb/v7e-m+fp/hard\libgcc.a(_arm_cmpdf2.o)
                0x080009dc                __gtdf2
                0x080009dc                __gedf2
                0x080009e4                __ltdf2
                0x080009e4                __ledf2
                0x080009ec                __nedf2
                0x080009ec                __eqdf2
                0x080009ec                __cmpdf2
                0x08000a68                __aeabi_cdrcmple
                0x08000a78                __aeabi_cdcmpeq
                0x08000a78                __aeabi_cdcmple
                0x08000a88                __aeabi_dcmpeq
                0x08000a9c                __aeabi_dcmplt
                0x08000ab0                __aeabi_dcmple
                0x08000ac4                __aeabi_dcmpge
                0x08000ad8                __aeabi_dcmpgt
 .text          0x08000aec       0x2c C:/PROGRAM FILES (X86)/ARM GNU TOOLCHAIN ARM-NONE-EABI/13.3 REL1/BIN/../lib/gcc/arm-none-eabi/13.3.1/thumb/v7e-m+fp/hard\libgcc.a(_arm_unorddf2.o)
                0x08000aec                __unorddf2
                0x08000aec                __aeabi_dcmpun
 .text          0x08000b18       0x50 C:/PROGRAM FILES (X86)/ARM GNU TOOLCHAIN ARM-NONE-EABI/13.3 REL1/BIN/../lib/gcc/arm-none-eabi/13.3.1/thumb/v7e-m+fp/hard\libgcc.a(_arm_fixdfsi.o)
                0x08000b18                __aeabi_d2iz
                0x08000b18                __fixdfsi
 .text          0x08000b68       0x40 C:/PROGRAM FILES (X86)/ARM GNU TOOLCHAIN ARM-NONE-EABI/13.3 REL1/BIN/../lib/gcc/arm-none-eabi/13.3.1/thumb/v7e-m+fp/hard\libgcc.a(_arm_fixunsdfsi.o)
                0x08000b68                __aeabi_d2uiz
                0x08000b68                __fixunsdfsi
 .text          0x08000ba8       0xa0 C:/PROGRAM FILES (X86)/ARM GNU TOOLCHAIN ARM-NONE-EABI/13.3 REL1/BIN/../lib/gcc/arm-none-eabi/13.3.1/thumb/v7e-m+fp/hard\libgcc.a(_arm_truncdfsf2.o)
                0x08000ba8                __truncdfsf2
                0x08000ba8                __aeabi_d2f
 .text          0x08000c48       0x30 C:/PROGRAM FILES (X86)/ARM GNU TOOLCHAIN ARM-NONE-EABI/13.3 REL1/BIN/../lib/gcc/arm-none-eabi/13.3.1/thumb/v7e-m+fp/hard\libgcc.a(_aeabi_uldivmod.o)
                0x08000c48                __aeabi_uldivmod
 .text          0x08000c78        0x4 C:/PROGRAM FILES (X86)/ARM GNU TOOLCHAIN ARM-NONE-EABI/13.3 REL1/BIN/../lib/gcc/arm-none-eabi/13.3.1/thumb/v7e-m+fp/hard\libgcc.a(_dvmd_tls.o)
                0x08000c78                __aeabi_idiv0
                0x08000c78                __aeabi_ldiv0
 *(.text*)
 .text.deregister_tm_clones
                0x08000c7c       0x1c C:/PROGRAM FILES (X86)/ARM GNU TOOLCHAIN ARM-NONE-EABI/13.3 REL1/BIN/../lib/gcc/arm-none-eabi/13.3.1/thumb/v7e-m+fp/hard/crtbegin.o
 .text.register_tm_clones
                0x08000c98       0x24 C:/PROGRAM FILES (X86)/ARM GNU TOOLCHAIN ARM-NONE-EABI/13.3 REL1/BIN/../lib/gcc/arm-none-eabi/13.3.1/thumb/v7e-m+fp/hard/crtbegin.o
 .text.__do_global_dtors_aux
                0x08000cbc       0x28 C:/PROGRAM FILES (X86)/ARM GNU TOOLCHAIN ARM-NONE-EABI/13.3 REL1/BIN/../lib/gcc/arm-none-eabi/13.3.1/thumb/v7e-m+fp/hard/crtbegin.o
 .text.frame_dummy
                0x08000ce4       0x24 C:/PROGRAM FILES (X86)/ARM GNU TOOLCHAIN ARM-NONE-EABI/13.3 REL1/BIN/../lib/gcc/arm-none-eabi/13.3.1/thumb/v7e-m+fp/hard/crtbegin.o
 .text.BSP_SD_ReadBlocks
                0x08000d08       0x20 build/release/bsp_driver_sd.o
                0x08000d08                BSP_SD_ReadBlocks
 .text.BSP_SD_WriteBlocks
                0x08000d28       0x20 build/release/bsp_driver_sd.o
                0x08000d28                BSP_SD_WriteBlocks
 .text.BSP_SD_GetCardState
                0x08000d48       0x14 build/release/bsp_driver_sd.o
                0x08000d48                BSP_SD_GetCardState
 .text.BSP_SD_GetCardInfo
                0x08000d5c       0x10 build/release/bsp_driver_sd.o
                0x08000d5c                BSP_SD_GetCardInfo
 .text.BSP_SD_IsDetected
                0x08000d6c       0x20 build/release/bsp_driver_sd.o
                0x08000d6c                BSP_SD_IsDetected
 .text.BSP_SD_Init
                0x08000d8c       0x1c build/release/bsp_driver_sd.o
                0x08000d8c                BSP_SD_Init
 .text.MX_FATFS_Init
                0x08000da8       0x1c build/release/fatfs.o
                0x08000da8                MX_FATFS_Init
 .text.BSP_PlatformIsDetected
                0x08000dc4       0x18 build/release/fatfs_platform.o
                0x08000dc4                BSP_PlatformIsDetected
 .text.FATFS_LinkDriverEx
                0x08000ddc       0x54 build/release/ff_gen_drv.o
                0x08000ddc                FATFS_LinkDriverEx
 .text.FATFS_LinkDriver
                0x08000e30        0xa build/release/ff_gen_drv.o
                0x08000e30                FATFS_LinkDriver
 .text.lsm6dsm_read_reg
                0x08000e3a       0x12 build/release/lsm6dsm_reg.o
                0x08000e3a                lsm6dsm_read_reg
 .text.lsm6dsm_write_reg
                0x08000e4c       0x12 build/release/lsm6dsm_reg.o
                0x08000e4c                lsm6dsm_write_reg
 *fill*         0x08000e5e        0x2 
 .text.lsm6dsm_from_fs2g_to_mg
                0x08000e60       0x18 build/release/lsm6dsm_reg.o
                0x08000e60                lsm6dsm_from_fs2g_to_mg
 .text.lsm6dsm_from_fs2000dps_to_mdps
                0x08000e78       0x18 build/release/lsm6dsm_reg.o
                0x08000e78                lsm6dsm_from_fs2000dps_to_mdps
 .text.lsm6dsm_from_lsb_to_celsius
                0x08000e90       0x20 build/release/lsm6dsm_reg.o
                0x08000e90                lsm6dsm_from_lsb_to_celsius
 .text.lsm6dsm_xl_full_scale_set
                0x08000eb0       0x32 build/release/lsm6dsm_reg.o
                0x08000eb0                lsm6dsm_xl_full_scale_set
 .text.lsm6dsm_xl_data_rate_set
                0x08000ee2       0x32 build/release/lsm6dsm_reg.o
                0x08000ee2                lsm6dsm_xl_data_rate_set
 .text.lsm6dsm_gy_full_scale_set
                0x08000f14       0x32 build/release/lsm6dsm_reg.o
                0x08000f14                lsm6dsm_gy_full_scale_set
 .text.lsm6dsm_gy_data_rate_set
                0x08000f46       0x32 build/release/lsm6dsm_reg.o
                0x08000f46                lsm6dsm_gy_data_rate_set
 .text.lsm6dsm_block_data_update_set
                0x08000f78       0x32 build/release/lsm6dsm_reg.o
                0x08000f78                lsm6dsm_block_data_update_set
 .text.lsm6dsm_status_reg_get
                0x08000faa        0xe build/release/lsm6dsm_reg.o
                0x08000faa                lsm6dsm_status_reg_get
 .text.lsm6dsm_temperature_raw_get
                0x08000fb8       0x24 build/release/lsm6dsm_reg.o
                0x08000fb8                lsm6dsm_temperature_raw_get
 .text.lsm6dsm_angular_rate_raw_get
                0x08000fdc       0x44 build/release/lsm6dsm_reg.o
                0x08000fdc                lsm6dsm_angular_rate_raw_get
 .text.lsm6dsm_acceleration_raw_get
                0x08001020       0x44 build/release/lsm6dsm_reg.o
                0x08001020                lsm6dsm_acceleration_raw_get
 .text.lsm6dsm_device_id_get
                0x08001064        0xe build/release/lsm6dsm_reg.o
                0x08001064                lsm6dsm_device_id_get
 .text.lsm6dsm_reset_get
                0x08001072       0x1e build/release/lsm6dsm_reg.o
                0x08001072                lsm6dsm_reset_get
 .text.lsm6dsm_auto_increment_set
                0x08001090       0x32 build/release/lsm6dsm_reg.o
                0x08001090                lsm6dsm_auto_increment_set
 .text.lsm6dsm_xl_filter_analog_set
                0x080010c2       0x32 build/release/lsm6dsm_reg.o
                0x080010c2                lsm6dsm_xl_filter_analog_set
 .text.lsm6dsm_xl_lp2_bandwidth_set
                0x080010f4       0x54 build/release/lsm6dsm_reg.o
                0x080010f4                lsm6dsm_xl_lp2_bandwidth_set
 .text.lsm6dsm_gy_band_pass_set
                0x08001148       0x9e build/release/lsm6dsm_reg.o
                0x08001148                lsm6dsm_gy_band_pass_set
 .text.lsm6dsm_spi_mode_set
                0x080011e6       0x32 build/release/lsm6dsm_reg.o
                0x080011e6                lsm6dsm_spi_mode_set
 .text.MX_SDIO_SD_Init
                0x08001218       0x20 build/release/main.o
 .text.llcc68_platform_reset
                0x08001238       0x2c build/release/main.o
 .text.platform_delay
                0x08001264        0x8 build/release/main.o
 .text.llcc68_platform_write
                0x0800126c       0x50 build/release/main.o
 .text.lsm6dsm_platform_write
                0x080012bc       0x4c build/release/main.o
 .text.llcc68_platform_read
                0x08001308       0x50 build/release/main.o
 .text.lsm6dsm_platform_read
                0x08001358       0x58 build/release/main.o
 .text.MX_GPIO_Init
                0x080013b0      0x118 build/release/main.o
 .text.kalman_init
                0x080014c8       0x18 build/release/main.o
                0x080014c8                kalman_init
 .text.kalman_update
                0x080014e0       0x46 build/release/main.o
                0x080014e0                kalman_update
 *fill*         0x08001526        0x2 
 .text._write   0x08001528       0x18 build/release/main.o
                0x08001528                _write
 .text.Error_Handler
                0x08001540        0x4 build/release/main.o
                0x08001540                Error_Handler
 .text.MX_USART1_UART_Init
                0x08001544       0x34 build/release/main.o
 .text.MX_I2C1_Init
                0x08001578       0x80 build/release/main.o
 .text.MX_SPI1_Init
                0x080015f8       0x40 build/release/main.o
 .text.SystemClock_Config
                0x08001638       0xa4 build/release/main.o
                0x08001638                SystemClock_Config
 .text.main     0x080016dc      0x47c build/release/main.o
                0x080016dc                main
 .text.SD_CheckStatus
                0x08001b58       0x24 build/release/sd_diskio.o
 .text.SD_initialize
                0x08001b7c       0x28 build/release/sd_diskio.o
                0x08001b7c                SD_initialize
 .text.SD_status
                0x08001ba4        0x8 build/release/sd_diskio.o
                0x08001ba4                SD_status
 .text.SD_read  0x08001bac       0x24 build/release/sd_diskio.o
                0x08001bac                SD_read
 .text.SD_write
                0x08001bd0       0x24 build/release/sd_diskio.o
                0x08001bd0                SD_write
 .text.SD_ioctl
                0x08001bf4       0x58 build/release/sd_diskio.o
                0x08001bf4                SD_ioctl
 .text.HAL_InitTick
                0x08001c4c       0x4c build/release/stm32f4xx_hal.o
                0x08001c4c                HAL_InitTick
 .text.HAL_Init
                0x08001c98       0x34 build/release/stm32f4xx_hal.o
                0x08001c98                HAL_Init
 .text.HAL_IncTick
                0x08001ccc       0x18 build/release/stm32f4xx_hal.o
                0x08001ccc                HAL_IncTick
 .text.HAL_GetTick
                0x08001ce4        0xc build/release/stm32f4xx_hal.o
                0x08001ce4                HAL_GetTick
 .text.HAL_Delay
                0x08001cf0       0x28 build/release/stm32f4xx_hal.o
                0x08001cf0                HAL_Delay
 .text.__NVIC_SetPriority
                0x08001d18       0x28 build/release/stm32f4xx_hal_cortex.o
 .text.NVIC_EncodePriority
                0x08001d40       0x3e build/release/stm32f4xx_hal_cortex.o
 *fill*         0x08001d7e        0x2 
 .text.HAL_NVIC_SetPriorityGrouping
                0x08001d80       0x24 build/release/stm32f4xx_hal_cortex.o
                0x08001d80                HAL_NVIC_SetPriorityGrouping
 .text.HAL_NVIC_SetPriority
                0x08001da4       0x20 build/release/stm32f4xx_hal_cortex.o
                0x08001da4                HAL_NVIC_SetPriority
 .text.HAL_SYSTICK_Config
                0x08001dc4       0x28 build/release/stm32f4xx_hal_cortex.o
                0x08001dc4                HAL_SYSTICK_Config
 .text.HAL_GPIO_Init
                0x08001dec      0x1ec build/release/stm32f4xx_hal_gpio.o
                0x08001dec                HAL_GPIO_Init
 .text.HAL_GPIO_ReadPin
                0x08001fd8        0xe build/release/stm32f4xx_hal_gpio.o
                0x08001fd8                HAL_GPIO_ReadPin
 .text.HAL_GPIO_WritePin
                0x08001fe6        0xc build/release/stm32f4xx_hal_gpio.o
                0x08001fe6                HAL_GPIO_WritePin
 .text.I2C_IsAcknowledgeFailed
                0x08001ff2       0x32 build/release/stm32f4xx_hal_i2c.o
 .text.I2C_WaitOnFlagUntilTimeout
                0x08002024       0xaa build/release/stm32f4xx_hal_i2c.o
 .text.I2C_WaitOnMasterAddressFlagUntilTimeout
                0x080020ce       0xd6 build/release/stm32f4xx_hal_i2c.o
 .text.I2C_WaitOnTXEFlagUntilTimeout
                0x080021a4       0x5e build/release/stm32f4xx_hal_i2c.o
 *fill*         0x08002202        0x2 
 .text.I2C_RequestMemoryWrite
                0x08002204       0xd8 build/release/stm32f4xx_hal_i2c.o
 .text.I2C_WaitOnBTFFlagUntilTimeout
                0x080022dc       0x5e build/release/stm32f4xx_hal_i2c.o
 *fill*         0x0800233a        0x2 
 .text.HAL_I2C_Init
                0x0800233c      0x1bc build/release/stm32f4xx_hal_i2c.o
                0x0800233c                HAL_I2C_Init
 .text.HAL_I2C_Mem_Write
                0x080024f8      0x164 build/release/stm32f4xx_hal_i2c.o
                0x080024f8                HAL_I2C_Mem_Write
 .text.HAL_I2C_IsDeviceReady
                0x0800265c      0x194 build/release/stm32f4xx_hal_i2c.o
                0x0800265c                HAL_I2C_IsDeviceReady
 .text.HAL_MspInit
                0x080027f0       0x38 build/release/stm32f4xx_hal_msp.o
                0x080027f0                HAL_MspInit
 .text.HAL_I2C_MspInit
                0x08002828       0x70 build/release/stm32f4xx_hal_msp.o
                0x08002828                HAL_I2C_MspInit
 .text.HAL_SD_MspInit
                0x08002898       0xa0 build/release/stm32f4xx_hal_msp.o
                0x08002898                HAL_SD_MspInit
 .text.HAL_SPI_MspInit
                0x08002938       0x70 build/release/stm32f4xx_hal_msp.o
                0x08002938                HAL_SPI_MspInit
 .text.HAL_UART_MspInit
                0x080029a8       0x74 build/release/stm32f4xx_hal_msp.o
                0x080029a8                HAL_UART_MspInit
 .text.HAL_RCC_OscConfig
                0x08002a1c      0x3f8 build/release/stm32f4xx_hal_rcc.o
                0x08002a1c                HAL_RCC_OscConfig
 .text.HAL_RCC_GetSysClockFreq
                0x08002e14       0xa8 build/release/stm32f4xx_hal_rcc.o
                0x08002e14                HAL_RCC_GetSysClockFreq
 .text.HAL_RCC_ClockConfig
                0x08002ebc      0x160 build/release/stm32f4xx_hal_rcc.o
                0x08002ebc                HAL_RCC_ClockConfig
 .text.HAL_RCC_GetHCLKFreq
                0x0800301c        0xc build/release/stm32f4xx_hal_rcc.o
                0x0800301c                HAL_RCC_GetHCLKFreq
 .text.HAL_RCC_GetPCLK1Freq
                0x08003028       0x20 build/release/stm32f4xx_hal_rcc.o
                0x08003028                HAL_RCC_GetPCLK1Freq
 .text.HAL_RCC_GetPCLK2Freq
                0x08003048       0x20 build/release/stm32f4xx_hal_rcc.o
                0x08003048                HAL_RCC_GetPCLK2Freq
 .text.SD_PowerON
                0x08003068       0xc0 build/release/stm32f4xx_hal_sd.o
 .text.SD_SendStatus
                0x08003128       0x2c build/release/stm32f4xx_hal_sd.o
 .text.HAL_SD_ReadBlocks
                0x08003154      0x250 build/release/stm32f4xx_hal_sd.o
                0x08003154                HAL_SD_ReadBlocks
 .text.HAL_SD_WriteBlocks
                0x080033a4      0x20c build/release/stm32f4xx_hal_sd.o
                0x080033a4                HAL_SD_WriteBlocks
 .text.HAL_SD_GetCardCSD
                0x080035b0      0x1b8 build/release/stm32f4xx_hal_sd.o
                0x080035b0                HAL_SD_GetCardCSD
 .text.SD_InitCard
                0x08003768      0x100 build/release/stm32f4xx_hal_sd.o
 .text.HAL_SD_InitCard
                0x08003868       0xa8 build/release/stm32f4xx_hal_sd.o
                0x08003868                HAL_SD_InitCard
 .text.HAL_SD_Init
                0x08003910       0x36 build/release/stm32f4xx_hal_sd.o
                0x08003910                HAL_SD_Init
 .text.HAL_SD_GetCardInfo
                0x08003946       0x24 build/release/stm32f4xx_hal_sd.o
                0x08003946                HAL_SD_GetCardInfo
 .text.HAL_SD_GetCardState
                0x0800396a       0x22 build/release/stm32f4xx_hal_sd.o
                0x0800396a                HAL_SD_GetCardState
 .text.SPI_WaitFlagStateUntilTimeout
                0x0800398c       0xc8 build/release/stm32f4xx_hal_spi.o
 .text.SPI_EndRxTxTransaction
                0x08003a54       0x80 build/release/stm32f4xx_hal_spi.o
 .text.SPI_EndRxTransaction
                0x08003ad4       0x8c build/release/stm32f4xx_hal_spi.o
 .text.HAL_SPI_Init
                0x08003b60       0xbe build/release/stm32f4xx_hal_spi.o
                0x08003b60                HAL_SPI_Init
 .text.HAL_SPI_Transmit
                0x08003c1e      0x1c4 build/release/stm32f4xx_hal_spi.o
                0x08003c1e                HAL_SPI_Transmit
 .text.HAL_SPI_TransmitReceive
                0x08003de2      0x254 build/release/stm32f4xx_hal_spi.o
                0x08003de2                HAL_SPI_TransmitReceive
 .text.HAL_SPI_Receive
                0x08004036      0x188 build/release/stm32f4xx_hal_spi.o
                0x08004036                HAL_SPI_Receive
 .text.UART_EndRxTransfer
                0x080041be       0x5c build/release/stm32f4xx_hal_uart.o
 *fill*         0x0800421a        0x2 
 .text.UART_SetConfig
                0x0800421c      0x110 build/release/stm32f4xx_hal_uart.o
 .text.UART_WaitOnFlagUntilTimeout
                0x0800432c       0x86 build/release/stm32f4xx_hal_uart.o
 .text.HAL_UART_Init
                0x080043b2       0x60 build/release/stm32f4xx_hal_uart.o
                0x080043b2                HAL_UART_Init
 .text.HAL_UART_Transmit
                0x08004412       0xcc build/release/stm32f4xx_hal_uart.o
                0x08004412                HAL_UART_Transmit
 .text.NMI_Handler
                0x080044de        0x2 build/release/stm32f4xx_it.o
                0x080044de                NMI_Handler
 .text.HardFault_Handler
                0x080044e0        0x2 build/release/stm32f4xx_it.o
                0x080044e0                HardFault_Handler
 .text.MemManage_Handler
                0x080044e2        0x2 build/release/stm32f4xx_it.o
                0x080044e2                MemManage_Handler
 .text.BusFault_Handler
                0x080044e4        0x2 build/release/stm32f4xx_it.o
                0x080044e4                BusFault_Handler
 .text.UsageFault_Handler
                0x080044e6        0x2 build/release/stm32f4xx_it.o
                0x080044e6                UsageFault_Handler
 .text.SVC_Handler
                0x080044e8        0x2 build/release/stm32f4xx_it.o
                0x080044e8                SVC_Handler
 .text.DebugMon_Handler
                0x080044ea        0x2 build/release/stm32f4xx_it.o
                0x080044ea                DebugMon_Handler
 .text.PendSV_Handler
                0x080044ec        0x2 build/release/stm32f4xx_it.o
                0x080044ec                PendSV_Handler
 .text.SysTick_Handler
                0x080044ee        0x8 build/release/stm32f4xx_it.o
                0x080044ee                SysTick_Handler
 *fill*         0x080044f6        0x2 
 .text.SDMMC_GetCmdError
                0x080044f8       0x38 build/release/stm32f4xx_ll_sdmmc.o
 .text.SDIO_Init
                0x08004530       0x32 build/release/stm32f4xx_ll_sdmmc.o
                0x08004530                SDIO_Init
 .text.SDIO_ReadFIFO
                0x08004562        0x6 build/release/stm32f4xx_ll_sdmmc.o
                0x08004562                SDIO_ReadFIFO
 .text.SDIO_WriteFIFO
                0x08004568        0xa build/release/stm32f4xx_ll_sdmmc.o
                0x08004568                SDIO_WriteFIFO
 .text.SDIO_PowerState_ON
                0x08004572        0x8 build/release/stm32f4xx_ll_sdmmc.o
                0x08004572                SDIO_PowerState_ON
 .text.SDIO_GetPowerState
                0x0800457a        0x8 build/release/stm32f4xx_ll_sdmmc.o
                0x0800457a                SDIO_GetPowerState
 .text.SDIO_SendCommand
                0x08004582       0x20 build/release/stm32f4xx_ll_sdmmc.o
                0x08004582                SDIO_SendCommand
 .text.SDIO_GetCommandResponse
                0x080045a2        0x6 build/release/stm32f4xx_ll_sdmmc.o
                0x080045a2                SDIO_GetCommandResponse
 .text.SDIO_GetResponse
                0x080045a8        0x6 build/release/stm32f4xx_ll_sdmmc.o
                0x080045a8                SDIO_GetResponse
 .text.SDIO_ConfigData
                0x080045ae       0x24 build/release/stm32f4xx_ll_sdmmc.o
                0x080045ae                SDIO_ConfigData
 .text.SDMMC_CmdGoIdleState
                0x080045d2       0x26 build/release/stm32f4xx_ll_sdmmc.o
                0x080045d2                SDMMC_CmdGoIdleState
 .text.SDMMC_GetCmdResp1
                0x080045f8      0x154 build/release/stm32f4xx_ll_sdmmc.o
                0x080045f8                SDMMC_GetCmdResp1
 .text.SDMMC_CmdBlockLength
                0x0800474c       0x30 build/release/stm32f4xx_ll_sdmmc.o
                0x0800474c                SDMMC_CmdBlockLength
 .text.SDMMC_CmdReadSingleBlock
                0x0800477c       0x30 build/release/stm32f4xx_ll_sdmmc.o
                0x0800477c                SDMMC_CmdReadSingleBlock
 .text.SDMMC_CmdReadMultiBlock
                0x080047ac       0x30 build/release/stm32f4xx_ll_sdmmc.o
                0x080047ac                SDMMC_CmdReadMultiBlock
 .text.SDMMC_CmdWriteSingleBlock
                0x080047dc       0x30 build/release/stm32f4xx_ll_sdmmc.o
                0x080047dc                SDMMC_CmdWriteSingleBlock
 .text.SDMMC_CmdWriteMultiBlock
                0x0800480c       0x30 build/release/stm32f4xx_ll_sdmmc.o
                0x0800480c                SDMMC_CmdWriteMultiBlock
 .text.SDMMC_CmdStopTransfer
                0x0800483c       0x34 build/release/stm32f4xx_ll_sdmmc.o
                0x0800483c                SDMMC_CmdStopTransfer
 .text.SDMMC_CmdSelDesel
                0x08004870       0x30 build/release/stm32f4xx_ll_sdmmc.o
                0x08004870                SDMMC_CmdSelDesel
 .text.SDMMC_CmdAppCommand
                0x080048a0       0x30 build/release/stm32f4xx_ll_sdmmc.o
                0x080048a0                SDMMC_CmdAppCommand
 .text.SDMMC_CmdSendStatus
                0x080048d0       0x30 build/release/stm32f4xx_ll_sdmmc.o
                0x080048d0                SDMMC_CmdSendStatus
 .text.SDMMC_GetCmdResp2
                0x08004900       0x5c build/release/stm32f4xx_ll_sdmmc.o
                0x08004900                SDMMC_GetCmdResp2
 .text.SDMMC_CmdSendCID
                0x0800495c       0x2a build/release/stm32f4xx_ll_sdmmc.o
                0x0800495c                SDMMC_CmdSendCID
 .text.SDMMC_CmdSendCSD
                0x08004986       0x2a build/release/stm32f4xx_ll_sdmmc.o
                0x08004986                SDMMC_CmdSendCSD
 .text.SDMMC_GetCmdResp3
                0x080049b0       0x4c build/release/stm32f4xx_ll_sdmmc.o
                0x080049b0                SDMMC_GetCmdResp3
 .text.SDMMC_CmdAppOperCommand
                0x080049fc       0x32 build/release/stm32f4xx_ll_sdmmc.o
                0x080049fc                SDMMC_CmdAppOperCommand
 *fill*         0x08004a2e        0x2 
 .text.SDMMC_GetCmdResp6
                0x08004a30       0xa0 build/release/stm32f4xx_ll_sdmmc.o
                0x08004a30                SDMMC_GetCmdResp6
 .text.SDMMC_CmdSetRelAdd
                0x08004ad0       0x30 build/release/stm32f4xx_ll_sdmmc.o
                0x08004ad0                SDMMC_CmdSetRelAdd
 .text.SDMMC_GetCmdResp7
                0x08004b00       0x64 build/release/stm32f4xx_ll_sdmmc.o
                0x08004b00                SDMMC_GetCmdResp7
 .text.SDMMC_CmdOperCond
                0x08004b64       0x2e build/release/stm32f4xx_ll_sdmmc.o
                0x08004b64                SDMMC_CmdOperCond
 .text._getpid  0x08004b92        0x4 build/release/syscalls.o
                0x08004b92                _getpid
 .text._kill    0x08004b96       0x10 build/release/syscalls.o
                0x08004b96                _kill
 .text._exit    0x08004ba6        0xc build/release/syscalls.o
                0x08004ba6                _exit
 .text._read    0x08004bb2       0x20 build/release/syscalls.o
                0x08004bb2                _read
 .text._close   0x08004bd2        0x6 build/release/syscalls.o
                0x08004bd2                _close
 .text._fstat   0x08004bd8        0xa build/release/syscalls.o
                0x08004bd8                _fstat
 .text._isatty  0x08004be2        0x4 build/release/syscalls.o
                0x08004be2                _isatty
 .text._lseek   0x08004be6        0x4 build/release/syscalls.o
                0x08004be6                _lseek
 *fill*         0x08004bea        0x2 
 .text._sbrk    0x08004bec       0x48 build/release/sysmem.o
                0x08004bec                _sbrk
 .text.SystemInit
                0x08004c34       0x14 build/release/system_stm32f4xx.o
                0x08004c34                SystemInit
 .text.Reset_Handler
                0x08004c48       0x50 build/release/startup_stm32f405xx.o
                0x08004c48                Reset_Handler
 .text.Default_Handler
                0x08004c98        0x2 build/release/startup_stm32f405xx.o
                0x08004c98                RTC_Alarm_IRQHandler
                0x08004c98                HASH_RNG_IRQHandler
                0x08004c98                EXTI2_IRQHandler
                0x08004c98                TIM8_CC_IRQHandler
                0x08004c98                TIM1_CC_IRQHandler
                0x08004c98                DMA2_Stream5_IRQHandler
                0x08004c98                DMA1_Stream5_IRQHandler
                0x08004c98                PVD_IRQHandler
                0x08004c98                SDIO_IRQHandler
                0x08004c98                TAMP_STAMP_IRQHandler
                0x08004c98                CAN2_RX1_IRQHandler
                0x08004c98                EXTI3_IRQHandler
                0x08004c98                TIM8_TRG_COM_TIM14_IRQHandler
                0x08004c98                TIM1_UP_TIM10_IRQHandler
                0x08004c98                TIM8_UP_TIM13_IRQHandler
                0x08004c98                I2C3_ER_IRQHandler
                0x08004c98                EXTI0_IRQHandler
                0x08004c98                I2C2_EV_IRQHandler
                0x08004c98                DMA1_Stream2_IRQHandler
                0x08004c98                CAN1_RX0_IRQHandler
                0x08004c98                FPU_IRQHandler
                0x08004c98                OTG_HS_WKUP_IRQHandler
                0x08004c98                CAN2_SCE_IRQHandler
                0x08004c98                DMA2_Stream2_IRQHandler
                0x08004c98                SPI1_IRQHandler
                0x08004c98                TIM6_DAC_IRQHandler
                0x08004c98                TIM1_BRK_TIM9_IRQHandler
                0x08004c98                CAN2_RX0_IRQHandler
                0x08004c98                DMA2_Stream3_IRQHandler
                0x08004c98                USART6_IRQHandler
                0x08004c98                USART3_IRQHandler
                0x08004c98                CAN1_RX1_IRQHandler
                0x08004c98                UART5_IRQHandler
                0x08004c98                DMA2_Stream0_IRQHandler
                0x08004c98                TIM4_IRQHandler
                0x08004c98                I2C1_EV_IRQHandler
                0x08004c98                DMA1_Stream6_IRQHandler
                0x08004c98                DMA1_Stream1_IRQHandler
                0x08004c98                UART4_IRQHandler
                0x08004c98                TIM3_IRQHandler
                0x08004c98                RCC_IRQHandler
                0x08004c98                TIM8_BRK_TIM12_IRQHandler
                0x08004c98                Default_Handler
                0x08004c98                EXTI15_10_IRQHandler
                0x08004c98                ADC_IRQHandler
                0x08004c98                DMA1_Stream7_IRQHandler
                0x08004c98                TIM7_IRQHandler
                0x08004c98                CAN2_TX_IRQHandler
                0x08004c98                TIM5_IRQHandler
                0x08004c98                DMA2_Stream7_IRQHandler
                0x08004c98                I2C3_EV_IRQHandler
                0x08004c98                EXTI9_5_IRQHandler
                0x08004c98                RTC_WKUP_IRQHandler
                0x08004c98                SPI2_IRQHandler
                0x08004c98                OTG_HS_EP1_IN_IRQHandler
                0x08004c98                DMA1_Stream0_IRQHandler
                0x08004c98                CAN1_TX_IRQHandler
                0x08004c98                EXTI4_IRQHandler
                0x08004c98                FSMC_IRQHandler
                0x08004c98                OTG_HS_EP1_OUT_IRQHandler
                0x08004c98                WWDG_IRQHandler
                0x08004c98                TIM2_IRQHandler
                0x08004c98                OTG_FS_WKUP_IRQHandler
                0x08004c98                TIM1_TRG_COM_TIM11_IRQHandler
                0x08004c98                OTG_HS_IRQHandler
                0x08004c98                EXTI1_IRQHandler
                0x08004c98                USART2_IRQHandler
                0x08004c98                I2C2_ER_IRQHandler
                0x08004c98                DMA2_Stream1_IRQHandler
                0x08004c98                CAN1_SCE_IRQHandler
                0x08004c98                FLASH_IRQHandler
                0x08004c98                DMA2_Stream4_IRQHandler
                0x08004c98                USART1_IRQHandler
                0x08004c98                OTG_FS_IRQHandler
                0x08004c98                SPI3_IRQHandler
                0x08004c98                DMA1_Stream4_IRQHandler
                0x08004c98                I2C1_ER_IRQHandler
                0x08004c98                DMA2_Stream6_IRQHandler
                0x08004c98                DMA1_Stream3_IRQHandler
 .text.__cvt    0x08004c9a       0xca C:/PROGRAM FILES (X86)/ARM GNU TOOLCHAIN ARM-NONE-EABI/13.3 REL1/BIN/../lib/gcc/arm-none-eabi/13.3.1/thumb/v7e-m+fp/hard\libc_nano.a(libc_a-nano-vfprintf_float.o)
                0x08004c9a                __cvt
 .text.__exponent
                0x08004d64       0x74 C:/PROGRAM FILES (X86)/ARM GNU TOOLCHAIN ARM-NONE-EABI/13.3 REL1/BIN/../lib/gcc/arm-none-eabi/13.3.1/thumb/v7e-m+fp/hard\libc_nano.a(libc_a-nano-vfprintf_float.o)
                0x08004d64                __exponent
 .text._printf_float
                0x08004dd8      0x454 C:/PROGRAM FILES (X86)/ARM GNU TOOLCHAIN ARM-NONE-EABI/13.3 REL1/BIN/../lib/gcc/arm-none-eabi/13.3.1/thumb/v7e-m+fp/hard\libc_nano.a(libc_a-nano-vfprintf_float.o)
                0x08004dd8                _printf_float
 .text._printf_common
                0x0800522c       0xda C:/PROGRAM FILES (X86)/ARM GNU TOOLCHAIN ARM-NONE-EABI/13.3 REL1/BIN/../lib/gcc/arm-none-eabi/13.3.1/thumb/v7e-m+fp/hard\libc_nano.a(libc_a-nano-vfprintf_i.o)
                0x0800522c                _printf_common
 *fill*         0x08005306        0x2 
 .text._printf_i
                0x08005308      0x23c C:/PROGRAM FILES (X86)/ARM GNU TOOLCHAIN ARM-NONE-EABI/13.3 REL1/BIN/../lib/gcc/arm-none-eabi/13.3.1/thumb/v7e-m+fp/hard\libc_nano.a(libc_a-nano-vfprintf_i.o)
                0x08005308                _printf_i
 .text._scanf_float
                0x08005544      0x428 C:/PROGRAM FILES (X86)/ARM GNU TOOLCHAIN ARM-NONE-EABI/13.3 REL1/BIN/../lib/gcc/arm-none-eabi/13.3.1/thumb/v7e-m+fp/hard\libc_nano.a(libc_a-nano-vfscanf_float.o)
                0x08005544                _scanf_float
 .text.std      0x0800596c       0x6c C:/PROGRAM FILES (X86)/ARM GNU TOOLCHAIN ARM-NONE-EABI/13.3 REL1/BIN/../lib/gcc/arm-none-eabi/13.3.1/thumb/v7e-m+fp/hard\libc_nano.a(libc_a-findfp.o)
 .text.stdio_exit_handler
                0x080059d8       0x18 C:/PROGRAM FILES (X86)/ARM GNU TOOLCHAIN ARM-NONE-EABI/13.3 REL1/BIN/../lib/gcc/arm-none-eabi/13.3.1/thumb/v7e-m+fp/hard\libc_nano.a(libc_a-findfp.o)
 .text.cleanup_stdio
                0x080059f0       0x40 C:/PROGRAM FILES (X86)/ARM GNU TOOLCHAIN ARM-NONE-EABI/13.3 REL1/BIN/../lib/gcc/arm-none-eabi/13.3.1/thumb/v7e-m+fp/hard\libc_nano.a(libc_a-findfp.o)
 .text.global_stdio_init.part.0
                0x08005a30       0x3c C:/PROGRAM FILES (X86)/ARM GNU TOOLCHAIN ARM-NONE-EABI/13.3 REL1/BIN/../lib/gcc/arm-none-eabi/13.3.1/thumb/v7e-m+fp/hard\libc_nano.a(libc_a-findfp.o)
 .text.__sfp_lock_acquire
                0x08005a6c        0xc C:/PROGRAM FILES (X86)/ARM GNU TOOLCHAIN ARM-NONE-EABI/13.3 REL1/BIN/../lib/gcc/arm-none-eabi/13.3.1/thumb/v7e-m+fp/hard\libc_nano.a(libc_a-findfp.o)
                0x08005a6c                __sfp_lock_acquire
 .text.__sfp_lock_release
                0x08005a78        0xc C:/PROGRAM FILES (X86)/ARM GNU TOOLCHAIN ARM-NONE-EABI/13.3 REL1/BIN/../lib/gcc/arm-none-eabi/13.3.1/thumb/v7e-m+fp/hard\libc_nano.a(libc_a-findfp.o)
                0x08005a78                __sfp_lock_release
 .text.__sinit  0x08005a84       0x30 C:/PROGRAM FILES (X86)/ARM GNU TOOLCHAIN ARM-NONE-EABI/13.3 REL1/BIN/../lib/gcc/arm-none-eabi/13.3.1/thumb/v7e-m+fp/hard\libc_nano.a(libc_a-findfp.o)
                0x08005a84                __sinit
 .text._fwalk_sglue
                0x08005ab4       0x3c C:/PROGRAM FILES (X86)/ARM GNU TOOLCHAIN ARM-NONE-EABI/13.3 REL1/BIN/../lib/gcc/arm-none-eabi/13.3.1/thumb/v7e-m+fp/hard\libc_nano.a(libc_a-fwalk.o)
                0x08005ab4                _fwalk_sglue
 .text.printf   0x08005af0       0x24 C:/PROGRAM FILES (X86)/ARM GNU TOOLCHAIN ARM-NONE-EABI/13.3 REL1/BIN/../lib/gcc/arm-none-eabi/13.3.1/thumb/v7e-m+fp/hard\libc_nano.a(libc_a-printf.o)
                0x08005af0                iprintf
                0x08005af0                printf
 .text.sprintf  0x08005b14       0x44 C:/PROGRAM FILES (X86)/ARM GNU TOOLCHAIN ARM-NONE-EABI/13.3 REL1/BIN/../lib/gcc/arm-none-eabi/13.3.1/thumb/v7e-m+fp/hard\libc_nano.a(libc_a-sprintf.o)
                0x08005b14                siprintf
                0x08005b14                sprintf
 .text.__sread  0x08005b58       0x22 C:/PROGRAM FILES (X86)/ARM GNU TOOLCHAIN ARM-NONE-EABI/13.3 REL1/BIN/../lib/gcc/arm-none-eabi/13.3.1/thumb/v7e-m+fp/hard\libc_nano.a(libc_a-stdio.o)
                0x08005b58                __sread
 .text.__swrite
                0x08005b7a       0x38 C:/PROGRAM FILES (X86)/ARM GNU TOOLCHAIN ARM-NONE-EABI/13.3 REL1/BIN/../lib/gcc/arm-none-eabi/13.3.1/thumb/v7e-m+fp/hard\libc_nano.a(libc_a-stdio.o)
                0x08005b7a                __swrite
 .text.__sseek  0x08005bb2       0x24 C:/PROGRAM FILES (X86)/ARM GNU TOOLCHAIN ARM-NONE-EABI/13.3 REL1/BIN/../lib/gcc/arm-none-eabi/13.3.1/thumb/v7e-m+fp/hard\libc_nano.a(libc_a-stdio.o)
                0x08005bb2                __sseek
 .text.__sclose
                0x08005bd6        0x8 C:/PROGRAM FILES (X86)/ARM GNU TOOLCHAIN ARM-NONE-EABI/13.3 REL1/BIN/../lib/gcc/arm-none-eabi/13.3.1/thumb/v7e-m+fp/hard\libc_nano.a(libc_a-stdio.o)
                0x08005bd6                __sclose
 .text.memset   0x08005bde       0x10 C:/PROGRAM FILES (X86)/ARM GNU TOOLCHAIN ARM-NONE-EABI/13.3 REL1/BIN/../lib/gcc/arm-none-eabi/13.3.1/thumb/v7e-m+fp/hard\libc_nano.a(libc_a-memset.o)
                0x08005bde                memset
 *fill*         0x08005bee        0x2 
 .text._localeconv_r
                0x08005bf0        0x8 C:/PROGRAM FILES (X86)/ARM GNU TOOLCHAIN ARM-NONE-EABI/13.3 REL1/BIN/../lib/gcc/arm-none-eabi/13.3.1/thumb/v7e-m+fp/hard\libc_nano.a(libc_a-localeconv.o)
                0x08005bf0                _localeconv_r
 .text._close_r
                0x08005bf8       0x20 C:/PROGRAM FILES (X86)/ARM GNU TOOLCHAIN ARM-NONE-EABI/13.3 REL1/BIN/../lib/gcc/arm-none-eabi/13.3.1/thumb/v7e-m+fp/hard\libc_nano.a(libc_a-closer.o)
                0x08005bf8                _close_r
 .text._lseek_r
                0x08005c18       0x24 C:/PROGRAM FILES (X86)/ARM GNU TOOLCHAIN ARM-NONE-EABI/13.3 REL1/BIN/../lib/gcc/arm-none-eabi/13.3.1/thumb/v7e-m+fp/hard\libc_nano.a(libc_a-lseekr.o)
                0x08005c18                _lseek_r
 .text._read_r  0x08005c3c       0x24 C:/PROGRAM FILES (X86)/ARM GNU TOOLCHAIN ARM-NONE-EABI/13.3 REL1/BIN/../lib/gcc/arm-none-eabi/13.3.1/thumb/v7e-m+fp/hard\libc_nano.a(libc_a-readr.o)
                0x08005c3c                _read_r
 .text._write_r
                0x08005c60       0x24 C:/PROGRAM FILES (X86)/ARM GNU TOOLCHAIN ARM-NONE-EABI/13.3 REL1/BIN/../lib/gcc/arm-none-eabi/13.3.1/thumb/v7e-m+fp/hard\libc_nano.a(libc_a-writer.o)
                0x08005c60                _write_r
 .text.__errno  0x08005c84        0xc C:/PROGRAM FILES (X86)/ARM GNU TOOLCHAIN ARM-NONE-EABI/13.3 REL1/BIN/../lib/gcc/arm-none-eabi/13.3.1/thumb/v7e-m+fp/hard\libc_nano.a(libc_a-errno.o)
                0x08005c84                __errno
 .text.__libc_init_array
                0x08005c90       0x48 C:/PROGRAM FILES (X86)/ARM GNU TOOLCHAIN ARM-NONE-EABI/13.3 REL1/BIN/../lib/gcc/arm-none-eabi/13.3.1/thumb/v7e-m+fp/hard\libc_nano.a(libc_a-init.o)
                0x08005c90                __libc_init_array
 .text.__retarget_lock_init_recursive
                0x08005cd8        0x2 C:/PROGRAM FILES (X86)/ARM GNU TOOLCHAIN ARM-NONE-EABI/13.3 REL1/BIN/../lib/gcc/arm-none-eabi/13.3.1/thumb/v7e-m+fp/hard\libc_nano.a(libc_a-lock.o)
                0x08005cd8                __retarget_lock_init_recursive
 .text.__retarget_lock_acquire_recursive
                0x08005cda        0x2 C:/PROGRAM FILES (X86)/ARM GNU TOOLCHAIN ARM-NONE-EABI/13.3 REL1/BIN/../lib/gcc/arm-none-eabi/13.3.1/thumb/v7e-m+fp/hard\libc_nano.a(libc_a-lock.o)
                0x08005cda                __retarget_lock_acquire_recursive
 .text.__retarget_lock_release_recursive
                0x08005cdc        0x2 C:/PROGRAM FILES (X86)/ARM GNU TOOLCHAIN ARM-NONE-EABI/13.3 REL1/BIN/../lib/gcc/arm-none-eabi/13.3.1/thumb/v7e-m+fp/hard\libc_nano.a(libc_a-lock.o)
                0x08005cdc                __retarget_lock_release_recursive
 *fill*         0x08005cde        0x2 
 .text.nanf     0x08005ce0        0xc C:/PROGRAM FILES (X86)/ARM GNU TOOLCHAIN ARM-NONE-EABI/13.3 REL1/BIN/../lib/gcc/arm-none-eabi/13.3.1/thumb/v7e-m+fp/hard\libc_nano.a(libm_a-sf_nan.o)
                0x08005ce0                nanf
 .text.quorem   0x08005cec      0x110 C:/PROGRAM FILES (X86)/ARM GNU TOOLCHAIN ARM-NONE-EABI/13.3 REL1/BIN/../lib/gcc/arm-none-eabi/13.3.1/thumb/v7e-m+fp/hard\libc_nano.a(libc_a-dtoa.o)
 *fill*         0x08005dfc        0x4 
 .text._dtoa_r  0x08005e00      0xb74 C:/PROGRAM FILES (X86)/ARM GNU TOOLCHAIN ARM-NONE-EABI/13.3 REL1/BIN/../lib/gcc/arm-none-eabi/13.3.1/thumb/v7e-m+fp/hard\libc_nano.a(libc_a-dtoa.o)
                0x08005e00                _dtoa_r
 .text._free_r  0x08006974       0x94 C:/PROGRAM FILES (X86)/ARM GNU TOOLCHAIN ARM-NONE-EABI/13.3 REL1/BIN/../lib/gcc/arm-none-eabi/13.3.1/thumb/v7e-m+fp/hard\libc_nano.a(libc_a-freer.o)
                0x08006974                _free_r
 .text.malloc   0x08006a08       0x10 C:/PROGRAM FILES (X86)/ARM GNU TOOLCHAIN ARM-NONE-EABI/13.3 REL1/BIN/../lib/gcc/arm-none-eabi/13.3.1/thumb/v7e-m+fp/hard\libc_nano.a(libc_a-malloc.o)
                0x08006a08                malloc
 .text.sbrk_aligned
                0x08006a18       0x44 C:/PROGRAM FILES (X86)/ARM GNU TOOLCHAIN ARM-NONE-EABI/13.3 REL1/BIN/../lib/gcc/arm-none-eabi/13.3.1/thumb/v7e-m+fp/hard\libc_nano.a(libc_a-mallocr.o)
 .text._malloc_r
                0x08006a5c      0x100 C:/PROGRAM FILES (X86)/ARM GNU TOOLCHAIN ARM-NONE-EABI/13.3 REL1/BIN/../lib/gcc/arm-none-eabi/13.3.1/thumb/v7e-m+fp/hard\libc_nano.a(libc_a-mallocr.o)
                0x08006a5c                _malloc_r
 .text.__malloc_lock
                0x08006b5c        0xc C:/PROGRAM FILES (X86)/ARM GNU TOOLCHAIN ARM-NONE-EABI/13.3 REL1/BIN/../lib/gcc/arm-none-eabi/13.3.1/thumb/v7e-m+fp/hard\libc_nano.a(libc_a-mlock.o)
                0x08006b5c                __malloc_lock
 .text.__malloc_unlock
                0x08006b68        0xc C:/PROGRAM FILES (X86)/ARM GNU TOOLCHAIN ARM-NONE-EABI/13.3 REL1/BIN/../lib/gcc/arm-none-eabi/13.3.1/thumb/v7e-m+fp/hard\libc_nano.a(libc_a-mlock.o)
                0x08006b68                __malloc_unlock
 .text._Balloc  0x08006b74       0x80 C:/PROGRAM FILES (X86)/ARM GNU TOOLCHAIN ARM-NONE-EABI/13.3 REL1/BIN/../lib/gcc/arm-none-eabi/13.3.1/thumb/v7e-m+fp/hard\libc_nano.a(libc_a-mprec.o)
                0x08006b74                _Balloc
 .text._Bfree   0x08006bf4       0x44 C:/PROGRAM FILES (X86)/ARM GNU TOOLCHAIN ARM-NONE-EABI/13.3 REL1/BIN/../lib/gcc/arm-none-eabi/13.3.1/thumb/v7e-m+fp/hard\libc_nano.a(libc_a-mprec.o)
                0x08006bf4                _Bfree
 .text.__multadd
                0x08006c38       0x8c C:/PROGRAM FILES (X86)/ARM GNU TOOLCHAIN ARM-NONE-EABI/13.3 REL1/BIN/../lib/gcc/arm-none-eabi/13.3.1/thumb/v7e-m+fp/hard\libc_nano.a(libc_a-mprec.o)
                0x08006c38                __multadd
 .text.__s2b    0x08006cc4       0x94 C:/PROGRAM FILES (X86)/ARM GNU TOOLCHAIN ARM-NONE-EABI/13.3 REL1/BIN/../lib/gcc/arm-none-eabi/13.3.1/thumb/v7e-m+fp/hard\libc_nano.a(libc_a-mprec.o)
                0x08006cc4                __s2b
 .text.__hi0bits
                0x08006d58       0x3e C:/PROGRAM FILES (X86)/ARM GNU TOOLCHAIN ARM-NONE-EABI/13.3 REL1/BIN/../lib/gcc/arm-none-eabi/13.3.1/thumb/v7e-m+fp/hard\libc_nano.a(libc_a-mprec.o)
                0x08006d58                __hi0bits
 .text.__lo0bits
                0x08006d96       0x5a C:/PROGRAM FILES (X86)/ARM GNU TOOLCHAIN ARM-NONE-EABI/13.3 REL1/BIN/../lib/gcc/arm-none-eabi/13.3.1/thumb/v7e-m+fp/hard\libc_nano.a(libc_a-mprec.o)
                0x08006d96                __lo0bits
 .text.__i2b    0x08006df0       0x2c C:/PROGRAM FILES (X86)/ARM GNU TOOLCHAIN ARM-NONE-EABI/13.3 REL1/BIN/../lib/gcc/arm-none-eabi/13.3.1/thumb/v7e-m+fp/hard\libc_nano.a(libc_a-mprec.o)
                0x08006df0                __i2b
 .text.__multiply
                0x08006e1c      0x144 C:/PROGRAM FILES (X86)/ARM GNU TOOLCHAIN ARM-NONE-EABI/13.3 REL1/BIN/../lib/gcc/arm-none-eabi/13.3.1/thumb/v7e-m+fp/hard\libc_nano.a(libc_a-mprec.o)
                0x08006e1c                __multiply
 .text.__pow5mult
                0x08006f60       0xb4 C:/PROGRAM FILES (X86)/ARM GNU TOOLCHAIN ARM-NONE-EABI/13.3 REL1/BIN/../lib/gcc/arm-none-eabi/13.3.1/thumb/v7e-m+fp/hard\libc_nano.a(libc_a-mprec.o)
                0x08006f60                __pow5mult
 .text.__lshift
                0x08007014       0xd8 C:/PROGRAM FILES (X86)/ARM GNU TOOLCHAIN ARM-NONE-EABI/13.3 REL1/BIN/../lib/gcc/arm-none-eabi/13.3.1/thumb/v7e-m+fp/hard\libc_nano.a(libc_a-mprec.o)
                0x08007014                __lshift
 .text.__mcmp   0x080070ec       0x36 C:/PROGRAM FILES (X86)/ARM GNU TOOLCHAIN ARM-NONE-EABI/13.3 REL1/BIN/../lib/gcc/arm-none-eabi/13.3.1/thumb/v7e-m+fp/hard\libc_nano.a(libc_a-mprec.o)
                0x080070ec                __mcmp
 *fill*         0x08007122        0x2 
 .text.__mdiff  0x08007124      0x128 C:/PROGRAM FILES (X86)/ARM GNU TOOLCHAIN ARM-NONE-EABI/13.3 REL1/BIN/../lib/gcc/arm-none-eabi/13.3.1/thumb/v7e-m+fp/hard\libc_nano.a(libc_a-mprec.o)
                0x08007124                __mdiff
 .text.__ulp    0x0800724c       0x4c C:/PROGRAM FILES (X86)/ARM GNU TOOLCHAIN ARM-NONE-EABI/13.3 REL1/BIN/../lib/gcc/arm-none-eabi/13.3.1/thumb/v7e-m+fp/hard\libc_nano.a(libc_a-mprec.o)
                0x0800724c                __ulp
 .text.__b2d    0x08007298       0x94 C:/PROGRAM FILES (X86)/ARM GNU TOOLCHAIN ARM-NONE-EABI/13.3 REL1/BIN/../lib/gcc/arm-none-eabi/13.3.1/thumb/v7e-m+fp/hard\libc_nano.a(libc_a-mprec.o)
                0x08007298                __b2d
 .text.__d2b    0x0800732c       0xb0 C:/PROGRAM FILES (X86)/ARM GNU TOOLCHAIN ARM-NONE-EABI/13.3 REL1/BIN/../lib/gcc/arm-none-eabi/13.3.1/thumb/v7e-m+fp/hard\libc_nano.a(libc_a-mprec.o)
                0x0800732c                __d2b
 .text.__ratio  0x080073dc       0x64 C:/PROGRAM FILES (X86)/ARM GNU TOOLCHAIN ARM-NONE-EABI/13.3 REL1/BIN/../lib/gcc/arm-none-eabi/13.3.1/thumb/v7e-m+fp/hard\libc_nano.a(libc_a-mprec.o)
                0x080073dc                __ratio
 .text.__copybits
                0x08007440       0x46 C:/PROGRAM FILES (X86)/ARM GNU TOOLCHAIN ARM-NONE-EABI/13.3 REL1/BIN/../lib/gcc/arm-none-eabi/13.3.1/thumb/v7e-m+fp/hard\libc_nano.a(libc_a-mprec.o)
                0x08007440                __copybits
 .text.__any_on
                0x08007486       0x42 C:/PROGRAM FILES (X86)/ARM GNU TOOLCHAIN ARM-NONE-EABI/13.3 REL1/BIN/../lib/gcc/arm-none-eabi/13.3.1/thumb/v7e-m+fp/hard\libc_nano.a(libc_a-mprec.o)
                0x08007486                __any_on
 .text.sulp     0x080074c8       0x3c C:/PROGRAM FILES (X86)/ARM GNU TOOLCHAIN ARM-NONE-EABI/13.3 REL1/BIN/../lib/gcc/arm-none-eabi/13.3.1/thumb/v7e-m+fp/hard\libc_nano.a(libc_a-strtod.o)
 *fill*         0x08007504        0x4 
 .text._strtod_l
                0x08007508      0xbc8 C:/PROGRAM FILES (X86)/ARM GNU TOOLCHAIN ARM-NONE-EABI/13.3 REL1/BIN/../lib/gcc/arm-none-eabi/13.3.1/thumb/v7e-m+fp/hard\libc_nano.a(libc_a-strtod.o)
                0x08007508                _strtod_l
 .text._strtod_r
                0x080080d0        0xc C:/PROGRAM FILES (X86)/ARM GNU TOOLCHAIN ARM-NONE-EABI/13.3 REL1/BIN/../lib/gcc/arm-none-eabi/13.3.1/thumb/v7e-m+fp/hard\libc_nano.a(libc_a-strtod.o)
                0x080080d0                _strtod_r
 .text._strtol_l.isra.0
                0x080080dc       0xf4 C:/PROGRAM FILES (X86)/ARM GNU TOOLCHAIN ARM-NONE-EABI/13.3 REL1/BIN/../lib/gcc/arm-none-eabi/13.3.1/thumb/v7e-m+fp/hard\libc_nano.a(libc_a-strtol.o)
 .text._strtol_r
                0x080081d0        0x4 C:/PROGRAM FILES (X86)/ARM GNU TOOLCHAIN ARM-NONE-EABI/13.3 REL1/BIN/../lib/gcc/arm-none-eabi/13.3.1/thumb/v7e-m+fp/hard\libc_nano.a(libc_a-strtol.o)
                0x080081d0                _strtol_r
 .text.__ssputs_r
                0x080081d4       0xb6 C:/PROGRAM FILES (X86)/ARM GNU TOOLCHAIN ARM-NONE-EABI/13.3 REL1/BIN/../lib/gcc/arm-none-eabi/13.3.1/thumb/v7e-m+fp/hard\libc_nano.a(libc_a-nano-svfprintf.o)
                0x080081d4                __ssputs_r
 *fill*         0x0800828a        0x2 
 .text._svfprintf_r
                0x0800828c      0x1f8 C:/PROGRAM FILES (X86)/ARM GNU TOOLCHAIN ARM-NONE-EABI/13.3 REL1/BIN/../lib/gcc/arm-none-eabi/13.3.1/thumb/v7e-m+fp/hard\libc_nano.a(libc_a-nano-svfprintf.o)
                0x0800828c                _svfiprintf_r
                0x0800828c                _svfprintf_r
 .text.__sfputc_r
                0x08008484       0x2e C:/PROGRAM FILES (X86)/ARM GNU TOOLCHAIN ARM-NONE-EABI/13.3 REL1/BIN/../lib/gcc/arm-none-eabi/13.3.1/thumb/v7e-m+fp/hard\libc_nano.a(libc_a-nano-vfprintf.o)
 .text.__sfputs_r
                0x080084b2       0x24 C:/PROGRAM FILES (X86)/ARM GNU TOOLCHAIN ARM-NONE-EABI/13.3 REL1/BIN/../lib/gcc/arm-none-eabi/13.3.1/thumb/v7e-m+fp/hard\libc_nano.a(libc_a-nano-vfprintf.o)
                0x080084b2                __sfputs_r
 *fill*         0x080084d6        0x2 
 .text._vfprintf_r
                0x080084d8      0x230 C:/PROGRAM FILES (X86)/ARM GNU TOOLCHAIN ARM-NONE-EABI/13.3 REL1/BIN/../lib/gcc/arm-none-eabi/13.3.1/thumb/v7e-m+fp/hard\libc_nano.a(libc_a-nano-vfprintf.o)
                0x080084d8                _vfprintf_r
                0x080084d8                _vfiprintf_r
 .text.__sflush_r
                0x08008708      0x108 C:/PROGRAM FILES (X86)/ARM GNU TOOLCHAIN ARM-NONE-EABI/13.3 REL1/BIN/../lib/gcc/arm-none-eabi/13.3.1/thumb/v7e-m+fp/hard\libc_nano.a(libc_a-fflush.o)
                0x08008708                __sflush_r
 .text._fflush_r
                0x08008810       0x50 C:/PROGRAM FILES (X86)/ARM GNU TOOLCHAIN ARM-NONE-EABI/13.3 REL1/BIN/../lib/gcc/arm-none-eabi/13.3.1/thumb/v7e-m+fp/hard\libc_nano.a(libc_a-fflush.o)
                0x08008810                _fflush_r
 .text.__swbuf_r
                0x08008860       0x7c C:/PROGRAM FILES (X86)/ARM GNU TOOLCHAIN ARM-NONE-EABI/13.3 REL1/BIN/../lib/gcc/arm-none-eabi/13.3.1/thumb/v7e-m+fp/hard\libc_nano.a(libc_a-wbuf.o)
                0x08008860                __swbuf_r
 .text.__swsetup_r
                0x080088dc       0xac C:/PROGRAM FILES (X86)/ARM GNU TOOLCHAIN ARM-NONE-EABI/13.3 REL1/BIN/../lib/gcc/arm-none-eabi/13.3.1/thumb/v7e-m+fp/hard\libc_nano.a(libc_a-wsetup.o)
                0x080088dc                __swsetup_r
 .text.memmove  0x08008988       0x34 C:/PROGRAM FILES (X86)/ARM GNU TOOLCHAIN ARM-NONE-EABI/13.3 REL1/BIN/../lib/gcc/arm-none-eabi/13.3.1/thumb/v7e-m+fp/hard\libc_nano.a(libc_a-memmove.o)
                0x08008988                memmove
 .text.strncmp  0x080089bc       0x24 C:/PROGRAM FILES (X86)/ARM GNU TOOLCHAIN ARM-NONE-EABI/13.3 REL1/BIN/../lib/gcc/arm-none-eabi/13.3.1/thumb/v7e-m+fp/hard\libc_nano.a(libc_a-strncmp.o)
                0x080089bc                strncmp
 .text._sbrk_r  0x080089e0       0x20 C:/PROGRAM FILES (X86)/ARM GNU TOOLCHAIN ARM-NONE-EABI/13.3 REL1/BIN/../lib/gcc/arm-none-eabi/13.3.1/thumb/v7e-m+fp/hard\libc_nano.a(libc_a-sbrkr.o)
                0x080089e0                _sbrk_r
 .text.memcpy   0x08008a00       0x1c C:/PROGRAM FILES (X86)/ARM GNU TOOLCHAIN ARM-NONE-EABI/13.3 REL1/BIN/../lib/gcc/arm-none-eabi/13.3.1/thumb/v7e-m+fp/hard\libc_nano.a(libc_a-memcpy-stub.o)
                0x08008a00                memcpy
 *fill*         0x08008a1c        0x4 
 .text.nan      0x08008a20       0x10 C:/PROGRAM FILES (X86)/ARM GNU TOOLCHAIN ARM-NONE-EABI/13.3 REL1/BIN/../lib/gcc/arm-none-eabi/13.3.1/thumb/v7e-m+fp/hard\libc_nano.a(libm_a-s_nan.o)
                0x08008a20                nan
 .text.__assert_func
                0x08008a30       0x3c C:/PROGRAM FILES (X86)/ARM GNU TOOLCHAIN ARM-NONE-EABI/13.3 REL1/BIN/../lib/gcc/arm-none-eabi/13.3.1/thumb/v7e-m+fp/hard\libc_nano.a(libc_a-assert.o)
                0x08008a30                __assert_func
 .text._calloc_r
                0x08008a6c       0x28 C:/PROGRAM FILES (X86)/ARM GNU TOOLCHAIN ARM-NONE-EABI/13.3 REL1/BIN/../lib/gcc/arm-none-eabi/13.3.1/thumb/v7e-m+fp/hard\libc_nano.a(libc_a-callocr.o)
                0x08008a6c                _calloc_r
 .text.rshift   0x08008a94       0xa4 C:/PROGRAM FILES (X86)/ARM GNU TOOLCHAIN ARM-NONE-EABI/13.3 REL1/BIN/../lib/gcc/arm-none-eabi/13.3.1/thumb/v7e-m+fp/hard\libc_nano.a(libc_a-gdtoa-gethex.o)
 .text.__hexdig_fun
                0x08008b38       0x2a C:/PROGRAM FILES (X86)/ARM GNU TOOLCHAIN ARM-NONE-EABI/13.3 REL1/BIN/../lib/gcc/arm-none-eabi/13.3.1/thumb/v7e-m+fp/hard\libc_nano.a(libc_a-gdtoa-gethex.o)
                0x08008b38                __hexdig_fun
 *fill*         0x08008b62        0x2 
 .text.__gethex
                0x08008b64      0x420 C:/PROGRAM FILES (X86)/ARM GNU TOOLCHAIN ARM-NONE-EABI/13.3 REL1/BIN/../lib/gcc/arm-none-eabi/13.3.1/thumb/v7e-m+fp/hard\libc_nano.a(libc_a-gdtoa-gethex.o)
                0x08008b64                __gethex
 .text.L_shift  0x08008f84       0x24 C:/PROGRAM FILES (X86)/ARM GNU TOOLCHAIN ARM-NONE-EABI/13.3 REL1/BIN/../lib/gcc/arm-none-eabi/13.3.1/thumb/v7e-m+fp/hard\libc_nano.a(libc_a-gdtoa-hexnan.o)
 .text.__match  0x08008fa8       0x28 C:/PROGRAM FILES (X86)/ARM GNU TOOLCHAIN ARM-NONE-EABI/13.3 REL1/BIN/../lib/gcc/arm-none-eabi/13.3.1/thumb/v7e-m+fp/hard\libc_nano.a(libc_a-gdtoa-hexnan.o)
                0x08008fa8                __match
 .text.__hexnan
                0x08008fd0      0x136 C:/PROGRAM FILES (X86)/ARM GNU TOOLCHAIN ARM-NONE-EABI/13.3 REL1/BIN/../lib/gcc/arm-none-eabi/13.3.1/thumb/v7e-m+fp/hard\libc_nano.a(libc_a-gdtoa-hexnan.o)
                0x08008fd0                __hexnan
 .text.__ascii_mbtowc
                0x08009106       0x24 C:/PROGRAM FILES (X86)/ARM GNU TOOLCHAIN ARM-NONE-EABI/13.3 REL1/BIN/../lib/gcc/arm-none-eabi/13.3.1/thumb/v7e-m+fp/hard\libc_nano.a(libc_a-mbtowc_r.o)
                0x08009106                __ascii_mbtowc
 .text._realloc_r
                0x0800912a       0x5c C:/PROGRAM FILES (X86)/ARM GNU TOOLCHAIN ARM-NONE-EABI/13.3 REL1/BIN/../lib/gcc/arm-none-eabi/13.3.1/thumb/v7e-m+fp/hard\libc_nano.a(libc_a-reallocr.o)
                0x0800912a                _realloc_r
 .text.__ascii_wctomb
                0x08009186       0x1a C:/PROGRAM FILES (X86)/ARM GNU TOOLCHAIN ARM-NONE-EABI/13.3 REL1/BIN/../lib/gcc/arm-none-eabi/13.3.1/thumb/v7e-m+fp/hard\libc_nano.a(libc_a-wctomb_r.o)
                0x08009186                __ascii_wctomb
 .text.fprintf  0x080091a0       0x24 C:/PROGRAM FILES (X86)/ARM GNU TOOLCHAIN ARM-NONE-EABI/13.3 REL1/BIN/../lib/gcc/arm-none-eabi/13.3.1/thumb/v7e-m+fp/hard\libc_nano.a(libc_a-fprintf.o)
                0x080091a0                fiprintf
                0x080091a0                fprintf
 .text.__swhatbuf_r
                0x080091c4       0x4c C:/PROGRAM FILES (X86)/ARM GNU TOOLCHAIN ARM-NONE-EABI/13.3 REL1/BIN/../lib/gcc/arm-none-eabi/13.3.1/thumb/v7e-m+fp/hard\libc_nano.a(libc_a-makebuf.o)
                0x080091c4                __swhatbuf_r
 .text.__smakebuf_r
                0x08009210       0x78 C:/PROGRAM FILES (X86)/ARM GNU TOOLCHAIN ARM-NONE-EABI/13.3 REL1/BIN/../lib/gcc/arm-none-eabi/13.3.1/thumb/v7e-m+fp/hard\libc_nano.a(libc_a-makebuf.o)
                0x08009210                __smakebuf_r
 .text._fstat_r
                0x08009288       0x24 C:/PROGRAM FILES (X86)/ARM GNU TOOLCHAIN ARM-NONE-EABI/13.3 REL1/BIN/../lib/gcc/arm-none-eabi/13.3.1/thumb/v7e-m+fp/hard\libc_nano.a(libc_a-fstatr.o)
                0x08009288                _fstat_r
 .text._isatty_r
                0x080092ac       0x20 C:/PROGRAM FILES (X86)/ARM GNU TOOLCHAIN ARM-NONE-EABI/13.3 REL1/BIN/../lib/gcc/arm-none-eabi/13.3.1/thumb/v7e-m+fp/hard\libc_nano.a(libc_a-isattyr.o)
                0x080092ac                _isatty_r
 .text.abort    0x080092cc        0xe C:/PROGRAM FILES (X86)/ARM GNU TOOLCHAIN ARM-NONE-EABI/13.3 REL1/BIN/../lib/gcc/arm-none-eabi/13.3.1/thumb/v7e-m+fp/hard\libc_nano.a(libc_a-abort.o)
                0x080092cc                abort
 .text._malloc_usable_size_r
                0x080092da       0x10 C:/PROGRAM FILES (X86)/ARM GNU TOOLCHAIN ARM-NONE-EABI/13.3 REL1/BIN/../lib/gcc/arm-none-eabi/13.3.1/thumb/v7e-m+fp/hard\libc_nano.a(libc_a-msizer.o)
                0x080092da                _malloc_usable_size_r
 .text._raise_r
                0x080092ea       0x50 C:/PROGRAM FILES (X86)/ARM GNU TOOLCHAIN ARM-NONE-EABI/13.3 REL1/BIN/../lib/gcc/arm-none-eabi/13.3.1/thumb/v7e-m+fp/hard\libc_nano.a(libc_a-signal.o)
                0x080092ea                _raise_r
 *fill*         0x0800933a        0x2 
 .text.raise    0x0800933c       0x10 C:/PROGRAM FILES (X86)/ARM GNU TOOLCHAIN ARM-NONE-EABI/13.3 REL1/BIN/../lib/gcc/arm-none-eabi/13.3.1/thumb/v7e-m+fp/hard\libc_nano.a(libc_a-signal.o)
                0x0800933c                raise
 .text._kill_r  0x0800934c       0x24 C:/PROGRAM FILES (X86)/ARM GNU TOOLCHAIN ARM-NONE-EABI/13.3 REL1/BIN/../lib/gcc/arm-none-eabi/13.3.1/thumb/v7e-m+fp/hard\libc_nano.a(libc_a-signalr.o)
                0x0800934c                _kill_r
 .text._getpid_r
                0x08009370        0x4 C:/PROGRAM FILES (X86)/ARM GNU TOOLCHAIN ARM-NONE-EABI/13.3 REL1/BIN/../lib/gcc/arm-none-eabi/13.3.1/thumb/v7e-m+fp/hard\libc_nano.a(libc_a-signalr.o)
                0x08009370                _getpid_r
 .text.__fixdfdi
                0x08009374       0x30 C:/PROGRAM FILES (X86)/ARM GNU TOOLCHAIN ARM-NONE-EABI/13.3 REL1/BIN/../lib/gcc/arm-none-eabi/13.3.1/thumb/v7e-m+fp/hard\libgcc.a(_fixdfdi.o)
                0x08009374                __fixdfdi
                0x08009374                __aeabi_d2lz
 .text.__fixunsdfdi
                0x080093a4       0x3c C:/PROGRAM FILES (X86)/ARM GNU TOOLCHAIN ARM-NONE-EABI/13.3 REL1/BIN/../lib/gcc/arm-none-eabi/13.3.1/thumb/v7e-m+fp/hard\libgcc.a(_fixunsdfdi.o)
                0x080093a4                __fixunsdfdi
                0x080093a4                __aeabi_d2ulz
 .text.__udivmoddi4
                0x080093e0      0x2bc C:/PROGRAM FILES (X86)/ARM GNU TOOLCHAIN ARM-NONE-EABI/13.3 REL1/BIN/../lib/gcc/arm-none-eabi/13.3.1/thumb/v7e-m+fp/hard\libgcc.a(_udivmoddi4.o)
                0x080093e0                __udivmoddi4
 *(.glue_7)
 .glue_7        0x0800969c        0x0 linker stubs
 *(.glue_7t)
 .glue_7t       0x0800969c        0x0 linker stubs
 *(.eh_frame)
 .eh_frame      0x0800969c        0x0 C:/PROGRAM FILES (X86)/ARM GNU TOOLCHAIN ARM-NONE-EABI/13.3 REL1/BIN/../lib/gcc/arm-none-eabi/13.3.1/thumb/v7e-m+fp/hard/crtbegin.o
 *(.init)
 .init          0x0800969c        0x4 C:/PROGRAM FILES (X86)/ARM GNU TOOLCHAIN ARM-NONE-EABI/13.3 REL1/BIN/../lib/gcc/arm-none-eabi/13.3.1/thumb/v7e-m+fp/hard/crti.o
                0x0800969c                _init
 .init          0x080096a0        0x8 C:/PROGRAM FILES (X86)/ARM GNU TOOLCHAIN ARM-NONE-EABI/13.3 REL1/BIN/../lib/gcc/arm-none-eabi/13.3.1/thumb/v7e-m+fp/hard/crtn.o
 *(.fini)
 .fini          0x080096a8        0x4 C:/PROGRAM FILES (X86)/ARM GNU TOOLCHAIN ARM-NONE-EABI/13.3 REL1/BIN/../lib/gcc/arm-none-eabi/13.3.1/thumb/v7e-m+fp/hard/crti.o
                0x080096a8                _fini
 .fini          0x080096ac        0x8 C:/PROGRAM FILES (X86)/ARM GNU TOOLCHAIN ARM-NONE-EABI/13.3 REL1/BIN/../lib/gcc/arm-none-eabi/13.3.1/thumb/v7e-m+fp/hard/crtn.o
                0x080096b4                        . = ALIGN (0x4)
                0x080096b4                        _etext = .

.vfp11_veneer   0x080096b4        0x0
 .vfp11_veneer  0x080096b4        0x0 linker stubs

.v4_bx          0x080096b4        0x0
 .v4_bx         0x080096b4        0x0 linker stubs

.iplt           0x080096b4        0x0
 .iplt          0x080096b4        0x0 C:/PROGRAM FILES (X86)/ARM GNU TOOLCHAIN ARM-NONE-EABI/13.3 REL1/BIN/../lib/gcc/arm-none-eabi/13.3.1/thumb/v7e-m+fp/hard/crtbegin.o

.rodata         0x080096b8      0x4a4
                0x080096b8                        . = ALIGN (0x4)
 *(.rodata)
 *(.rodata*)
 .rodata.MX_I2C1_Init.str1.4
                0x080096b8       0x4b build/release/main.o
                                 0x18 (size before relaxing)
 .rodata.main.str1.4
                0x08009703       0x33 build/release/main.o
 *fill*         0x08009703        0x1 
 .rodata.SD_Driver
                0x08009704       0x14 build/release/sd_diskio.o
                0x08009704                SD_Driver
 .rodata.APBPrescTable
                0x08009718        0x8 build/release/system_stm32f4xx.o
                0x08009718                APBPrescTable
 .rodata.AHBPrescTable
                0x08009720       0x10 build/release/system_stm32f4xx.o
                0x08009720                AHBPrescTable
 .rodata._printf_float.str1.1
                0x08009730      0x1d9 C:/PROGRAM FILES (X86)/ARM GNU TOOLCHAIN ARM-NONE-EABI/13.3 REL1/BIN/../lib/gcc/arm-none-eabi/13.3.1/thumb/v7e-m+fp/hard\libc_nano.a(libc_a-nano-vfprintf_float.o)
                                 0x12 (size before relaxing)
 .rodata._printf_i.str1.1
                0x08009909       0x22 C:/PROGRAM FILES (X86)/ARM GNU TOOLCHAIN ARM-NONE-EABI/13.3 REL1/BIN/../lib/gcc/arm-none-eabi/13.3.1/thumb/v7e-m+fp/hard\libc_nano.a(libc_a-nano-vfprintf_i.o)
 .rodata._scanf_float.str1.1
                0x08009909        0x6 C:/PROGRAM FILES (X86)/ARM GNU TOOLCHAIN ARM-NONE-EABI/13.3 REL1/BIN/../lib/gcc/arm-none-eabi/13.3.1/thumb/v7e-m+fp/hard\libc_nano.a(libc_a-nano-vfscanf_float.o)
 .rodata._dtoa_r.str1.1
                0x08009909       0x90 C:/PROGRAM FILES (X86)/ARM GNU TOOLCHAIN ARM-NONE-EABI/13.3 REL1/BIN/../lib/gcc/arm-none-eabi/13.3.1/thumb/v7e-m+fp/hard\libc_nano.a(libc_a-dtoa.o)
 .rodata._Balloc.str1.1
                0x08009909       0x71 C:/PROGRAM FILES (X86)/ARM GNU TOOLCHAIN ARM-NONE-EABI/13.3 REL1/BIN/../lib/gcc/arm-none-eabi/13.3.1/thumb/v7e-m+fp/hard\libc_nano.a(libc_a-mprec.o)
 .rodata.__multadd.str1.1
                0x08009909       0x11 C:/PROGRAM FILES (X86)/ARM GNU TOOLCHAIN ARM-NONE-EABI/13.3 REL1/BIN/../lib/gcc/arm-none-eabi/13.3.1/thumb/v7e-m+fp/hard\libc_nano.a(libc_a-mprec.o)
 *fill*         0x08009909        0x3 
 .rodata.p05.0  0x0800990c        0xc C:/PROGRAM FILES (X86)/ARM GNU TOOLCHAIN ARM-NONE-EABI/13.3 REL1/BIN/../lib/gcc/arm-none-eabi/13.3.1/thumb/v7e-m+fp/hard\libc_nano.a(libc_a-mprec.o)
 .rodata.__mprec_bigtens
                0x08009918       0x28 C:/PROGRAM FILES (X86)/ARM GNU TOOLCHAIN ARM-NONE-EABI/13.3 REL1/BIN/../lib/gcc/arm-none-eabi/13.3.1/thumb/v7e-m+fp/hard\libc_nano.a(libc_a-mprec.o)
                0x08009918                __mprec_bigtens
 .rodata.__mprec_tens
                0x08009940       0xc8 C:/PROGRAM FILES (X86)/ARM GNU TOOLCHAIN ARM-NONE-EABI/13.3 REL1/BIN/../lib/gcc/arm-none-eabi/13.3.1/thumb/v7e-m+fp/hard\libc_nano.a(libc_a-mprec.o)
                0x08009940                __mprec_tens
 .rodata._strtod_l.str1.1
                0x08009a08        0xf C:/PROGRAM FILES (X86)/ARM GNU TOOLCHAIN ARM-NONE-EABI/13.3 REL1/BIN/../lib/gcc/arm-none-eabi/13.3.1/thumb/v7e-m+fp/hard\libc_nano.a(libc_a-strtod.o)
 .rodata.fpinan.0
                0x08009a08       0x14 C:/PROGRAM FILES (X86)/ARM GNU TOOLCHAIN ARM-NONE-EABI/13.3 REL1/BIN/../lib/gcc/arm-none-eabi/13.3.1/thumb/v7e-m+fp/hard\libc_nano.a(libc_a-strtod.o)
 .rodata.fpi.1  0x08009a1c       0x14 C:/PROGRAM FILES (X86)/ARM GNU TOOLCHAIN ARM-NONE-EABI/13.3 REL1/BIN/../lib/gcc/arm-none-eabi/13.3.1/thumb/v7e-m+fp/hard\libc_nano.a(libc_a-strtod.o)
 .rodata.tinytens
                0x08009a30       0x28 C:/PROGRAM FILES (X86)/ARM GNU TOOLCHAIN ARM-NONE-EABI/13.3 REL1/BIN/../lib/gcc/arm-none-eabi/13.3.1/thumb/v7e-m+fp/hard\libc_nano.a(libc_a-strtod.o)
 .rodata._ctype_
                0x08009a58      0x101 C:/PROGRAM FILES (X86)/ARM GNU TOOLCHAIN ARM-NONE-EABI/13.3 REL1/BIN/../lib/gcc/arm-none-eabi/13.3.1/thumb/v7e-m+fp/hard\libc_nano.a(libc_a-ctype_.o)
                0x08009a58                _ctype_
 .rodata._svfprintf_r.str1.1
                0x08009b59       0x11 C:/PROGRAM FILES (X86)/ARM GNU TOOLCHAIN ARM-NONE-EABI/13.3 REL1/BIN/../lib/gcc/arm-none-eabi/13.3.1/thumb/v7e-m+fp/hard\libc_nano.a(libc_a-nano-svfprintf.o)
 .rodata._vfprintf_r.str1.1
                0x08009b59       0x11 C:/PROGRAM FILES (X86)/ARM GNU TOOLCHAIN ARM-NONE-EABI/13.3 REL1/BIN/../lib/gcc/arm-none-eabi/13.3.1/thumb/v7e-m+fp/hard\libc_nano.a(libc_a-nano-vfprintf.o)
 .rodata._setlocale_r.str1.1
                0x08009b59        0x9 C:/PROGRAM FILES (X86)/ARM GNU TOOLCHAIN ARM-NONE-EABI/13.3 REL1/BIN/../lib/gcc/arm-none-eabi/13.3.1/thumb/v7e-m+fp/hard\libc_nano.a(libc_a-locale.o)
 .rodata.str1.1
                0x08009b59        0x2 C:/PROGRAM FILES (X86)/ARM GNU TOOLCHAIN ARM-NONE-EABI/13.3 REL1/BIN/../lib/gcc/arm-none-eabi/13.3.1/thumb/v7e-m+fp/hard\libc_nano.a(libc_a-locale.o)
 .rodata.__assert_func.str1.1
                0x08009b59       0x3d C:/PROGRAM FILES (X86)/ARM GNU TOOLCHAIN ARM-NONE-EABI/13.3 REL1/BIN/../lib/gcc/arm-none-eabi/13.3.1/thumb/v7e-m+fp/hard\libc_nano.a(libc_a-assert.o)
 .rodata.__gethex.str1.1
                0x08009b59       0x74 C:/PROGRAM FILES (X86)/ARM GNU TOOLCHAIN ARM-NONE-EABI/13.3 REL1/BIN/../lib/gcc/arm-none-eabi/13.3.1/thumb/v7e-m+fp/hard\libc_nano.a(libc_a-gdtoa-gethex.o)
                0x08009bd0                        . = ALIGN (0x4)
 *fill*         0x08009b59        0x3 

.ARM.extab
 *(.ARM.extab* .gnu.linkonce.armextab.*)

.ARM            0x08009b5c        0x8
                0x08009b5c                        __exidx_start = .
 *(.ARM.exidx*)
 .ARM.exidx     0x08009b5c        0x8 C:/PROGRAM FILES (X86)/ARM GNU TOOLCHAIN ARM-NONE-EABI/13.3 REL1/BIN/../lib/gcc/arm-none-eabi/13.3.1/thumb/v7e-m+fp/hard\libc_nano.a(libc_a-memchr.o)
 .ARM.exidx     0x08009b64        0x0 C:/PROGRAM FILES (X86)/ARM GNU TOOLCHAIN ARM-NONE-EABI/13.3 REL1/BIN/../lib/gcc/arm-none-eabi/13.3.1/thumb/v7e-m+fp/hard\libc_nano.a(libc_a-strlen.o)
                                  0x8 (size before relaxing)
 .ARM.exidx.text.__udivmoddi4
                0x08009b64        0x0 C:/PROGRAM FILES (X86)/ARM GNU TOOLCHAIN ARM-NONE-EABI/13.3 REL1/BIN/../lib/gcc/arm-none-eabi/13.3.1/thumb/v7e-m+fp/hard\libgcc.a(_udivmoddi4.o)
                                  0x8 (size before relaxing)
                0x08009b64                        __exidx_end = .

.rel.dyn        0x08009b64        0x0
 .rel.iplt      0x08009b64        0x0 C:/PROGRAM FILES (X86)/ARM GNU TOOLCHAIN ARM-NONE-EABI/13.3 REL1/BIN/../lib/gcc/arm-none-eabi/13.3.1/thumb/v7e-m+fp/hard/crtbegin.o

.preinit_array  0x08009b64        0x0
                0x08009b64                        PROVIDE (__preinit_array_start = .)
 *(.preinit_array*)
                0x08009b64                        PROVIDE (__preinit_array_end = .)

.init_array     0x08009b64        0x4
                0x08009b64                        PROVIDE (__init_array_start = .)
 *(SORT_BY_NAME(.init_array.*))
 *(.init_array*)
 .init_array    0x08009b64        0x4 C:/PROGRAM FILES (X86)/ARM GNU TOOLCHAIN ARM-NONE-EABI/13.3 REL1/BIN/../lib/gcc/arm-none-eabi/13.3.1/thumb/v7e-m+fp/hard/crtbegin.o
                0x08009b68                        PROVIDE (__init_array_end = .)

.fini_array     0x08009b68        0x4
                [!provide]                        PROVIDE (__fini_array_start = .)
 *(SORT_BY_NAME(.fini_array.*))
 *(.fini_array*)
 .fini_array    0x08009b68        0x4 C:/PROGRAM FILES (X86)/ARM GNU TOOLCHAIN ARM-NONE-EABI/13.3 REL1/BIN/../lib/gcc/arm-none-eabi/13.3.1/thumb/v7e-m+fp/hard/crtbegin.o
                [!provide]                        PROVIDE (__fini_array_end = .)
                0x08009b6c                        _sidata = LOADADDR (.data)

.data           0x20000000      0x1d4 load address 0x08009b6c
                0x20000000                        . = ALIGN (0x4)
                0x20000000                        _sdata = .
 *(.data)
 *(.data*)
 .data.Stat     0x20000000        0x1 build/release/sd_diskio.o
 .data.uwTickFreq
                0x20000001        0x1 build/release/stm32f4xx_hal.o
                0x20000001                uwTickFreq
 *fill*         0x20000002        0x2 
 .data.uwTickPrio
                0x20000004        0x4 build/release/stm32f4xx_hal.o
                0x20000004                uwTickPrio
 .data.SystemCoreClock
                0x20000008        0x4 build/release/system_stm32f4xx.o
                0x20000008                SystemCoreClock
 .data.__sglue  0x2000000c        0xc C:/PROGRAM FILES (X86)/ARM GNU TOOLCHAIN ARM-NONE-EABI/13.3 REL1/BIN/../lib/gcc/arm-none-eabi/13.3.1/thumb/v7e-m+fp/hard\libc_nano.a(libc_a-findfp.o)
                0x2000000c                __sglue
 .data._impure_ptr
                0x20000018        0x4 C:/PROGRAM FILES (X86)/ARM GNU TOOLCHAIN ARM-NONE-EABI/13.3 REL1/BIN/../lib/gcc/arm-none-eabi/13.3.1/thumb/v7e-m+fp/hard\libc_nano.a(libc_a-impure.o)
                0x20000018                _impure_ptr
 .data._impure_data
                0x2000001c       0x4c C:/PROGRAM FILES (X86)/ARM GNU TOOLCHAIN ARM-NONE-EABI/13.3 REL1/BIN/../lib/gcc/arm-none-eabi/13.3.1/thumb/v7e-m+fp/hard\libc_nano.a(libc_a-impure.o)
                0x2000001c                _impure_data
 .data.__global_locale
                0x20000068      0x16c C:/PROGRAM FILES (X86)/ARM GNU TOOLCHAIN ARM-NONE-EABI/13.3 REL1/BIN/../lib/gcc/arm-none-eabi/13.3.1/thumb/v7e-m+fp/hard\libc_nano.a(libc_a-locale.o)
                0x20000068                __global_locale
                0x200001d4                        . = ALIGN (0x4)
                0x200001d4                        _edata = .
                0x08009d40                        _siccmram = LOADADDR (.ccmram)

.tm_clone_table
                0x200001d4        0x0 load address 0x08009d40
 .tm_clone_table
                0x200001d4        0x0 C:/PROGRAM FILES (X86)/ARM GNU TOOLCHAIN ARM-NONE-EABI/13.3 REL1/BIN/../lib/gcc/arm-none-eabi/13.3.1/thumb/v7e-m+fp/hard/crtbegin.o
 .tm_clone_table
                0x200001d4        0x0 C:/PROGRAM FILES (X86)/ARM GNU TOOLCHAIN ARM-NONE-EABI/13.3 REL1/BIN/../lib/gcc/arm-none-eabi/13.3.1/thumb/v7e-m+fp/hard/crtend.o

.igot.plt       0x200001d4        0x0 load address 0x08009d40
 .igot.plt      0x200001d4        0x0 C:/PROGRAM FILES (X86)/ARM GNU TOOLCHAIN ARM-NONE-EABI/13.3 REL1/BIN/../lib/gcc/arm-none-eabi/13.3.1/thumb/v7e-m+fp/hard/crtbegin.o

.ccmram         0x10000000        0x0 load address 0x08009d40
                0x10000000                        . = ALIGN (0x4)
                0x10000000                        _sccmram = .
 *(.ccmram)
 *(.ccmram*)
                0x10000000                        . = ALIGN (0x4)
                0x10000000                        _eccmram = .
                0x10000000                        . = ALIGN (0x4)

.bss            0x200001d4      0x3a8
                0x200001d4                        _sbss = .
                0x200001d4                        __bss_start__ = _sbss
 *(.bss)
 *(.bss*)
 .bss.completed.1
                0x200001d4        0x1 C:/PROGRAM FILES (X86)/ARM GNU TOOLCHAIN ARM-NONE-EABI/13.3 REL1/BIN/../lib/gcc/arm-none-eabi/13.3.1/thumb/v7e-m+fp/hard/crtbegin.o
 *fill*         0x200001d5        0x3 
 .bss.object.0  0x200001d8       0x18 C:/PROGRAM FILES (X86)/ARM GNU TOOLCHAIN ARM-NONE-EABI/13.3 REL1/BIN/../lib/gcc/arm-none-eabi/13.3.1/thumb/v7e-m+fp/hard/crtbegin.o
 .bss.SDPath    0x200001f0        0x4 build/release/fatfs.o
                0x200001f0                SDPath
 .bss.retSD     0x200001f4        0x1 build/release/fatfs.o
                0x200001f4                retSD
 *fill*         0x200001f5        0x3 
 .bss.disk      0x200001f8        0xc build/release/ff_gen_drv.o
                0x200001f8                disk
 .bss.kalman_gyro
                0x20000204       0x3c build/release/main.o
                0x20000204                kalman_gyro
 .bss.kalman_acc
                0x20000240       0x3c build/release/main.o
                0x20000240                kalman_acc
 .bss.rst       0x2000027c        0x1 build/release/main.o
 .bss.whoamI    0x2000027d        0x1 build/release/main.o
 *fill*         0x2000027e        0x2 
 .bss.temperature_degC
                0x20000280        0x4 build/release/main.o
 .bss.angular_rate_mdps
                0x20000284        0xc build/release/main.o
 .bss.acceleration_mg
                0x20000290        0xc build/release/main.o
 .bss.data_raw_temperature
                0x2000029c        0x2 build/release/main.o
 *fill*         0x2000029e        0x2 
 .bss.data_raw_angular_rate
                0x200002a0        0x6 build/release/main.o
 *fill*         0x200002a6        0x2 
 .bss.data_raw_acceleration
                0x200002a8        0x6 build/release/main.o
 *fill*         0x200002ae        0x2 
 .bss.huart1    0x200002b0       0x48 build/release/main.o
                0x200002b0                huart1
 .bss.hspi1     0x200002f8       0x58 build/release/main.o
                0x200002f8                hspi1
 .bss.hsd       0x20000350       0x84 build/release/main.o
                0x20000350                hsd
 .bss.hi2c1     0x200003d4       0x54 build/release/main.o
                0x200003d4                hi2c1
 .bss.uwTick    0x20000428        0x4 build/release/stm32f4xx_hal.o
                0x20000428                uwTick
 .bss.__sbrk_heap_end
                0x2000042c        0x4 build/release/sysmem.o
 .bss.__sf      0x20000430      0x138 C:/PROGRAM FILES (X86)/ARM GNU TOOLCHAIN ARM-NONE-EABI/13.3 REL1/BIN/../lib/gcc/arm-none-eabi/13.3.1/thumb/v7e-m+fp/hard\libc_nano.a(libc_a-findfp.o)
                0x20000430                __sf
 .bss.__stdio_exit_handler
                0x20000568        0x4 C:/PROGRAM FILES (X86)/ARM GNU TOOLCHAIN ARM-NONE-EABI/13.3 REL1/BIN/../lib/gcc/arm-none-eabi/13.3.1/thumb/v7e-m+fp/hard\libc_nano.a(libc_a-findfp.o)
                0x20000568                __stdio_exit_handler
 .bss.errno     0x2000056c        0x4 C:/PROGRAM FILES (X86)/ARM GNU TOOLCHAIN ARM-NONE-EABI/13.3 REL1/BIN/../lib/gcc/arm-none-eabi/13.3.1/thumb/v7e-m+fp/hard\libc_nano.a(libc_a-reent.o)
                0x2000056c                errno
 .bss.__lock___malloc_recursive_mutex
                0x20000570        0x1 C:/PROGRAM FILES (X86)/ARM GNU TOOLCHAIN ARM-NONE-EABI/13.3 REL1/BIN/../lib/gcc/arm-none-eabi/13.3.1/thumb/v7e-m+fp/hard\libc_nano.a(libc_a-lock.o)
                0x20000570                __lock___malloc_recursive_mutex
 .bss.__lock___sfp_recursive_mutex
                0x20000571        0x1 C:/PROGRAM FILES (X86)/ARM GNU TOOLCHAIN ARM-NONE-EABI/13.3 REL1/BIN/../lib/gcc/arm-none-eabi/13.3.1/thumb/v7e-m+fp/hard\libc_nano.a(libc_a-lock.o)
                0x20000571                __lock___sfp_recursive_mutex
 *fill*         0x20000572        0x2 
 .bss.__malloc_sbrk_start
                0x20000574        0x4 C:/PROGRAM FILES (X86)/ARM GNU TOOLCHAIN ARM-NONE-EABI/13.3 REL1/BIN/../lib/gcc/arm-none-eabi/13.3.1/thumb/v7e-m+fp/hard\libc_nano.a(libc_a-mallocr.o)
                0x20000574                __malloc_sbrk_start
 .bss.__malloc_free_list
                0x20000578        0x4 C:/PROGRAM FILES (X86)/ARM GNU TOOLCHAIN ARM-NONE-EABI/13.3 REL1/BIN/../lib/gcc/arm-none-eabi/13.3.1/thumb/v7e-m+fp/hard\libc_nano.a(libc_a-mallocr.o)
                0x20000578                __malloc_free_list
 *(COMMON)
                0x2000057c                        . = ALIGN (0x4)
                0x2000057c                        _ebss = .
                0x2000057c                        __bss_end__ = _ebss

._user_heap_stack
                0x2000057c      0x604
                0x20000580                        . = ALIGN (0x8)
 *fill*         0x2000057c        0x4 
                [!provide]                        PROVIDE (end = .)
                0x20000580                        PROVIDE (_end = .)
                0x20000780                        . = (. + _Min_Heap_Size)
 *fill*         0x20000580      0x200 
                0x20000b80                        . = (. + _Min_Stack_Size)
 *fill*         0x20000780      0x400 
                0x20000b80                        . = ALIGN (0x8)

/DISCARD/
 libc.a(*)
 libm.a(*)
 libgcc.a(*)
OUTPUT(build/release/Talos.elf elf32-littlearm)
LOAD linker stubs
LOAD C:/PROGRAM FILES (X86)/ARM GNU TOOLCHAIN ARM-NONE-EABI/13.3 REL1/BIN/../lib/gcc/arm-none-eabi/13.3.1/thumb/v7e-m+fp/hard\libc.a
LOAD C:/PROGRAM FILES (X86)/ARM GNU TOOLCHAIN ARM-NONE-EABI/13.3 REL1/BIN/../lib/gcc/arm-none-eabi/13.3.1/thumb/v7e-m+fp/hard\libm.a
LOAD C:/PROGRAM FILES (X86)/ARM GNU TOOLCHAIN ARM-NONE-EABI/13.3 REL1/BIN/../lib/gcc/arm-none-eabi/13.3.1/thumb/v7e-m+fp/hard\libgcc.a

.ARM.attributes
                0x00000000       0x30
 .ARM.attributes
                0x00000000       0x22 C:/PROGRAM FILES (X86)/ARM GNU TOOLCHAIN ARM-NONE-EABI/13.3 REL1/BIN/../lib/gcc/arm-none-eabi/13.3.1/thumb/v7e-m+fp/hard/crti.o
 .ARM.attributes
                0x00000022       0x34 C:/PROGRAM FILES (X86)/ARM GNU TOOLCHAIN ARM-NONE-EABI/13.3 REL1/BIN/../lib/gcc/arm-none-eabi/13.3.1/thumb/v7e-m+fp/hard/crtbegin.o
 .ARM.attributes
                0x00000056       0x34 build/release/bsp_driver_sd.o
 .ARM.attributes
                0x0000008a       0x34 build/release/fatfs.o
 .ARM.attributes
                0x000000be       0x34 build/release/fatfs_platform.o
 .ARM.attributes
                0x000000f2       0x34 build/release/ff_gen_drv.o
 .ARM.attributes
                0x00000126       0x34 build/release/lsm6dsm_reg.o
 .ARM.attributes
                0x0000015a       0x34 build/release/main.o
 .ARM.attributes
                0x0000018e       0x34 build/release/sd_diskio.o
 .ARM.attributes
                0x000001c2       0x34 build/release/stm32f4xx_hal.o
 .ARM.attributes
                0x000001f6       0x34 build/release/stm32f4xx_hal_cortex.o
 .ARM.attributes
                0x0000022a       0x34 build/release/stm32f4xx_hal_gpio.o
 .ARM.attributes
                0x0000025e       0x34 build/release/stm32f4xx_hal_i2c.o
 .ARM.attributes
                0x00000292       0x34 build/release/stm32f4xx_hal_msp.o
 .ARM.attributes
                0x000002c6       0x34 build/release/stm32f4xx_hal_rcc.o
 .ARM.attributes
                0x000002fa       0x34 build/release/stm32f4xx_hal_sd.o
 .ARM.attributes
                0x0000032e       0x34 build/release/stm32f4xx_hal_spi.o
 .ARM.attributes
                0x00000362       0x34 build/release/stm32f4xx_hal_uart.o
 .ARM.attributes
                0x00000396       0x34 build/release/stm32f4xx_it.o
 .ARM.attributes
                0x000003ca       0x34 build/release/stm32f4xx_ll_sdmmc.o
 .ARM.attributes
                0x000003fe       0x34 build/release/syscalls.o
 .ARM.attributes
                0x00000432       0x34 build/release/sysmem.o
 .ARM.attributes
                0x00000466       0x34 build/release/system_stm32f4xx.o
 .ARM.attributes
                0x0000049a       0x21 build/release/startup_stm32f405xx.o
 .ARM.attributes
                0x000004bb       0x34 C:/PROGRAM FILES (X86)/ARM GNU TOOLCHAIN ARM-NONE-EABI/13.3 REL1/BIN/../lib/gcc/arm-none-eabi/13.3.1/thumb/v7e-m+fp/hard\libc_nano.a(libc_a-nano-vfprintf_float.o)
 .ARM.attributes
                0x000004ef       0x34 C:/PROGRAM FILES (X86)/ARM GNU TOOLCHAIN ARM-NONE-EABI/13.3 REL1/BIN/../lib/gcc/arm-none-eabi/13.3.1/thumb/v7e-m+fp/hard\libc_nano.a(libc_a-nano-vfprintf_i.o)
 .ARM.attributes
                0x00000523       0x34 C:/PROGRAM FILES (X86)/ARM GNU TOOLCHAIN ARM-NONE-EABI/13.3 REL1/BIN/../lib/gcc/arm-none-eabi/13.3.1/thumb/v7e-m+fp/hard\libc_nano.a(libc_a-nano-vfscanf_float.o)
 .ARM.attributes
                0x00000557       0x34 C:/PROGRAM FILES (X86)/ARM GNU TOOLCHAIN ARM-NONE-EABI/13.3 REL1/BIN/../lib/gcc/arm-none-eabi/13.3.1/thumb/v7e-m+fp/hard\libc_nano.a(libc_a-findfp.o)
 .ARM.attributes
                0x0000058b       0x34 C:/PROGRAM FILES (X86)/ARM GNU TOOLCHAIN ARM-NONE-EABI/13.3 REL1/BIN/../lib/gcc/arm-none-eabi/13.3.1/thumb/v7e-m+fp/hard\libc_nano.a(libc_a-fwalk.o)
 .ARM.attributes
                0x000005bf       0x34 C:/PROGRAM FILES (X86)/ARM GNU TOOLCHAIN ARM-NONE-EABI/13.3 REL1/BIN/../lib/gcc/arm-none-eabi/13.3.1/thumb/v7e-m+fp/hard\libc_nano.a(libc_a-printf.o)
 .ARM.attributes
                0x000005f3       0x34 C:/PROGRAM FILES (X86)/ARM GNU TOOLCHAIN ARM-NONE-EABI/13.3 REL1/BIN/../lib/gcc/arm-none-eabi/13.3.1/thumb/v7e-m+fp/hard\libc_nano.a(libc_a-sprintf.o)
 .ARM.attributes
                0x00000627       0x34 C:/PROGRAM FILES (X86)/ARM GNU TOOLCHAIN ARM-NONE-EABI/13.3 REL1/BIN/../lib/gcc/arm-none-eabi/13.3.1/thumb/v7e-m+fp/hard\libc_nano.a(libc_a-stdio.o)
 .ARM.attributes
                0x0000065b       0x34 C:/PROGRAM FILES (X86)/ARM GNU TOOLCHAIN ARM-NONE-EABI/13.3 REL1/BIN/../lib/gcc/arm-none-eabi/13.3.1/thumb/v7e-m+fp/hard\libc_nano.a(libc_a-memset.o)
 .ARM.attributes
                0x0000068f       0x34 C:/PROGRAM FILES (X86)/ARM GNU TOOLCHAIN ARM-NONE-EABI/13.3 REL1/BIN/../lib/gcc/arm-none-eabi/13.3.1/thumb/v7e-m+fp/hard\libc_nano.a(libc_a-localeconv.o)
 .ARM.attributes
                0x000006c3       0x34 C:/PROGRAM FILES (X86)/ARM GNU TOOLCHAIN ARM-NONE-EABI/13.3 REL1/BIN/../lib/gcc/arm-none-eabi/13.3.1/thumb/v7e-m+fp/hard\libc_nano.a(libc_a-closer.o)
 .ARM.attributes
                0x000006f7       0x34 C:/PROGRAM FILES (X86)/ARM GNU TOOLCHAIN ARM-NONE-EABI/13.3 REL1/BIN/../lib/gcc/arm-none-eabi/13.3.1/thumb/v7e-m+fp/hard\libc_nano.a(libc_a-reent.o)
 .ARM.attributes
                0x0000072b       0x34 C:/PROGRAM FILES (X86)/ARM GNU TOOLCHAIN ARM-NONE-EABI/13.3 REL1/BIN/../lib/gcc/arm-none-eabi/13.3.1/thumb/v7e-m+fp/hard\libc_nano.a(libc_a-impure.o)
 .ARM.attributes
                0x0000075f       0x34 C:/PROGRAM FILES (X86)/ARM GNU TOOLCHAIN ARM-NONE-EABI/13.3 REL1/BIN/../lib/gcc/arm-none-eabi/13.3.1/thumb/v7e-m+fp/hard\libc_nano.a(libc_a-lseekr.o)
 .ARM.attributes
                0x00000793       0x34 C:/PROGRAM FILES (X86)/ARM GNU TOOLCHAIN ARM-NONE-EABI/13.3 REL1/BIN/../lib/gcc/arm-none-eabi/13.3.1/thumb/v7e-m+fp/hard\libc_nano.a(libc_a-readr.o)
 .ARM.attributes
                0x000007c7       0x34 C:/PROGRAM FILES (X86)/ARM GNU TOOLCHAIN ARM-NONE-EABI/13.3 REL1/BIN/../lib/gcc/arm-none-eabi/13.3.1/thumb/v7e-m+fp/hard\libc_nano.a(libc_a-writer.o)
 .ARM.attributes
                0x000007fb       0x34 C:/PROGRAM FILES (X86)/ARM GNU TOOLCHAIN ARM-NONE-EABI/13.3 REL1/BIN/../lib/gcc/arm-none-eabi/13.3.1/thumb/v7e-m+fp/hard\libc_nano.a(libc_a-errno.o)
 .ARM.attributes
                0x0000082f       0x34 C:/PROGRAM FILES (X86)/ARM GNU TOOLCHAIN ARM-NONE-EABI/13.3 REL1/BIN/../lib/gcc/arm-none-eabi/13.3.1/thumb/v7e-m+fp/hard\libc_nano.a(libc_a-init.o)
 .ARM.attributes
                0x00000863       0x34 C:/PROGRAM FILES (X86)/ARM GNU TOOLCHAIN ARM-NONE-EABI/13.3 REL1/BIN/../lib/gcc/arm-none-eabi/13.3.1/thumb/v7e-m+fp/hard\libc_nano.a(libc_a-lock.o)
 .ARM.attributes
                0x00000897       0x1c C:/PROGRAM FILES (X86)/ARM GNU TOOLCHAIN ARM-NONE-EABI/13.3 REL1/BIN/../lib/gcc/arm-none-eabi/13.3.1/thumb/v7e-m+fp/hard\libc_nano.a(libc_a-memchr.o)
 .ARM.attributes
                0x000008b3       0x17 C:/PROGRAM FILES (X86)/ARM GNU TOOLCHAIN ARM-NONE-EABI/13.3 REL1/BIN/../lib/gcc/arm-none-eabi/13.3.1/thumb/v7e-m+fp/hard\libc_nano.a(libc_a-strlen.o)
 .ARM.attributes
                0x000008ca       0x34 C:/PROGRAM FILES (X86)/ARM GNU TOOLCHAIN ARM-NONE-EABI/13.3 REL1/BIN/../lib/gcc/arm-none-eabi/13.3.1/thumb/v7e-m+fp/hard\libc_nano.a(libm_a-sf_nan.o)
 .ARM.attributes
                0x000008fe       0x34 C:/PROGRAM FILES (X86)/ARM GNU TOOLCHAIN ARM-NONE-EABI/13.3 REL1/BIN/../lib/gcc/arm-none-eabi/13.3.1/thumb/v7e-m+fp/hard\libc_nano.a(libc_a-dtoa.o)
 .ARM.attributes
                0x00000932       0x34 C:/PROGRAM FILES (X86)/ARM GNU TOOLCHAIN ARM-NONE-EABI/13.3 REL1/BIN/../lib/gcc/arm-none-eabi/13.3.1/thumb/v7e-m+fp/hard\libc_nano.a(libc_a-freer.o)
 .ARM.attributes
                0x00000966       0x34 C:/PROGRAM FILES (X86)/ARM GNU TOOLCHAIN ARM-NONE-EABI/13.3 REL1/BIN/../lib/gcc/arm-none-eabi/13.3.1/thumb/v7e-m+fp/hard\libc_nano.a(libc_a-malloc.o)
 .ARM.attributes
                0x0000099a       0x34 C:/PROGRAM FILES (X86)/ARM GNU TOOLCHAIN ARM-NONE-EABI/13.3 REL1/BIN/../lib/gcc/arm-none-eabi/13.3.1/thumb/v7e-m+fp/hard\libc_nano.a(libc_a-mallocr.o)
 .ARM.attributes
                0x000009ce       0x34 C:/PROGRAM FILES (X86)/ARM GNU TOOLCHAIN ARM-NONE-EABI/13.3 REL1/BIN/../lib/gcc/arm-none-eabi/13.3.1/thumb/v7e-m+fp/hard\libc_nano.a(libc_a-mlock.o)
 .ARM.attributes
                0x00000a02       0x34 C:/PROGRAM FILES (X86)/ARM GNU TOOLCHAIN ARM-NONE-EABI/13.3 REL1/BIN/../lib/gcc/arm-none-eabi/13.3.1/thumb/v7e-m+fp/hard\libc_nano.a(libc_a-mprec.o)
 .ARM.attributes
                0x00000a36       0x34 C:/PROGRAM FILES (X86)/ARM GNU TOOLCHAIN ARM-NONE-EABI/13.3 REL1/BIN/../lib/gcc/arm-none-eabi/13.3.1/thumb/v7e-m+fp/hard\libc_nano.a(libc_a-strtod.o)
 .ARM.attributes
                0x00000a6a       0x34 C:/PROGRAM FILES (X86)/ARM GNU TOOLCHAIN ARM-NONE-EABI/13.3 REL1/BIN/../lib/gcc/arm-none-eabi/13.3.1/thumb/v7e-m+fp/hard\libc_nano.a(libc_a-strtol.o)
 .ARM.attributes
                0x00000a9e       0x34 C:/PROGRAM FILES (X86)/ARM GNU TOOLCHAIN ARM-NONE-EABI/13.3 REL1/BIN/../lib/gcc/arm-none-eabi/13.3.1/thumb/v7e-m+fp/hard\libc_nano.a(libc_a-ctype_.o)
 .ARM.attributes
                0x00000ad2       0x34 C:/PROGRAM FILES (X86)/ARM GNU TOOLCHAIN ARM-NONE-EABI/13.3 REL1/BIN/../lib/gcc/arm-none-eabi/13.3.1/thumb/v7e-m+fp/hard\libc_nano.a(libc_a-nano-svfprintf.o)
 .ARM.attributes
                0x00000b06       0x34 C:/PROGRAM FILES (X86)/ARM GNU TOOLCHAIN ARM-NONE-EABI/13.3 REL1/BIN/../lib/gcc/arm-none-eabi/13.3.1/thumb/v7e-m+fp/hard\libc_nano.a(libc_a-nano-vfprintf.o)
 .ARM.attributes
                0x00000b3a       0x34 C:/PROGRAM FILES (X86)/ARM GNU TOOLCHAIN ARM-NONE-EABI/13.3 REL1/BIN/../lib/gcc/arm-none-eabi/13.3.1/thumb/v7e-m+fp/hard\libc_nano.a(libc_a-fflush.o)
 .ARM.attributes
                0x00000b6e       0x34 C:/PROGRAM FILES (X86)/ARM GNU TOOLCHAIN ARM-NONE-EABI/13.3 REL1/BIN/../lib/gcc/arm-none-eabi/13.3.1/thumb/v7e-m+fp/hard\libc_nano.a(libc_a-wbuf.o)
 .ARM.attributes
                0x00000ba2       0x34 C:/PROGRAM FILES (X86)/ARM GNU TOOLCHAIN ARM-NONE-EABI/13.3 REL1/BIN/../lib/gcc/arm-none-eabi/13.3.1/thumb/v7e-m+fp/hard\libc_nano.a(libc_a-wsetup.o)
 .ARM.attributes
                0x00000bd6       0x34 C:/PROGRAM FILES (X86)/ARM GNU TOOLCHAIN ARM-NONE-EABI/13.3 REL1/BIN/../lib/gcc/arm-none-eabi/13.3.1/thumb/v7e-m+fp/hard\libc_nano.a(libc_a-memmove.o)
 .ARM.attributes
                0x00000c0a       0x34 C:/PROGRAM FILES (X86)/ARM GNU TOOLCHAIN ARM-NONE-EABI/13.3 REL1/BIN/../lib/gcc/arm-none-eabi/13.3.1/thumb/v7e-m+fp/hard\libc_nano.a(libc_a-strncmp.o)
 .ARM.attributes
                0x00000c3e       0x34 C:/PROGRAM FILES (X86)/ARM GNU TOOLCHAIN ARM-NONE-EABI/13.3 REL1/BIN/../lib/gcc/arm-none-eabi/13.3.1/thumb/v7e-m+fp/hard\libc_nano.a(libc_a-locale.o)
 .ARM.attributes
                0x00000c72       0x34 C:/PROGRAM FILES (X86)/ARM GNU TOOLCHAIN ARM-NONE-EABI/13.3 REL1/BIN/../lib/gcc/arm-none-eabi/13.3.1/thumb/v7e-m+fp/hard\libc_nano.a(libc_a-sbrkr.o)
 .ARM.attributes
                0x00000ca6       0x34 C:/PROGRAM FILES (X86)/ARM GNU TOOLCHAIN ARM-NONE-EABI/13.3 REL1/BIN/../lib/gcc/arm-none-eabi/13.3.1/thumb/v7e-m+fp/hard\libc_nano.a(libc_a-memcpy-stub.o)
 .ARM.attributes
                0x00000cda       0x34 C:/PROGRAM FILES (X86)/ARM GNU TOOLCHAIN ARM-NONE-EABI/13.3 REL1/BIN/../lib/gcc/arm-none-eabi/13.3.1/thumb/v7e-m+fp/hard\libc_nano.a(libm_a-s_nan.o)
 .ARM.attributes
                0x00000d0e       0x34 C:/PROGRAM FILES (X86)/ARM GNU TOOLCHAIN ARM-NONE-EABI/13.3 REL1/BIN/../lib/gcc/arm-none-eabi/13.3.1/thumb/v7e-m+fp/hard\libc_nano.a(libc_a-assert.o)
 .ARM.attributes
                0x00000d42       0x34 C:/PROGRAM FILES (X86)/ARM GNU TOOLCHAIN ARM-NONE-EABI/13.3 REL1/BIN/../lib/gcc/arm-none-eabi/13.3.1/thumb/v7e-m+fp/hard\libc_nano.a(libc_a-callocr.o)
 .ARM.attributes
                0x00000d76       0x34 C:/PROGRAM FILES (X86)/ARM GNU TOOLCHAIN ARM-NONE-EABI/13.3 REL1/BIN/../lib/gcc/arm-none-eabi/13.3.1/thumb/v7e-m+fp/hard\libc_nano.a(libc_a-gdtoa-gethex.o)
 .ARM.attributes
                0x00000daa       0x34 C:/PROGRAM FILES (X86)/ARM GNU TOOLCHAIN ARM-NONE-EABI/13.3 REL1/BIN/../lib/gcc/arm-none-eabi/13.3.1/thumb/v7e-m+fp/hard\libc_nano.a(libc_a-gdtoa-hexnan.o)
 .ARM.attributes
                0x00000dde       0x34 C:/PROGRAM FILES (X86)/ARM GNU TOOLCHAIN ARM-NONE-EABI/13.3 REL1/BIN/../lib/gcc/arm-none-eabi/13.3.1/thumb/v7e-m+fp/hard\libc_nano.a(libc_a-mbtowc_r.o)
 .ARM.attributes
                0x00000e12       0x34 C:/PROGRAM FILES (X86)/ARM GNU TOOLCHAIN ARM-NONE-EABI/13.3 REL1/BIN/../lib/gcc/arm-none-eabi/13.3.1/thumb/v7e-m+fp/hard\libc_nano.a(libc_a-reallocr.o)
 .ARM.attributes
                0x00000e46       0x34 C:/PROGRAM FILES (X86)/ARM GNU TOOLCHAIN ARM-NONE-EABI/13.3 REL1/BIN/../lib/gcc/arm-none-eabi/13.3.1/thumb/v7e-m+fp/hard\libc_nano.a(libc_a-wctomb_r.o)
 .ARM.attributes
                0x00000e7a       0x34 C:/PROGRAM FILES (X86)/ARM GNU TOOLCHAIN ARM-NONE-EABI/13.3 REL1/BIN/../lib/gcc/arm-none-eabi/13.3.1/thumb/v7e-m+fp/hard\libc_nano.a(libc_a-fprintf.o)
 .ARM.attributes
                0x00000eae       0x34 C:/PROGRAM FILES (X86)/ARM GNU TOOLCHAIN ARM-NONE-EABI/13.3 REL1/BIN/../lib/gcc/arm-none-eabi/13.3.1/thumb/v7e-m+fp/hard\libc_nano.a(libc_a-makebuf.o)
 .ARM.attributes
                0x00000ee2       0x34 C:/PROGRAM FILES (X86)/ARM GNU TOOLCHAIN ARM-NONE-EABI/13.3 REL1/BIN/../lib/gcc/arm-none-eabi/13.3.1/thumb/v7e-m+fp/hard\libc_nano.a(libc_a-fstatr.o)
 .ARM.attributes
                0x00000f16       0x34 C:/PROGRAM FILES (X86)/ARM GNU TOOLCHAIN ARM-NONE-EABI/13.3 REL1/BIN/../lib/gcc/arm-none-eabi/13.3.1/thumb/v7e-m+fp/hard\libc_nano.a(libc_a-isattyr.o)
 .ARM.attributes