../Drivers/STM32F4xx_HAL_Driver/Src/stm32f4xx_hal_sd.c:2501:13:SD_DMATransmitCplt	0	static
../Drivers/STM32F4xx_HAL_Driver/Src/stm32f4xx_hal_sd.c:3106:17:SD_FindSCR.constprop	56	static
../Drivers/STM32F4xx_HAL_Driver/Src/stm32f4xx_hal_sd.c:514:13:HAL_SD_MspInit	0	static
../Drivers/STM32F4xx_HAL_Driver/Src/stm32f4xx_hal_sd.c:529:13:HAL_SD_MspDeInit	0	static
../Drivers/STM32F4xx_HAL_Driver/Src/stm32f4xx_hal_sd.c:473:19:HAL_SD_DeInit	8	static
../Drivers/STM32F4xx_HAL_Driver/Src/stm32f4xx_hal_sd.c:570:19:HAL_SD_ReadBlocks	64	static
../Drivers/STM32F4xx_HAL_Driver/Src/stm32f4xx_hal_sd.c:789:19:HAL_SD_WriteBlocks	72	static
../Drivers/STM32F4xx_HAL_Driver/Src/stm32f4xx_hal_sd.c:981:19:HAL_SD_ReadBlocks_IT	40	static
../Drivers/STM32F4xx_HAL_Driver/Src/stm32f4xx_hal_sd.c:1077:19:HAL_SD_WriteBlocks_IT	40	static
../Drivers/STM32F4xx_HAL_Driver/Src/stm32f4xx_hal_sd.c:1174:19:HAL_SD_ReadBlocks_DMA	56	static
../Drivers/STM32F4xx_HAL_Driver/Src/stm32f4xx_hal_sd.c:1295:19:HAL_SD_WriteBlocks_DMA	48	static
../Drivers/STM32F4xx_HAL_Driver/Src/stm32f4xx_hal_sd.c:1418:19:HAL_SD_Erase	24	static
../Drivers/STM32F4xx_HAL_Driver/Src/stm32f4xx_hal_sd.c:1736:21:HAL_SD_GetState	0	static
../Drivers/STM32F4xx_HAL_Driver/Src/stm32f4xx_hal_sd.c:1747:10:HAL_SD_GetError	0	static
../Drivers/STM32F4xx_HAL_Driver/Src/stm32f4xx_hal_sd.c:1757:13:HAL_SD_TxCpltCallback	0	static
../Drivers/STM32F4xx_HAL_Driver/Src/stm32f4xx_hal_sd.c:1772:13:HAL_SD_RxCpltCallback	0	static
../Drivers/STM32F4xx_HAL_Driver/Src/stm32f4xx_hal_sd.c:1787:13:HAL_SD_ErrorCallback	0	static
../Drivers/STM32F4xx_HAL_Driver/Src/stm32f4xx_hal_sd.c:2514:13:SD_DMAReceiveCplt	8	static
../Drivers/STM32F4xx_HAL_Driver/Src/stm32f4xx_hal_sd.c:1802:13:HAL_SD_AbortCallback	0	static
../Drivers/STM32F4xx_HAL_Driver/Src/stm32f4xx_hal_sd.c:2013:19:HAL_SD_GetCardCID	8	static
../Drivers/STM32F4xx_HAL_Driver/Src/stm32f4xx_hal_sd.c:2046:19:HAL_SD_GetCardCSD	8	static
../Drivers/STM32F4xx_HAL_Driver/Src/stm32f4xx_hal_sd.c:403:19:HAL_SD_InitCard	120	static
../Drivers/STM32F4xx_HAL_Driver/Src/stm32f4xx_hal_sd.c:335:19:HAL_SD_Init	8	static
../Drivers/STM32F4xx_HAL_Driver/Src/stm32f4xx_hal_sd.c:2160:19:HAL_SD_GetCardStatus	120	static
../Drivers/STM32F4xx_HAL_Driver/Src/stm32f4xx_hal_sd.c:2220:19:HAL_SD_GetCardInfo	0	static
../Drivers/STM32F4xx_HAL_Driver/Src/stm32f4xx_hal_sd.c:2245:19:HAL_SD_ConfigWideBusOperation	64	static
../Drivers/STM32F4xx_HAL_Driver/Src/stm32f4xx_hal_sd.c:2327:25:HAL_SD_GetCardState	8	static
../Drivers/STM32F4xx_HAL_Driver/Src/stm32f4xx_hal_sd.c:2556:13:SD_DMAError	8	static
../Drivers/STM32F4xx_HAL_Driver/Src/stm32f4xx_hal_sd.c:2600:13:SD_DMATxAbort	8	static
../Drivers/STM32F4xx_HAL_Driver/Src/stm32f4xx_hal_sd.c:1520:6:HAL_SD_IRQHandler	32	static
../Drivers/STM32F4xx_HAL_Driver/Src/stm32f4xx_hal_sd.c:2639:13:SD_DMARxAbort	0	static
../Drivers/STM32F4xx_HAL_Driver/Src/stm32f4xx_hal_sd.c:2350:19:HAL_SD_Abort	8	static
../Drivers/STM32F4xx_HAL_Driver/Src/stm32f4xx_hal_sd.c:2414:19:HAL_SD_Abort_IT	16	static
