../Core/Src/stm32f4xx_hal_msp.c:64:6:HAL_MspInit	8	static
../Core/Src/stm32f4xx_hal_msp.c:87:6:HAL_I2C_MspInit	48	static
../Core/Src/stm32f4xx_hal_msp.c:124:6:HAL_I2C_MspDeInit	8	static
../Core/Src/stm32f4xx_hal_msp.c:155:6:HAL_SD_MspInit	56	static
../Core/Src/stm32f4xx_hal_msp.c:201:6:HAL_SD_MspDeInit	8	static
../Core/Src/stm32f4xx_hal_msp.c:233:6:HAL_SPI_MspInit	40	static
../Core/Src/stm32f4xx_hal_msp.c:272:6:HAL_SPI_MspDeInit	0	static
../Core/Src/stm32f4xx_hal_msp.c:303:6:HAL_UART_MspInit	40	static
../Core/Src/stm32f4xx_hal_msp.c:340:6:HAL_UART_MspDeInit	0	static
