Archive member included to satisfy reference by file (symbol)

C:/PROGRAM FILES (X86)/ARM GNU TOOLCHAIN ARM-NONE-EABI/13.3 REL1/BIN/../lib/gcc/arm-none-eabi/13.3.1/thumb/v7e-m+fp/hard\libc_nano.a(libc_a-exit.o)
                              C:/PROGRAM FILES (X86)/ARM GNU TOOLCHAIN ARM-NONE-EABI/13.3 REL1/BIN/../lib/gcc/arm-none-eabi/13.3.1/thumb/v7e-m+fp/hard/crt0.o (exit)
C:/PROGRAM FILES (X86)/ARM GNU TOOLCHAIN ARM-NONE-EABI/13.3 REL1/BIN/../lib/gcc/arm-none-eabi/13.3.1/thumb/v7e-m+fp/hard\libc_nano.a(libc_a-findfp.o)
                              C:/PROGRAM FILES (X86)/ARM GNU TOOLCHAIN ARM-NONE-EABI/13.3 REL1/BIN/../lib/gcc/arm-none-eabi/13.3.1/thumb/v7e-m+fp/hard\libc_nano.a(libc_a-exit.o) (__stdio_exit_handler)
C:/PROGRAM FILES (X86)/ARM GNU TOOLCHAIN ARM-NONE-EABI/13.3 REL1/BIN/../lib/gcc/arm-none-eabi/13.3.1/thumb/v7e-m+fp/hard\libc_nano.a(libc_a-fwalk.o)
                              C:/PROGRAM FILES (X86)/ARM GNU TOOLCHAIN ARM-NONE-EABI/13.3 REL1/BIN/../lib/gcc/arm-none-eabi/13.3.1/thumb/v7e-m+fp/hard\libc_nano.a(libc_a-findfp.o) (_fwalk_sglue)
C:/PROGRAM FILES (X86)/ARM GNU TOOLCHAIN ARM-NONE-EABI/13.3 REL1/BIN/../lib/gcc/arm-none-eabi/13.3.1/thumb/v7e-m+fp/hard\libc_nano.a(libc_a-sprintf.o)
                              build/debug/Core/Src/main.o (sprintf)
C:/PROGRAM FILES (X86)/ARM GNU TOOLCHAIN ARM-NONE-EABI/13.3 REL1/BIN/../lib/gcc/arm-none-eabi/13.3.1/thumb/v7e-m+fp/hard\libc_nano.a(libc_a-stdio.o)
                              C:/PROGRAM FILES (X86)/ARM GNU TOOLCHAIN ARM-NONE-EABI/13.3 REL1/BIN/../lib/gcc/arm-none-eabi/13.3.1/thumb/v7e-m+fp/hard\libc_nano.a(libc_a-findfp.o) (__sread)
C:/PROGRAM FILES (X86)/ARM GNU TOOLCHAIN ARM-NONE-EABI/13.3 REL1/BIN/../lib/gcc/arm-none-eabi/13.3.1/thumb/v7e-m+fp/hard\libc_nano.a(libc_a-memset.o)
                              C:/PROGRAM FILES (X86)/ARM GNU TOOLCHAIN ARM-NONE-EABI/13.3 REL1/BIN/../lib/gcc/arm-none-eabi/13.3.1/thumb/v7e-m+fp/hard/crt0.o (memset)
C:/PROGRAM FILES (X86)/ARM GNU TOOLCHAIN ARM-NONE-EABI/13.3 REL1/BIN/../lib/gcc/arm-none-eabi/13.3.1/thumb/v7e-m+fp/hard\libc_nano.a(libc_a-closer.o)
                              C:/PROGRAM FILES (X86)/ARM GNU TOOLCHAIN ARM-NONE-EABI/13.3 REL1/BIN/../lib/gcc/arm-none-eabi/13.3.1/thumb/v7e-m+fp/hard\libc_nano.a(libc_a-stdio.o) (_close_r)
C:/PROGRAM FILES (X86)/ARM GNU TOOLCHAIN ARM-NONE-EABI/13.3 REL1/BIN/../lib/gcc/arm-none-eabi/13.3.1/thumb/v7e-m+fp/hard\libc_nano.a(libc_a-reent.o)
                              C:/PROGRAM FILES (X86)/ARM GNU TOOLCHAIN ARM-NONE-EABI/13.3 REL1/BIN/../lib/gcc/arm-none-eabi/13.3.1/thumb/v7e-m+fp/hard\libc_nano.a(libc_a-closer.o) (errno)
C:/PROGRAM FILES (X86)/ARM GNU TOOLCHAIN ARM-NONE-EABI/13.3 REL1/BIN/../lib/gcc/arm-none-eabi/13.3.1/thumb/v7e-m+fp/hard\libc_nano.a(libc_a-impure.o)
                              C:/PROGRAM FILES (X86)/ARM GNU TOOLCHAIN ARM-NONE-EABI/13.3 REL1/BIN/../lib/gcc/arm-none-eabi/13.3.1/thumb/v7e-m+fp/hard\libc_nano.a(libc_a-sprintf.o) (_impure_ptr)
C:/PROGRAM FILES (X86)/ARM GNU TOOLCHAIN ARM-NONE-EABI/13.3 REL1/BIN/../lib/gcc/arm-none-eabi/13.3.1/thumb/v7e-m+fp/hard\libc_nano.a(libc_a-lseekr.o)
                              C:/PROGRAM FILES (X86)/ARM GNU TOOLCHAIN ARM-NONE-EABI/13.3 REL1/BIN/../lib/gcc/arm-none-eabi/13.3.1/thumb/v7e-m+fp/hard\libc_nano.a(libc_a-stdio.o) (_lseek_r)
C:/PROGRAM FILES (X86)/ARM GNU TOOLCHAIN ARM-NONE-EABI/13.3 REL1/BIN/../lib/gcc/arm-none-eabi/13.3.1/thumb/v7e-m+fp/hard\libc_nano.a(libc_a-readr.o)
                              C:/PROGRAM FILES (X86)/ARM GNU TOOLCHAIN ARM-NONE-EABI/13.3 REL1/BIN/../lib/gcc/arm-none-eabi/13.3.1/thumb/v7e-m+fp/hard\libc_nano.a(libc_a-stdio.o) (_read_r)
C:/PROGRAM FILES (X86)/ARM GNU TOOLCHAIN ARM-NONE-EABI/13.3 REL1/BIN/../lib/gcc/arm-none-eabi/13.3.1/thumb/v7e-m+fp/hard\libc_nano.a(libc_a-writer.o)
                              C:/PROGRAM FILES (X86)/ARM GNU TOOLCHAIN ARM-NONE-EABI/13.3 REL1/BIN/../lib/gcc/arm-none-eabi/13.3.1/thumb/v7e-m+fp/hard\libc_nano.a(libc_a-stdio.o) (_write_r)
C:/PROGRAM FILES (X86)/ARM GNU TOOLCHAIN ARM-NONE-EABI/13.3 REL1/BIN/../lib/gcc/arm-none-eabi/13.3.1/thumb/v7e-m+fp/hard\libc_nano.a(libc_a-errno.o)
                              build/debug/Core/Src/syscalls.o (__errno)
C:/PROGRAM FILES (X86)/ARM GNU TOOLCHAIN ARM-NONE-EABI/13.3 REL1/BIN/../lib/gcc/arm-none-eabi/13.3.1/thumb/v7e-m+fp/hard\libc_nano.a(libc_a-init.o)
                              C:/PROGRAM FILES (X86)/ARM GNU TOOLCHAIN ARM-NONE-EABI/13.3 REL1/BIN/../lib/gcc/arm-none-eabi/13.3.1/thumb/v7e-m+fp/hard/crt0.o (__libc_init_array)
C:/PROGRAM FILES (X86)/ARM GNU TOOLCHAIN ARM-NONE-EABI/13.3 REL1/BIN/../lib/gcc/arm-none-eabi/13.3.1/thumb/v7e-m+fp/hard\libc_nano.a(libc_a-lock.o)
                              C:/PROGRAM FILES (X86)/ARM GNU TOOLCHAIN ARM-NONE-EABI/13.3 REL1/BIN/../lib/gcc/arm-none-eabi/13.3.1/thumb/v7e-m+fp/hard\libc_nano.a(libc_a-findfp.o) (__retarget_lock_init_recursive)
[...]
Memory Configuration

Name             Origin             Length             Attributes
RAM              0x20000000         0x00020000         xrw
CCMRAM           0x10000000         0x00010000         xrw
FLASH            0x08000000         0x00100000         xr
*default*        0x00000000         0xffffffff

Linker script and memory map

LOAD C:/PROGRAM FILES (X86)/ARM GNU TOOLCHAIN ARM-NONE-EABI/13.3 REL1/BIN/../lib/gcc/arm-none-eabi/13.3.1/thumb/v7e-m+fp/hard/crti.o
LOAD C:/PROGRAM FILES (X86)/ARM GNU TOOLCHAIN ARM-NONE-EABI/13.3 REL1/BIN/../lib/gcc/arm-none-eabi/13.3.1/thumb/v7e-m+fp/hard/crtbegin.o
LOAD C:/PROGRAM FILES (X86)/ARM GNU TOOLCHAIN ARM-NONE-EABI/13.3 REL1/BIN/../lib/gcc/arm-none-eabi/13.3.1/thumb/v7e-m+fp/hard/crt0.o
LOAD build/debug/Core/Src/main.o
LOAD build/debug/Core/Src/stm32f4xx_hal_msp.o
LOAD build/debug/Core/Src/stm32f4xx_it.o
LOAD build/debug/Core/Src/syscalls.o
LOAD build/debug/Core/Src/sysmem.o
LOAD build/debug/Core/Src/system_stm32f4xx.o
LOAD build/debug/Drivers/STM32F4xx_HAL_Driver/Src/stm32f4xx_hal.o
LOAD build/debug/Drivers/STM32F4xx_HAL_Driver/Src/stm32f4xx_hal_cortex.o
LOAD build/debug/Drivers/STM32F4xx_HAL_Driver/Src/stm32f4xx_hal_dma.o
LOAD build/debug/Drivers/STM32F4xx_HAL_Driver/Src/stm32f4xx_hal_dma_ex.o
LOAD build/debug/Drivers/STM32F4xx_HAL_Driver/Src/stm32f4xx_hal_exti.o
LOAD build/debug/Drivers/STM32F4xx_HAL_Driver/Src/stm32f4xx_hal_flash.o
LOAD build/debug/Drivers/STM32F4xx_HAL_Driver/Src/stm32f4xx_hal_flash_ex.o
LOAD build/debug/Drivers/STM32F4xx_HAL_Driver/Src/stm32f4xx_hal_flash_ramfunc.o
LOAD build/debug/Drivers/STM32F4xx_HAL_Driver/Src/stm32f4xx_hal_gpio.o
LOAD build/debug/Drivers/STM32F4xx_HAL_Driver/Src/stm32f4xx_hal_i2c.o
LOAD build/debug/Drivers/STM32F4xx_HAL_Driver/Src/stm32f4xx_hal_i2c_ex.o
LOAD build/debug/Drivers/STM32F4xx_HAL_Driver/Src/stm32f4xx_hal_mmc.o
LOAD build/debug/Drivers/STM32F4xx_HAL_Driver/Src/stm32f4xx_hal_pwr.o
LOAD build/debug/Drivers/STM32F4xx_HAL_Driver/Src/stm32f4xx_hal_pwr_ex.o
LOAD build/debug/Drivers/STM32F4xx_HAL_Driver/Src/stm32f4xx_hal_rcc.o
LOAD build/debug/Drivers/STM32F4xx_HAL_Driver/Src/stm32f4xx_hal_rcc_ex.o
LOAD build/debug/Drivers/STM32F4xx_HAL_Driver/Src/stm32f4xx_hal_sd.o
LOAD build/debug/Drivers/STM32F4xx_HAL_Driver/Src/stm32f4xx_hal_spi.o
LOAD build/debug/Drivers/STM32F4xx_HAL_Driver/Src/stm32f4xx_hal_uart.o
LOAD build/debug/Drivers/STM32F4xx_HAL_Driver/Src/stm32f4xx_ll_sdmmc.o
LOAD build/debug/FATFS/App/fatfs.o
LOAD build/debug/FATFS/Target/bsp_driver_sd.o
LOAD build/debug/FATFS/Target/fatfs_platform.o
LOAD build/debug/FATFS/Target/sd_diskio.o
LOAD build/debug/Middlewares/Third_Party/FatFs/src/diskio.o
LOAD build/debug/Middlewares/Third_Party/FatFs/src/ff.o
LOAD build/debug/Middlewares/Third_Party/FatFs/src/ff_gen_drv.o
LOAD build/debug/Middlewares/Third_Party/FatFs/src/option/syscall.o
LOAD build/debug/startup_stm32f405xx.o
LOAD C:/PROGRAM FILES (X86)/ARM GNU TOOLCHAIN ARM-NONE-EABI/13.3 REL1/BIN/../lib/gcc/arm-none-eabi/13.3.1/thumb/v7e-m+fp/hard\libc_nano.a
LOAD C:/PROGRAM FILES (X86)/ARM GNU TOOLCHAIN ARM-NONE-EABI/13.3 REL1/BIN/../lib/gcc/arm-none-eabi/13.3.1/thumb/v7e-m+fp/hard\libm.a
LOAD C:/PROGRAM FILES (X86)/ARM GNU TOOLCHAIN ARM-NONE-EABI/13.3 REL1/BIN/../lib/gcc/arm-none-eabi/13.3.1/thumb/v7e-m+fp/hard\libnosys.a
START GROUP
LOAD C:/PROGRAM FILES (X86)/ARM GNU TOOLCHAIN ARM-NONE-EABI/13.3 REL1/BIN/../lib/gcc/arm-none-eabi/13.3.1/thumb/v7e-m+fp/hard\libgcc.a
LOAD C:/PROGRAM FILES (X86)/ARM GNU TOOLCHAIN ARM-NONE-EABI/13.3 REL1/BIN/../lib/gcc/arm-none-eabi/13.3.1/thumb/v7e-m+fp/hard\libc_nano.a
END GROUP
START GROUP
LOAD C:/PROGRAM FILES (X86)/ARM GNU TOOLCHAIN ARM-NONE-EABI/13.3 REL1/BIN/../lib/gcc/arm-none-eabi/13.3.1/thumb/v7e-m+fp/hard\libgcc.a
LOAD C:/PROGRAM FILES (X86)/ARM GNU TOOLCHAIN ARM-NONE-EABI/13.3 REL1/BIN/../lib/gcc/arm-none-eabi/13.3.1/thumb/v7e-m+fp/hard\libc_nano.a
END GROUP
LOAD C:/PROGRAM FILES (X86)/ARM GNU TOOLCHAIN ARM-NONE-EABI/13.3 REL1/BIN/../lib/gcc/arm-none-eabi/13.3.1/thumb/v7e-m+fp/hard/crtend.o
LOAD C:/PROGRAM FILES (X86)/ARM GNU TOOLCHAIN ARM-NONE-EABI/13.3 REL1/BIN/../lib/gcc/arm-none-eabi/13.3.1/thumb/v7e-m+fp/hard/crtn.o
                0x20020000                        _estack = (ORIGIN (RAM) + LENGTH (RAM))
                0x00000200                        _Min_Heap_Size = 0x200
                0x00000400                        _Min_Stack_Size = 0x400

.isr_vector     0x08000000      0x188
                0x08000000                        . = ALIGN (0x4)
 *(.isr_vector)
 .isr_vector    0x08000000      0x188 build/debug/startup_stm32f405xx.o
                0x08000000                g_pfnVectors
                0x08000188                        . = ALIGN (0x4)

.text           0x08000190     0x45f8
                0x08000190                        . = ALIGN (0x4)
 *(.text)
 .text          0x08000190       0xa0 C:/PROGRAM FILES (X86)/ARM GNU TOOLCHAIN ARM-NONE-EABI/13.3 REL1/BIN/../lib/gcc/arm-none-eabi/13.3.1/thumb/v7e-m+fp/hard\libc_nano.a(libc_a-memchr.o)
                0x08000190                memchr
 .text          0x08000230      0x378 C:/PROGRAM FILES (X86)/ARM GNU TOOLCHAIN ARM-NONE-EABI/13.3 REL1/BIN/../lib/gcc/arm-none-eabi/13.3.1/thumb/v7e-m+fp/hard\libgcc.a(_arm_addsubdf3.o)
                0x08000230                __aeabi_drsub
                0x08000238                __aeabi_dsub
                0x08000238                __subdf3
                0x0800023c                __aeabi_dadd
                0x0800023c                __adddf3
                0x080004b4                __floatunsidf
                0x080004b4                __aeabi_ui2d
                0x080004d4                __floatsidf
                0x080004d4                __aeabi_i2d
                0x080004f8                __aeabi_f2d
                0x080004f8                __extendsfdf2
                0x0800053c                __floatundidf
                0x0800053c                __aeabi_ul2d
                0x0800054c                __floatdidf
                0x0800054c                __aeabi_l2d
 .text          0x080005a8       0x30 C:/PROGRAM FILES (X86)/ARM GNU TOOLCHAIN ARM-NONE-EABI/13.3 REL1/BIN/../lib/gcc/arm-none-eabi/13.3.1/thumb/v7e-m+fp/hard\libgcc.a(_aeabi_uldivmod.o)
                0x080005a8                __aeabi_uldivmod
 .text          0x080005d8        0x4 C:/PROGRAM FILES (X86)/ARM GNU TOOLCHAIN ARM-NONE-EABI/13.3 REL1/BIN/../lib/gcc/arm-none-eabi/13.3.1/thumb/v7e-m+fp/hard\libgcc.a(_dvmd_tls.o)
                0x080005d8                __aeabi_idiv0
                0x080005d8                __aeabi_ldiv0
 *(.text*)
 .text.deregister_tm_clones
                0x080005dc       0x1c C:/PROGRAM FILES (X86)/ARM GNU TOOLCHAIN ARM-NONE-EABI/13.3 REL1/BIN/../lib/gcc/arm-none-eabi/13.3.1/thumb/v7e-m+fp/hard/crtbegin.o
 .text.register_tm_clones
                0x080005f8       0x24 C:/PROGRAM FILES (X86)/ARM GNU TOOLCHAIN ARM-NONE-EABI/13.3 REL1/BIN/../lib/gcc/arm-none-eabi/13.3.1/thumb/v7e-m+fp/hard/crtbegin.o
 .text.__do_global_dtors_aux
                0x0800061c       0x28 C:/PROGRAM FILES (X86)/ARM GNU TOOLCHAIN ARM-NONE-EABI/13.3 REL1/BIN/../lib/gcc/arm-none-eabi/13.3.1/thumb/v7e-m+fp/hard/crtbegin.o
 .text.frame_dummy
                0x08000644       0x24 C:/PROGRAM FILES (X86)/ARM GNU TOOLCHAIN ARM-NONE-EABI/13.3 REL1/BIN/../lib/gcc/arm-none-eabi/13.3.1/thumb/v7e-m+fp/hard/crtbegin.o
 .text.MX_SDIO_SD_Init
                0x08000668       0x20 build/debug/Core/Src/main.o
 .text.MX_GPIO_Init
                0x08000688      0x104 build/debug/Core/Src/main.o
 .text.Error_Handler
                0x0800078c        0x4 build/debug/Core/Src/main.o
                0x0800078c                Error_Handler
 .text.MX_SPI1_Init
                0x08000790       0x40 build/debug/Core/Src/main.o
 .text.MX_USART1_UART_Init
                0x080007d0       0x34 build/debug/Core/Src/main.o
 .text.MX_I2C1_Init
                0x08000804       0x80 build/debug/Core/Src/main.o
 .text.SystemClock_Config
                0x08000884       0x98 build/debug/Core/Src/main.o
                0x08000884                SystemClock_Config
 .text.main     0x0800091c       0xec build/debug/Core/Src/main.o
                0x0800091c                main
 .text.HAL_MspInit
                0x08000a08       0x38 build/debug/Core/Src/stm32f4xx_hal_msp.o
                0x08000a08                HAL_MspInit
 .text.HAL_I2C_MspInit
                0x08000a40       0x70 build/debug/Core/Src/stm32f4xx_hal_msp.o
                0x08000a40                HAL_I2C_MspInit
 .text.HAL_SD_MspInit
                0x08000ab0       0xa0 build/debug/Core/Src/stm32f4xx_hal_msp.o
                0x08000ab0                HAL_SD_MspInit
 .text.HAL_SPI_MspInit
                0x08000b50       0x70 build/debug/Core/Src/stm32f4xx_hal_msp.o
                0x08000b50                HAL_SPI_MspInit
 .text.HAL_UART_MspInit
                0x08000bc0       0x74 build/debug/Core/Src/stm32f4xx_hal_msp.o
                0x08000bc0                HAL_UART_MspInit
 .text.NMI_Handler
                0x08000c34        0x2 build/debug/Core/Src/stm32f4xx_it.o
                0x08000c34                NMI_Handler
 .text.HardFault_Handler
                0x08000c36        0x2 build/debug/Core/Src/stm32f4xx_it.o
                0x08000c36                HardFault_Handler
 .text.MemManage_Handler
                0x08000c38        0x2 build/debug/Core/Src/stm32f4xx_it.o
                0x08000c38                MemManage_Handler
 .text.BusFault_Handler
                0x08000c3a        0x2 build/debug/Core/Src/stm32f4xx_it.o
                0x08000c3a                BusFault_Handler
 .text.UsageFault_Handler
                0x08000c3c        0x2 build/debug/Core/Src/stm32f4xx_it.o
                0x08000c3c                UsageFault_Handler
 .text.SVC_Handler
                0x08000c3e        0x2 build/debug/Core/Src/stm32f4xx_it.o
                0x08000c3e                SVC_Handler
 .text.DebugMon_Handler
                0x08000c40        0x2 build/debug/Core/Src/stm32f4xx_it.o
                0x08000c40                DebugMon_Handler
 .text.PendSV_Handler
                0x08000c42        0x2 build/debug/Core/Src/stm32f4xx_it.o
                0x08000c42                PendSV_Handler
 .text.SysTick_Handler
                0x08000c44        0x8 build/debug/Core/Src/stm32f4xx_it.o
                0x08000c44                SysTick_Handler
 .text._sbrk    0x08000c4c       0x48 build/debug/Core/Src/sysmem.o
                0x08000c4c                _sbrk
 .text.SystemInit
                0x08000c94       0x14 build/debug/Core/Src/system_stm32f4xx.o
                0x08000c94                SystemInit
 .text.HAL_InitTick
                0x08000ca8       0x4c build/debug/Drivers/STM32F4xx_HAL_Driver/Src/stm32f4xx_hal.o
                0x08000ca8                HAL_InitTick
 .text.HAL_Init
                0x08000cf4       0x34 build/debug/Drivers/STM32F4xx_HAL_Driver/Src/stm32f4xx_hal.o
                0x08000cf4                HAL_Init
 .text.HAL_IncTick
                0x08000d28       0x18 build/debug/Drivers/STM32F4xx_HAL_Driver/Src/stm32f4xx_hal.o
                0x08000d28                HAL_IncTick
 .text.HAL_GetTick
                0x08000d40        0xc build/debug/Drivers/STM32F4xx_HAL_Driver/Src/stm32f4xx_hal.o
                0x08000d40                HAL_GetTick
 .text.HAL_Delay
                0x08000d4c       0x28 build/debug/Drivers/STM32F4xx_HAL_Driver/Src/stm32f4xx_hal.o
                0x08000d4c                HAL_Delay
 .text.__NVIC_SetPriority
                0x08000d74       0x28 build/debug/Drivers/STM32F4xx_HAL_Driver/Src/stm32f4xx_hal_cortex.o
 .text.NVIC_EncodePriority
                0x08000d9c       0x3e build/debug/Drivers/STM32F4xx_HAL_Driver/Src/stm32f4xx_hal_cortex.o
 *fill*         0x08000dda        0x2 
 .text.HAL_NVIC_SetPriorityGrouping
                0x08000ddc       0x24 build/debug/Drivers/STM32F4xx_HAL_Driver/Src/stm32f4xx_hal_cortex.o
                0x08000ddc                HAL_NVIC_SetPriorityGrouping
 .text.HAL_NVIC_SetPriority
                0x08000e00       0x20 build/debug/Drivers/STM32F4xx_HAL_Driver/Src/stm32f4xx_hal_cortex.o
                0x08000e00                HAL_NVIC_SetPriority
 .text.HAL_SYSTICK_Config
                0x08000e20       0x28 build/debug/Drivers/STM32F4xx_HAL_Driver/Src/stm32f4xx_hal_cortex.o
                0x08000e20                HAL_SYSTICK_Config
 .text.HAL_GPIO_Init
                0x08000e48      0x1ec build/debug/Drivers/STM32F4xx_HAL_Driver/Src/stm32f4xx_hal_gpio.o
                0x08000e48                HAL_GPIO_Init
 .text.HAL_GPIO_ReadPin
                0x08001034        0xe build/debug/Drivers/STM32F4xx_HAL_Driver/Src/stm32f4xx_hal_gpio.o
                0x08001034                HAL_GPIO_ReadPin
 .text.HAL_GPIO_WritePin
                0x08001042        0xc build/debug/Drivers/STM32F4xx_HAL_Driver/Src/stm32f4xx_hal_gpio.o
                0x08001042                HAL_GPIO_WritePin
 .text.I2C_IsAcknowledgeFailed
                0x0800104e       0x32 build/debug/Drivers/STM32F4xx_HAL_Driver/Src/stm32f4xx_hal_i2c.o
 .text.I2C_WaitOnFlagUntilTimeout
                0x08001080       0xaa build/debug/Drivers/STM32F4xx_HAL_Driver/Src/stm32f4xx_hal_i2c.o
 .text.I2C_WaitOnMasterAddressFlagUntilTimeout
                0x0800112a       0xd6 build/debug/Drivers/STM32F4xx_HAL_Driver/Src/stm32f4xx_hal_i2c.o
 .text.I2C_MasterRequestWrite
                0x08001200       0xb4 build/debug/Drivers/STM32F4xx_HAL_Driver/Src/stm32f4xx_hal_i2c.o
 .text.I2C_MasterRequestRead
                0x080012b4      0x120 build/debug/Drivers/STM32F4xx_HAL_Driver/Src/stm32f4xx_hal_i2c.o
 .text.I2C_WaitOnTXEFlagUntilTimeout
                0x080013d4       0x5e build/debug/Drivers/STM32F4xx_HAL_Driver/Src/stm32f4xx_hal_i2c.o
 *fill*         0x08001432        0x2 
 .text.I2C_RequestMemoryWrite
                0x08001434       0xd8 build/debug/Drivers/STM32F4xx_HAL_Driver/Src/stm32f4xx_hal_i2c.o
 .text.I2C_WaitOnBTFFlagUntilTimeout
                0x0800150c       0x5e build/debug/Drivers/STM32F4xx_HAL_Driver/Src/stm32f4xx_hal_i2c.o
 .text.I2C_WaitOnRXNEFlagUntilTimeout
                0x0800156a       0x78 build/debug/Drivers/STM32F4xx_HAL_Driver/Src/stm32f4xx_hal_i2c.o
 *fill*         0x080015e2        0x2 
 .text.HAL_I2C_Init
                0x080015e4      0x1bc build/debug/Drivers/STM32F4xx_HAL_Driver/Src/stm32f4xx_hal_i2c.o
                0x080015e4                HAL_I2C_Init
 .text.HAL_I2C_Master_Transmit
                0x080017a0      0x178 build/debug/Drivers/STM32F4xx_HAL_Driver/Src/stm32f4xx_hal_i2c.o
                0x080017a0                HAL_I2C_Master_Transmit
 .text.HAL_I2C_Master_Receive
                0x08001918      0x2fc build/debug/Drivers/STM32F4xx_HAL_Driver/Src/stm32f4xx_hal_i2c.o
                0x08001918                HAL_I2C_Master_Receive
 .text.HAL_I2C_Mem_Write
                0x08001c14      0x164 build/debug/Drivers/STM32F4xx_HAL_Driver/Src/stm32f4xx_hal_i2c.o
                0x08001c14                HAL_I2C_Mem_Write
 .text.HAL_I2C_IsDeviceReady
                0x08001d78      0x194 build/debug/Drivers/STM32F4xx_HAL_Driver/Src/stm32f4xx_hal_i2c.o
                0x08001d78                HAL_I2C_IsDeviceReady
 .text.HAL_RCC_OscConfig
                0x08001f0c      0x3f8 build/debug/Drivers/STM32F4xx_HAL_Driver/Src/stm32f4xx_hal_rcc.o
                0x08001f0c                HAL_RCC_OscConfig
 .text.HAL_RCC_GetSysClockFreq
                0x08002304       0xa8 build/debug/Drivers/STM32F4xx_HAL_Driver/Src/stm32f4xx_hal_rcc.o
                0x08002304                HAL_RCC_GetSysClockFreq
 .text.HAL_RCC_ClockConfig
                0x080023ac      0x160 build/debug/Drivers/STM32F4xx_HAL_Driver/Src/stm32f4xx_hal_rcc.o
                0x080023ac                HAL_RCC_ClockConfig
 .text.HAL_RCC_GetHCLKFreq
                0x0800250c        0xc build/debug/Drivers/STM32F4xx_HAL_Driver/Src/stm32f4xx_hal_rcc.o
                0x0800250c                HAL_RCC_GetHCLKFreq
 .text.HAL_RCC_GetPCLK1Freq
                0x08002518       0x20 build/debug/Drivers/STM32F4xx_HAL_Driver/Src/stm32f4xx_hal_rcc.o
                0x08002518                HAL_RCC_GetPCLK1Freq
 .text.HAL_RCC_GetPCLK2Freq
                0x08002538       0x20 build/debug/Drivers/STM32F4xx_HAL_Driver/Src/stm32f4xx_hal_rcc.o
                0x08002538                HAL_RCC_GetPCLK2Freq
 .text.SD_PowerON
                0x08002558       0xc0 build/debug/Drivers/STM32F4xx_HAL_Driver/Src/stm32f4xx_hal_sd.o
 .text.SD_SendStatus
                0x08002618       0x2c build/debug/Drivers/STM32F4xx_HAL_Driver/Src/stm32f4xx_hal_sd.o
 .text.HAL_SD_ReadBlocks
                0x08002644      0x250 build/debug/Drivers/STM32F4xx_HAL_Driver/Src/stm32f4xx_hal_sd.o
                0x08002644                HAL_SD_ReadBlocks
 .text.HAL_SD_WriteBlocks
                0x08002894      0x20c build/debug/Drivers/STM32F4xx_HAL_Driver/Src/stm32f4xx_hal_sd.o
                0x08002894                HAL_SD_WriteBlocks
 .text.HAL_SD_GetCardCSD
                0x08002aa0      0x1b8 build/debug/Drivers/STM32F4xx_HAL_Driver/Src/stm32f4xx_hal_sd.o
                0x08002aa0                HAL_SD_GetCardCSD
 .text.SD_InitCard
                0x08002c58      0x100 build/debug/Drivers/STM32F4xx_HAL_Driver/Src/stm32f4xx_hal_sd.o
 .text.HAL_SD_InitCard
                0x08002d58       0xa8 build/debug/Drivers/STM32F4xx_HAL_Driver/Src/stm32f4xx_hal_sd.o
                0x08002d58                HAL_SD_InitCard
 .text.HAL_SD_Init
                0x08002e00       0x36 build/debug/Drivers/STM32F4xx_HAL_Driver/Src/stm32f4xx_hal_sd.o
                0x08002e00                HAL_SD_Init
 .text.HAL_SD_GetCardInfo
                0x08002e36       0x24 build/debug/Drivers/STM32F4xx_HAL_Driver/Src/stm32f4xx_hal_sd.o
                0x08002e36                HAL_SD_GetCardInfo
 .text.HAL_SD_GetCardState
                0x08002e5a       0x22 build/debug/Drivers/STM32F4xx_HAL_Driver/Src/stm32f4xx_hal_sd.o
                0x08002e5a                HAL_SD_GetCardState
 .text.HAL_SPI_Init
                0x08002e7c       0xbe build/debug/Drivers/STM32F4xx_HAL_Driver/Src/stm32f4xx_hal_spi.o
                0x08002e7c                HAL_SPI_Init
 .text.UART_EndRxTransfer
                0x08002f3a       0x5c build/debug/Drivers/STM32F4xx_HAL_Driver/Src/stm32f4xx_hal_uart.o
 *fill*         0x08002f96        0x2 
 .text.UART_SetConfig
                0x08002f98      0x110 build/debug/Drivers/STM32F4xx_HAL_Driver/Src/stm32f4xx_hal_uart.o
 .text.UART_WaitOnFlagUntilTimeout
                0x080030a8       0x86 build/debug/Drivers/STM32F4xx_HAL_Driver/Src/stm32f4xx_hal_uart.o
 .text.HAL_UART_Init
                0x0800312e       0x60 build/debug/Drivers/STM32F4xx_HAL_Driver/Src/stm32f4xx_hal_uart.o
                0x0800312e                HAL_UART_Init
 .text.HAL_UART_Transmit
                0x0800318e       0xcc build/debug/Drivers/STM32F4xx_HAL_Driver/Src/stm32f4xx_hal_uart.o
                0x0800318e                HAL_UART_Transmit
 *fill*         0x0800325a        0x2 
 .text.SDMMC_GetCmdError
                0x0800325c       0x38 build/debug/Drivers/STM32F4xx_HAL_Driver/Src/stm32f4xx_ll_sdmmc.o
 .text.SDIO_Init
                0x08003294       0x32 build/debug/Drivers/STM32F4xx_HAL_Driver/Src/stm32f4xx_ll_sdmmc.o
                0x08003294                SDIO_Init
 .text.SDIO_ReadFIFO
                0x080032c6        0x6 build/debug/Drivers/STM32F4xx_HAL_Driver/Src/stm32f4xx_ll_sdmmc.o
                0x080032c6                SDIO_ReadFIFO
 .text.SDIO_WriteFIFO
                0x080032cc        0xa build/debug/Drivers/STM32F4xx_HAL_Driver/Src/stm32f4xx_ll_sdmmc.o
                0x080032cc                SDIO_WriteFIFO
 .text.SDIO_PowerState_ON
                0x080032d6        0x8 build/debug/Drivers/STM32F4xx_HAL_Driver/Src/stm32f4xx_ll_sdmmc.o
                0x080032d6                SDIO_PowerState_ON
 .text.SDIO_GetPowerState
                0x080032de        0x8 build/debug/Drivers/STM32F4xx_HAL_Driver/Src/stm32f4xx_ll_sdmmc.o
                0x080032de                SDIO_GetPowerState
 .text.SDIO_SendCommand
                0x080032e6       0x20 build/debug/Drivers/STM32F4xx_HAL_Driver/Src/stm32f4xx_ll_sdmmc.o
                0x080032e6                SDIO_SendCommand
 .text.SDIO_GetCommandResponse
                0x08003306        0x6 build/debug/Drivers/STM32F4xx_HAL_Driver/Src/stm32f4xx_ll_sdmmc.o
                0x08003306                SDIO_GetCommandResponse
 .text.SDIO_GetResponse
                0x0800330c        0x6 build/debug/Drivers/STM32F4xx_HAL_Driver/Src/stm32f4xx_ll_sdmmc.o
                0x0800330c                SDIO_GetResponse
 .text.SDIO_ConfigData
                0x08003312       0x24 build/debug/Drivers/STM32F4xx_HAL_Driver/Src/stm32f4xx_ll_sdmmc.o
                0x08003312                SDIO_ConfigData
 .text.SDMMC_CmdGoIdleState
                0x08003336       0x26 build/debug/Drivers/STM32F4xx_HAL_Driver/Src/stm32f4xx_ll_sdmmc.o
                0x08003336                SDMMC_CmdGoIdleState
 .text.SDMMC_GetCmdResp1
                0x0800335c      0x154 build/debug/Drivers/STM32F4xx_HAL_Driver/Src/stm32f4xx_ll_sdmmc.o
                0x0800335c                SDMMC_GetCmdResp1
 .text.SDMMC_CmdBlockLength
                0x080034b0       0x30 build/debug/Drivers/STM32F4xx_HAL_Driver/Src/stm32f4xx_ll_sdmmc.o
                0x080034b0                SDMMC_CmdBlockLength
 .text.SDMMC_CmdReadSingleBlock
                0x080034e0       0x30 build/debug/Drivers/STM32F4xx_HAL_Driver/Src/stm32f4xx_ll_sdmmc.o
                0x080034e0                SDMMC_CmdReadSingleBlock
 .text.SDMMC_CmdReadMultiBlock
                0x08003510       0x30 build/debug/Drivers/STM32F4xx_HAL_Driver/Src/stm32f4xx_ll_sdmmc.o
                0x08003510                SDMMC_CmdReadMultiBlock
 .text.SDMMC_CmdWriteSingleBlock
                0x08003540       0x30 build/debug/Drivers/STM32F4xx_HAL_Driver/Src/stm32f4xx_ll_sdmmc.o
                0x08003540                SDMMC_CmdWriteSingleBlock
 .text.SDMMC_CmdWriteMultiBlock
                0x08003570       0x30 build/debug/Drivers/STM32F4xx_HAL_Driver/Src/stm32f4xx_ll_sdmmc.o
                0x08003570                SDMMC_CmdWriteMultiBlock
 .text.SDMMC_CmdStopTransfer
                0x080035a0       0x34 build/debug/Drivers/STM32F4xx_HAL_Driver/Src/stm32f4xx_ll_sdmmc.o
                0x080035a0                SDMMC_CmdStopTransfer
 .text.SDMMC_CmdSelDesel
                0x080035d4       0x30 build/debug/Drivers/STM32F4xx_HAL_Driver/Src/stm32f4xx_ll_sdmmc.o
                0x080035d4                SDMMC_CmdSelDesel
 .text.SDMMC_CmdAppCommand
                0x08003604       0x30 build/debug/Drivers/STM32F4xx_HAL_Driver/Src/stm32f4xx_ll_sdmmc.o
                0x08003604                SDMMC_CmdAppCommand
 .text.SDMMC_CmdSendStatus
                0x08003634       0x30 build/debug/Drivers/STM32F4xx_HAL_Driver/Src/stm32f4xx_ll_sdmmc.o
                0x08003634                SDMMC_CmdSendStatus
 .text.SDMMC_GetCmdResp2
                0x08003664       0x5c build/debug/Drivers/STM32F4xx_HAL_Driver/Src/stm32f4xx_ll_sdmmc.o
                0x08003664                SDMMC_GetCmdResp2
 .text.SDMMC_CmdSendCID
                0x080036c0       0x2a build/debug/Drivers/STM32F4xx_HAL_Driver/Src/stm32f4xx_ll_sdmmc.o
                0x080036c0                SDMMC_CmdSendCID
 .text.SDMMC_CmdSendCSD
                0x080036ea       0x2a build/debug/Drivers/STM32F4xx_HAL_Driver/Src/stm32f4xx_ll_sdmmc.o
                0x080036ea                SDMMC_CmdSendCSD
 .text.SDMMC_GetCmdResp3
                0x08003714       0x4c build/debug/Drivers/STM32F4xx_HAL_Driver/Src/stm32f4xx_ll_sdmmc.o
                0x08003714                SDMMC_GetCmdResp3
 .text.SDMMC_CmdAppOperCommand
                0x08003760       0x32 build/debug/Drivers/STM32F4xx_HAL_Driver/Src/stm32f4xx_ll_sdmmc.o
                0x08003760                SDMMC_CmdAppOperCommand
 *fill*         0x08003792        0x2 
 .text.SDMMC_GetCmdResp6
                0x08003794       0xa0 build/debug/Drivers/STM32F4xx_HAL_Driver/Src/stm32f4xx_ll_sdmmc.o
                0x08003794                SDMMC_GetCmdResp6
 .text.SDMMC_CmdSetRelAdd
                0x08003834       0x30 build/debug/Drivers/STM32F4xx_HAL_Driver/Src/stm32f4xx_ll_sdmmc.o
                0x08003834                SDMMC_CmdSetRelAdd
 .text.SDMMC_GetCmdResp7
                0x08003864       0x64 build/debug/Drivers/STM32F4xx_HAL_Driver/Src/stm32f4xx_ll_sdmmc.o
                0x08003864                SDMMC_GetCmdResp7
 .text.SDMMC_CmdOperCond
                0x080038c8       0x2e build/debug/Drivers/STM32F4xx_HAL_Driver/Src/stm32f4xx_ll_sdmmc.o
                0x080038c8                SDMMC_CmdOperCond
 *fill*         0x080038f6        0x2 
 .text.MX_FATFS_Init
                0x080038f8       0x1c build/debug/FATFS/App/fatfs.o
                0x080038f8                MX_FATFS_Init
 .text.BSP_SD_ReadBlocks
                0x08003914       0x20 build/debug/FATFS/Target/bsp_driver_sd.o
                0x08003914                BSP_SD_ReadBlocks
 .text.BSP_SD_WriteBlocks
                0x08003934       0x20 build/debug/FATFS/Target/bsp_driver_sd.o
                0x08003934                BSP_SD_WriteBlocks
 .text.BSP_SD_GetCardState
                0x08003954       0x14 build/debug/FATFS/Target/bsp_driver_sd.o
                0x08003954                BSP_SD_GetCardState
 .text.BSP_SD_GetCardInfo
                0x08003968       0x10 build/debug/FATFS/Target/bsp_driver_sd.o
                0x08003968                BSP_SD_GetCardInfo
 .text.BSP_SD_IsDetected
                0x08003978       0x20 build/debug/FATFS/Target/bsp_driver_sd.o
                0x08003978                BSP_SD_IsDetected
 .text.BSP_SD_Init
                0x08003998       0x1c build/debug/FATFS/Target/bsp_driver_sd.o
                0x08003998                BSP_SD_Init
 .text.BSP_PlatformIsDetected
                0x080039b4       0x18 build/debug/FATFS/Target/fatfs_platform.o
                0x080039b4                BSP_PlatformIsDetected
 .text.SD_CheckStatus
                0x080039cc       0x24 build/debug/FATFS/Target/sd_diskio.o
 .text.SD_initialize
                0x080039f0       0x28 build/debug/FATFS/Target/sd_diskio.o
                0x080039f0                SD_initialize
 .text.SD_status
                0x08003a18        0x8 build/debug/FATFS/Target/sd_diskio.o
                0x08003a18                SD_status
 .text.SD_read  0x08003a20       0x24 build/debug/FATFS/Target/sd_diskio.o
                0x08003a20                SD_read
 .text.SD_write
                0x08003a44       0x24 build/debug/FATFS/Target/sd_diskio.o
                0x08003a44                SD_write
 .text.SD_ioctl
                0x08003a68       0x58 build/debug/FATFS/Target/sd_diskio.o
                0x08003a68                SD_ioctl
 .text.FATFS_LinkDriverEx
                0x08003ac0       0x54 build/debug/Middlewares/Third_Party/FatFs/src/ff_gen_drv.o
                0x08003ac0                FATFS_LinkDriverEx
 .text.FATFS_LinkDriver
                0x08003b14        0xa build/debug/Middlewares/Third_Party/FatFs/src/ff_gen_drv.o
                0x08003b14                FATFS_LinkDriver
 *fill*         0x08003b1e        0x2 
 .text.Reset_Handler
                0x08003b20       0x50 build/debug/startup_stm32f405xx.o
                0x08003b20                Reset_Handler
 .text.Default_Handler
                0x08003b70        0x2 build/debug/startup_stm32f405xx.o
                0x08003b70                RTC_Alarm_IRQHandler
                0x08003b70                HASH_RNG_IRQHandler
                0x08003b70                EXTI2_IRQHandler
                0x08003b70                TIM8_CC_IRQHandler
                0x08003b70                TIM1_CC_IRQHandler
                0x08003b70                DMA2_Stream5_IRQHandler
                0x08003b70                DMA1_Stream5_IRQHandler
                0x08003b70                PVD_IRQHandler
                0x08003b70                SDIO_IRQHandler
                0x08003b70                TAMP_STAMP_IRQHandler
                0x08003b70                CAN2_RX1_IRQHandler
                0x08003b70                EXTI3_IRQHandler
                0x08003b70                TIM8_TRG_COM_TIM14_IRQHandler
                0x08003b70                TIM1_UP_TIM10_IRQHandler
                0x08003b70                TIM8_UP_TIM13_IRQHandler
                0x08003b70                I2C3_ER_IRQHandler
                0x08003b70                EXTI0_IRQHandler
                0x08003b70                I2C2_EV_IRQHandler
                0x08003b70                DMA1_Stream2_IRQHandler
                0x08003b70                CAN1_RX0_IRQHandler
                0x08003b70                FPU_IRQHandler
                0x08003b70                OTG_HS_WKUP_IRQHandler
                0x08003b70                CAN2_SCE_IRQHandler
                0x08003b70                DMA2_Stream2_IRQHandler
                0x08003b70                SPI1_IRQHandler
                0x08003b70                TIM6_DAC_IRQHandler
                0x08003b70                TIM1_BRK_TIM9_IRQHandler
                0x08003b70                CAN2_RX0_IRQHandler
                0x08003b70                DMA2_Stream3_IRQHandler
                0x08003b70                USART6_IRQHandler
                0x08003b70                USART3_IRQHandler
                0x08003b70                CAN1_RX1_IRQHandler
                0x08003b70                UART5_IRQHandler
                0x08003b70                DMA2_Stream0_IRQHandler
                0x08003b70                TIM4_IRQHandler
                0x08003b70                I2C1_EV_IRQHandler
                0x08003b70                DMA1_Stream6_IRQHandler
                0x08003b70                DMA1_Stream1_IRQHandler
                0x08003b70                UART4_IRQHandler
                0x08003b70                TIM3_IRQHandler
                0x08003b70                RCC_IRQHandler
                0x08003b70                TIM8_BRK_TIM12_IRQHandler
                0x08003b70                Default_Handler
                0x08003b70                EXTI15_10_IRQHandler
                0x08003b70                ADC_IRQHandler
                0x08003b70                DMA1_Stream7_IRQHandler
                0x08003b70                TIM7_IRQHandler
                0x08003b70                CAN2_TX_IRQHandler
                0x08003b70                TIM5_IRQHandler
                0x08003b70                DMA2_Stream7_IRQHandler
                0x08003b70                I2C3_EV_IRQHandler
                0x08003b70                EXTI9_5_IRQHandler
                0x08003b70                RTC_WKUP_IRQHandler
                0x08003b70                SPI2_IRQHandler
                0x08003b70                OTG_HS_EP1_IN_IRQHandler
                0x08003b70                DMA1_Stream0_IRQHandler
                0x08003b70                CAN1_TX_IRQHandler
                0x08003b70                EXTI4_IRQHandler
                0x08003b70                FSMC_IRQHandler
                0x08003b70                OTG_HS_EP1_OUT_IRQHandler
                0x08003b70                WWDG_IRQHandler
                0x08003b70                TIM2_IRQHandler
                0x08003b70                OTG_FS_WKUP_IRQHandler
                0x08003b70                TIM1_TRG_COM_TIM11_IRQHandler
                0x08003b70                OTG_HS_IRQHandler
                0x08003b70                EXTI1_IRQHandler
                0x08003b70                USART2_IRQHandler
                0x08003b70                I2C2_ER_IRQHandler
                0x08003b70                DMA2_Stream1_IRQHandler
                0x08003b70                CAN1_SCE_IRQHandler
                0x08003b70                FLASH_IRQHandler
                0x08003b70                DMA2_Stream4_IRQHandler
                0x08003b70                USART1_IRQHandler
                0x08003b70                OTG_FS_IRQHandler
                0x08003b70                SPI3_IRQHandler
                0x08003b70                DMA1_Stream4_IRQHandler
                0x08003b70                I2C1_ER_IRQHandler
                0x08003b70                DMA2_Stream6_IRQHandler
                0x08003b70                DMA1_Stream3_IRQHandler
 *fill*         0x08003b72        0x2 
 .text.sprintf  0x08003b74       0x44 C:/PROGRAM FILES (X86)/ARM GNU TOOLCHAIN ARM-NONE-EABI/13.3 REL1/BIN/../lib/gcc/arm-none-eabi/13.3.1/thumb/v7e-m+fp/hard\libc_nano.a(libc_a-sprintf.o)
                0x08003b74                siprintf
                0x08003b74                sprintf
 .text.memset   0x08003bb8       0x10 C:/PROGRAM FILES (X86)/ARM GNU TOOLCHAIN ARM-NONE-EABI/13.3 REL1/BIN/../lib/gcc/arm-none-eabi/13.3.1/thumb/v7e-m+fp/hard\libc_nano.a(libc_a-memset.o)
                0x08003bb8                memset
 .text.__errno  0x08003bc8        0xc C:/PROGRAM FILES (X86)/ARM GNU TOOLCHAIN ARM-NONE-EABI/13.3 REL1/BIN/../lib/gcc/arm-none-eabi/13.3.1/thumb/v7e-m+fp/hard\libc_nano.a(libc_a-errno.o)
                0x08003bc8                __errno
 .text.__libc_init_array
                0x08003bd4       0x48 C:/PROGRAM FILES (X86)/ARM GNU TOOLCHAIN ARM-NONE-EABI/13.3 REL1/BIN/../lib/gcc/arm-none-eabi/13.3.1/thumb/v7e-m+fp/hard\libc_nano.a(libc_a-init.o)
                0x08003bd4                __libc_init_array
 .text.__retarget_lock_acquire_recursive
                0x08003c1c        0x2 C:/PROGRAM FILES (X86)/ARM GNU TOOLCHAIN ARM-NONE-EABI/13.3 REL1/BIN/../lib/gcc/arm-none-eabi/13.3.1/thumb/v7e-m+fp/hard\libc_nano.a(libc_a-lock.o)
                0x08003c1c                __retarget_lock_acquire_recursive
 .text.__retarget_lock_release_recursive
                0x08003c1e        0x2 C:/PROGRAM FILES (X86)/ARM GNU TOOLCHAIN ARM-NONE-EABI/13.3 REL1/BIN/../lib/gcc/arm-none-eabi/13.3.1/thumb/v7e-m+fp/hard\libc_nano.a(libc_a-lock.o)
                0x08003c1e                __retarget_lock_release_recursive
 .text._free_r  0x08003c20       0x94 C:/PROGRAM FILES (X86)/ARM GNU TOOLCHAIN ARM-NONE-EABI/13.3 REL1/BIN/../lib/gcc/arm-none-eabi/13.3.1/thumb/v7e-m+fp/hard\libc_nano.a(libc_a-freer.o)
                0x08003c20                _free_r
 .text.sbrk_aligned
                0x08003cb4       0x44 C:/PROGRAM FILES (X86)/ARM GNU TOOLCHAIN ARM-NONE-EABI/13.3 REL1/BIN/../lib/gcc/arm-none-eabi/13.3.1/thumb/v7e-m+fp/hard\libc_nano.a(libc_a-mallocr.o)
 .text._malloc_r
                0x08003cf8      0x100 C:/PROGRAM FILES (X86)/ARM GNU TOOLCHAIN ARM-NONE-EABI/13.3 REL1/BIN/../lib/gcc/arm-none-eabi/13.3.1/thumb/v7e-m+fp/hard\libc_nano.a(libc_a-mallocr.o)
                0x08003cf8                _malloc_r
 .text.__malloc_lock
                0x08003df8        0xc C:/PROGRAM FILES (X86)/ARM GNU TOOLCHAIN ARM-NONE-EABI/13.3 REL1/BIN/../lib/gcc/arm-none-eabi/13.3.1/thumb/v7e-m+fp/hard\libc_nano.a(libc_a-mlock.o)
                0x08003df8                __malloc_lock
 .text.__malloc_unlock
                0x08003e04        0xc C:/PROGRAM FILES (X86)/ARM GNU TOOLCHAIN ARM-NONE-EABI/13.3 REL1/BIN/../lib/gcc/arm-none-eabi/13.3.1/thumb/v7e-m+fp/hard\libc_nano.a(libc_a-mlock.o)
                0x08003e04                __malloc_unlock
 .text.__ssputs_r
                0x08003e10       0xb6 C:/PROGRAM FILES (X86)/ARM GNU TOOLCHAIN ARM-NONE-EABI/13.3 REL1/BIN/../lib/gcc/arm-none-eabi/13.3.1/thumb/v7e-m+fp/hard\libc_nano.a(libc_a-nano-svfprintf.o)
                0x08003e10                __ssputs_r
 *fill*         0x08003ec6        0x2 
 .text._svfprintf_r
                0x08003ec8      0x1f8 C:/PROGRAM FILES (X86)/ARM GNU TOOLCHAIN ARM-NONE-EABI/13.3 REL1/BIN/../lib/gcc/arm-none-eabi/13.3.1/thumb/v7e-m+fp/hard\libc_nano.a(libc_a-nano-svfprintf.o)
                0x08003ec8                _svfiprintf_r
                0x08003ec8                _svfprintf_r
 .text._printf_common
                0x080040c0       0xda C:/PROGRAM FILES (X86)/ARM GNU TOOLCHAIN ARM-NONE-EABI/13.3 REL1/BIN/../lib/gcc/arm-none-eabi/13.3.1/thumb/v7e-m+fp/hard\libc_nano.a(libc_a-nano-vfprintf_i.o)
                0x080040c0                _printf_common
 *fill*         0x0800419a        0x2 
 .text._printf_i
                0x0800419c      0x23c C:/PROGRAM FILES (X86)/ARM GNU TOOLCHAIN ARM-NONE-EABI/13.3 REL1/BIN/../lib/gcc/arm-none-eabi/13.3.1/thumb/v7e-m+fp/hard\libc_nano.a(libc_a-nano-vfprintf_i.o)
                0x0800419c                _printf_i
 .text.memmove  0x080043d8       0x34 C:/PROGRAM FILES (X86)/ARM GNU TOOLCHAIN ARM-NONE-EABI/13.3 REL1/BIN/../lib/gcc/arm-none-eabi/13.3.1/thumb/v7e-m+fp/hard\libc_nano.a(libc_a-memmove.o)
                0x080043d8                memmove
 .text._sbrk_r  0x0800440c       0x20 C:/PROGRAM FILES (X86)/ARM GNU TOOLCHAIN ARM-NONE-EABI/13.3 REL1/BIN/../lib/gcc/arm-none-eabi/13.3.1/thumb/v7e-m+fp/hard\libc_nano.a(libc_a-sbrkr.o)
                0x0800440c                _sbrk_r
 .text.memcpy   0x0800442c       0x1c C:/PROGRAM FILES (X86)/ARM GNU TOOLCHAIN ARM-NONE-EABI/13.3 REL1/BIN/../lib/gcc/arm-none-eabi/13.3.1/thumb/v7e-m+fp/hard\libc_nano.a(libc_a-memcpy-stub.o)
                0x0800442c                memcpy
 .text._realloc_r
                0x08004448       0x5c C:/PROGRAM FILES (X86)/ARM GNU TOOLCHAIN ARM-NONE-EABI/13.3 REL1/BIN/../lib/gcc/arm-none-eabi/13.3.1/thumb/v7e-m+fp/hard\libc_nano.a(libc_a-reallocr.o)
                0x08004448                _realloc_r
 .text._malloc_usable_size_r
                0x080044a4       0x10 C:/PROGRAM FILES (X86)/ARM GNU TOOLCHAIN ARM-NONE-EABI/13.3 REL1/BIN/../lib/gcc/arm-none-eabi/13.3.1/thumb/v7e-m+fp/hard\libc_nano.a(libc_a-msizer.o)
                0x080044a4                _malloc_usable_size_r
 .text.__udivmoddi4
                0x080044b4      0x2bc C:/PROGRAM FILES (X86)/ARM GNU TOOLCHAIN ARM-NONE-EABI/13.3 REL1/BIN/../lib/gcc/arm-none-eabi/13.3.1/thumb/v7e-m+fp/hard\libgcc.a(_udivmoddi4.o)
                0x080044b4                __udivmoddi4
 *(.glue_7)
 .glue_7        0x08004770        0x0 linker stubs
 *(.glue_7t)
 .glue_7t       0x08004770        0x0 linker stubs
 *(.eh_frame)
 .eh_frame      0x08004770        0x0 C:/PROGRAM FILES (X86)/ARM GNU TOOLCHAIN ARM-NONE-EABI/13.3 REL1/BIN/../lib/gcc/arm-none-eabi/13.3.1/thumb/v7e-m+fp/hard/crtbegin.o
 *(.init)
 .init          0x08004770        0x4 C:/PROGRAM FILES (X86)/ARM GNU TOOLCHAIN ARM-NONE-EABI/13.3 REL1/BIN/../lib/gcc/arm-none-eabi/13.3.1/thumb/v7e-m+fp/hard/crti.o
                0x08004770                _init
 .init          0x08004774        0x8 C:/PROGRAM FILES (X86)/ARM GNU TOOLCHAIN ARM-NONE-EABI/13.3 REL1/BIN/../lib/gcc/arm-none-eabi/13.3.1/thumb/v7e-m+fp/hard/crtn.o
 *(.fini)
 .fini          0x0800477c        0x4 C:/PROGRAM FILES (X86)/ARM GNU TOOLCHAIN ARM-NONE-EABI/13.3 REL1/BIN/../lib/gcc/arm-none-eabi/13.3.1/thumb/v7e-m+fp/hard/crti.o
                0x0800477c                _fini
 .fini          0x08004780        0x8 C:/PROGRAM FILES (X86)/ARM GNU TOOLCHAIN ARM-NONE-EABI/13.3 REL1/BIN/../lib/gcc/arm-none-eabi/13.3.1/thumb/v7e-m+fp/hard/crtn.o
                0x08004788                        . = ALIGN (0x4)
                0x08004788                        _etext = .

.vfp11_veneer   0x08004788        0x0
 .vfp11_veneer  0x08004788        0x0 linker stubs

.v4_bx          0x08004788        0x0
 .v4_bx         0x08004788        0x0 linker stubs

.iplt           0x08004788        0x0
 .iplt          0x08004788        0x0 C:/PROGRAM FILES (X86)/ARM GNU TOOLCHAIN ARM-NONE-EABI/13.3 REL1/BIN/../lib/gcc/arm-none-eabi/13.3.1/thumb/v7e-m+fp/hard/crtbegin.o

.rodata         0x08004788       0xa0
                0x08004788                        . = ALIGN (0x4)
 *(.rodata)
 .rodata        0x08004788       0x19 build/debug/Core/Src/main.o
 *(.rodata*)
 *fill*         0x080047a1        0x3 
 .rodata.MX_I2C1_Init.str1.4
                0x080047a4       0x24 build/debug/Core/Src/main.o
                                 0x18 (size before relaxing)
 .rodata.main.str1.4
                0x080047c8        0xc build/debug/Core/Src/main.o
 .rodata.APBPrescTable
                0x080047c8        0x8 build/debug/Core/Src/system_stm32f4xx.o
                0x080047c8                APBPrescTable
 .rodata.AHBPrescTable
                0x080047d0       0x10 build/debug/Core/Src/system_stm32f4xx.o
                0x080047d0                AHBPrescTable
 .rodata.SD_Driver
                0x080047e0       0x14 build/debug/FATFS/Target/sd_diskio.o
                0x080047e0                SD_Driver
 .rodata._svfprintf_r.str1.1
                0x080047f4       0x33 C:/PROGRAM FILES (X86)/ARM GNU TOOLCHAIN ARM-NONE-EABI/13.3 REL1/BIN/../lib/gcc/arm-none-eabi/13.3.1/thumb/v7e-m+fp/hard\libc_nano.a(libc_a-nano-svfprintf.o)
                                 0x11 (size before relaxing)
 .rodata._printf_i.str1.1
                0x08004827       0x22 C:/PROGRAM FILES (X86)/ARM GNU TOOLCHAIN ARM-NONE-EABI/13.3 REL1/BIN/../lib/gcc/arm-none-eabi/13.3.1/thumb/v7e-m+fp/hard\libc_nano.a(libc_a-nano-vfprintf_i.o)
                0x0800484c                        . = ALIGN (0x4)
 *fill*         0x08004827        0x1 

.ARM.extab
 *(.ARM.extab* .gnu.linkonce.armextab.*)

.ARM            0x08004828        0x8
                0x08004828                        __exidx_start = .
 *(.ARM.exidx*)
 .ARM.exidx     0x08004828        0x8 C:/PROGRAM FILES (X86)/ARM GNU TOOLCHAIN ARM-NONE-EABI/13.3 REL1/BIN/../lib/gcc/arm-none-eabi/13.3.1/thumb/v7e-m+fp/hard\libc_nano.a(libc_a-memchr.o)
 .ARM.exidx.text.__udivmoddi4
                0x08004830        0x0 C:/PROGRAM FILES (X86)/ARM GNU TOOLCHAIN ARM-NONE-EABI/13.3 REL1/BIN/../lib/gcc/arm-none-eabi/13.3.1/thumb/v7e-m+fp/hard\libgcc.a(_udivmoddi4.o)
                                  0x8 (size before relaxing)
                0x08004830                        __exidx_end = .

.rel.dyn        0x08004830        0x0
 .rel.iplt      0x08004830        0x0 C:/PROGRAM FILES (X86)/ARM GNU TOOLCHAIN ARM-NONE-EABI/13.3 REL1/BIN/../lib/gcc/arm-none-eabi/13.3.1/thumb/v7e-m+fp/hard/crtbegin.o

.preinit_array  0x08004830        0x0
                0x08004830                        PROVIDE (__preinit_array_start = .)
 *(.preinit_array*)
                0x08004830                        PROVIDE (__preinit_array_end = .)

.init_array     0x08004830        0x4
                0x08004830                        PROVIDE (__init_array_start = .)
 *(SORT_BY_NAME(.init_array.*))
 *(.init_array*)
 .init_array    0x08004830        0x4 C:/PROGRAM FILES (X86)/ARM GNU TOOLCHAIN ARM-NONE-EABI/13.3 REL1/BIN/../lib/gcc/arm-none-eabi/13.3.1/thumb/v7e-m+fp/hard/crtbegin.o
                0x08004834                        PROVIDE (__init_array_end = .)

.fini_array     0x08004834        0x4
                [!provide]                        PROVIDE (__fini_array_start = .)
 *(SORT_BY_NAME(.fini_array.*))
 *(.fini_array*)
 .fini_array    0x08004834        0x4 C:/PROGRAM FILES (X86)/ARM GNU TOOLCHAIN ARM-NONE-EABI/13.3 REL1/BIN/../lib/gcc/arm-none-eabi/13.3.1/thumb/v7e-m+fp/hard/crtbegin.o
                [!provide]                        PROVIDE (__fini_array_end = .)
                0x08004838                        _sidata = LOADADDR (.data)

.data           0x20000000       0x60 load address 0x08004838
                0x20000000                        . = ALIGN (0x4)
                0x20000000                        _sdata = .
 *(.data)
 *(.data*)
 .data.SystemCoreClock
                0x20000000        0x4 build/debug/Core/Src/system_stm32f4xx.o
                0x20000000                SystemCoreClock
 .data.uwTickFreq
                0x20000004        0x1 build/debug/Drivers/STM32F4xx_HAL_Driver/Src/stm32f4xx_hal.o
                0x20000004                uwTickFreq
 *fill*         0x20000005        0x3 
 .data.uwTickPrio
                0x20000008        0x4 build/debug/Drivers/STM32F4xx_HAL_Driver/Src/stm32f4xx_hal.o
                0x20000008                uwTickPrio
 .data.Stat     0x2000000c        0x1 build/debug/FATFS/Target/sd_diskio.o
 *fill*         0x2000000d        0x3 
 .data._impure_ptr
                0x20000010        0x4 C:/PROGRAM FILES (X86)/ARM GNU TOOLCHAIN ARM-NONE-EABI/13.3 REL1/BIN/../lib/gcc/arm-none-eabi/13.3.1/thumb/v7e-m+fp/hard\libc_nano.a(libc_a-impure.o)
                0x20000010                _impure_ptr
 .data._impure_data
                0x20000014       0x4c C:/PROGRAM FILES (X86)/ARM GNU TOOLCHAIN ARM-NONE-EABI/13.3 REL1/BIN/../lib/gcc/arm-none-eabi/13.3.1/thumb/v7e-m+fp/hard\libc_nano.a(libc_a-impure.o)
                0x20000014                _impure_data
                0x20000060                        . = ALIGN (0x4)
                0x20000060                        _edata = .
                0x08004898                        _siccmram = LOADADDR (.ccmram)

.tm_clone_table
                0x20000060        0x0 load address 0x08004898
 .tm_clone_table
                0x20000060        0x0 C:/PROGRAM FILES (X86)/ARM GNU TOOLCHAIN ARM-NONE-EABI/13.3 REL1/BIN/../lib/gcc/arm-none-eabi/13.3.1/thumb/v7e-m+fp/hard/crtbegin.o
 .tm_clone_table
                0x20000060        0x0 C:/PROGRAM FILES (X86)/ARM GNU TOOLCHAIN ARM-NONE-EABI/13.3 REL1/BIN/../lib/gcc/arm-none-eabi/13.3.1/thumb/v7e-m+fp/hard/crtend.o

.igot.plt       0x20000060        0x0 load address 0x08004898
 .igot.plt      0x20000060        0x0 C:/PROGRAM FILES (X86)/ARM GNU TOOLCHAIN ARM-NONE-EABI/13.3 REL1/BIN/../lib/gcc/arm-none-eabi/13.3.1/thumb/v7e-m+fp/hard/crtbegin.o

.ccmram         0x10000000        0x0 load address 0x08004898
                0x10000000                        . = ALIGN (0x4)
                0x10000000                        _sccmram = .
 *(.ccmram)
 *(.ccmram*)
                0x10000000                        . = ALIGN (0x4)
                0x10000000                        _eccmram = .
                0x10000000                        . = ALIGN (0x4)

.bss            0x20000060      0x2f8
                0x20000060                        _sbss = .
                0x20000060                        __bss_start__ = _sbss
 *(.bss)
 *(.bss*)
 .bss.completed.1
                0x20000060        0x1 C:/PROGRAM FILES (X86)/ARM GNU TOOLCHAIN ARM-NONE-EABI/13.3 REL1/BIN/../lib/gcc/arm-none-eabi/13.3.1/thumb/v7e-m+fp/hard/crtbegin.o
 *fill*         0x20000061        0x3 
 .bss.object.0  0x20000064       0x18 C:/PROGRAM FILES (X86)/ARM GNU TOOLCHAIN ARM-NONE-EABI/13.3 REL1/BIN/../lib/gcc/arm-none-eabi/13.3.1/thumb/v7e-m+fp/hard/crtbegin.o
 .bss.huart1    0x2000007c       0x48 build/debug/Core/Src/main.o
                0x2000007c                huart1
 .bss.hspi1     0x200000c4       0x58 build/debug/Core/Src/main.o
                0x200000c4                hspi1
 .bss.hsd       0x2000011c       0x84 build/debug/Core/Src/main.o
                0x2000011c                hsd
 .bss.hi2c1     0x200001a0       0x54 build/debug/Core/Src/main.o
                0x200001a0                hi2c1
 .bss.__sbrk_heap_end
                0x200001f4        0x4 build/debug/Core/Src/sysmem.o
 .bss.uwTick    0x200001f8        0x4 build/debug/Drivers/STM32F4xx_HAL_Driver/Src/stm32f4xx_hal.o
                0x200001f8                uwTick
 .bss.SDPath    0x200001fc        0x4 build/debug/FATFS/App/fatfs.o
                0x200001fc                SDPath
 .bss.retSD     0x20000200        0x1 build/debug/FATFS/App/fatfs.o
                0x20000200                retSD
 *fill*         0x20000201        0x3 
 .bss.disk      0x20000204        0xc build/debug/Middlewares/Third_Party/FatFs/src/ff_gen_drv.o
                0x20000204                disk
 .bss.__sf      0x20000210      0x138 C:/PROGRAM FILES (X86)/ARM GNU TOOLCHAIN ARM-NONE-EABI/13.3 REL1/BIN/../lib/gcc/arm-none-eabi/13.3.1/thumb/v7e-m+fp/hard\libc_nano.a(libc_a-findfp.o)
                0x20000210                __sf
 .bss.errno     0x20000348        0x4 C:/PROGRAM FILES (X86)/ARM GNU TOOLCHAIN ARM-NONE-EABI/13.3 REL1/BIN/../lib/gcc/arm-none-eabi/13.3.1/thumb/v7e-m+fp/hard\libc_nano.a(libc_a-reent.o)
                0x20000348                errno
 .bss.__lock___malloc_recursive_mutex
                0x2000034c        0x1 C:/PROGRAM FILES (X86)/ARM GNU TOOLCHAIN ARM-NONE-EABI/13.3 REL1/BIN/../lib/gcc/arm-none-eabi/13.3.1/thumb/v7e-m+fp/hard\libc_nano.a(libc_a-lock.o)
                0x2000034c                __lock___malloc_recursive_mutex
 *fill*         0x2000034d        0x3 
 .bss.__malloc_sbrk_start
                0x20000350        0x4 C:/PROGRAM FILES (X86)/ARM GNU TOOLCHAIN ARM-NONE-EABI/13.3 REL1/BIN/../lib/gcc/arm-none-eabi/13.3.1/thumb/v7e-m+fp/hard\libc_nano.a(libc_a-mallocr.o)
                0x20000350                __malloc_sbrk_start
 .bss.__malloc_free_list
                0x20000354        0x4 C:/PROGRAM FILES (X86)/ARM GNU TOOLCHAIN ARM-NONE-EABI/13.3 REL1/BIN/../lib/gcc/arm-none-eabi/13.3.1/thumb/v7e-m+fp/hard\libc_nano.a(libc_a-mallocr.o)
                0x20000354                __malloc_free_list
 *(COMMON)
                0x20000358                        . = ALIGN (0x4)
                0x20000358                        _ebss = .
                0x20000358                        __bss_end__ = _ebss

._user_heap_stack
                0x20000358      0x600
                0x20000358                        . = ALIGN (0x8)
                [!provide]                        PROVIDE (end = .)
                0x20000358                        PROVIDE (_end = .)
                0x20000558                        . = (. + _Min_Heap_Size)
 *fill*         0x20000358      0x200 
                0x20000958                        . = (. + _Min_Stack_Size)
 *fill*         0x20000558      0x400 
                0x20000958                        . = ALIGN (0x8)

/DISCARD/
 libc.a(*)
 libm.a(*)
 libgcc.a(*)
OUTPUT(build/Talos.elf elf32-littlearm)
LOAD linker stubs
LOAD C:/PROGRAM FILES (X86)/ARM GNU TOOLCHAIN ARM-NONE-EABI/13.3 REL1/BIN/../lib/gcc/arm-none-eabi/13.3.1/thumb/v7e-m+fp/hard\libc.a
LOAD C:/PROGRAM FILES (X86)/ARM GNU TOOLCHAIN ARM-NONE-EABI/13.3 REL1/BIN/../lib/gcc/arm-none-eabi/13.3.1/thumb/v7e-m+fp/hard\libm.a
LOAD C:/PROGRAM FILES (X86)/ARM GNU TOOLCHAIN ARM-NONE-EABI/13.3 REL1/BIN/../lib/gcc/arm-none-eabi/13.3.1/thumb/v7e-m+fp/hard\libgcc.a

.ARM.attributes
                0x00000000       0x30
 .ARM.attributes
                0x00000000       0x22 C:/PROGRAM FILES (X86)/ARM GNU TOOLCHAIN ARM-NONE-EABI/13.3 REL1/BIN/../lib/gcc/arm-none-eabi/13.3.1/thumb/v7e-m+fp/hard/crti.o
 .ARM.attributes
                0x00000022       0x34 C:/PROGRAM FILES (X86)/ARM GNU TOOLCHAIN ARM-NONE-EABI/13.3 REL1/BIN/../lib/gcc/arm-none-eabi/13.3.1/thumb/v7e-m+fp/hard/crtbegin.o
 .ARM.attributes
                0x00000056       0x34 build/debug/Core/Src/main.o
 .ARM.attributes
                0x0000008a       0x34 build/debug/Core/Src/stm32f4xx_hal_msp.o
 .ARM.attributes
                0x000000be       0x34 build/debug/Core/Src/stm32f4xx_it.o
 .ARM.attributes
                0x000000f2       0x34 build/debug/Core/Src/sysmem.o
 .ARM.attributes
                0x00000126       0x34 build/debug/Core/Src/system_stm32f4xx.o
 .ARM.attributes
                0x0000015a       0x34 build/debug/Drivers/STM32F4xx_HAL_Driver/Src/stm32f4xx_hal.o
 .ARM.attributes
                0x0000018e       0x34 build/debug/Drivers/STM32F4xx_HAL_Driver/Src/stm32f4xx_hal_cortex.o
 .ARM.attributes
                0x000001c2       0x34 build/debug/Drivers/STM32F4xx_HAL_Driver/Src/stm32f4xx_hal_gpio.o
 .ARM.attributes
                0x000001f6       0x34 build/debug/Drivers/STM32F4xx_HAL_Driver/Src/stm32f4xx_hal_i2c.o
 .ARM.attributes
                0x0000022a       0x34 build/debug/Drivers/STM32F4xx_HAL_Driver/Src/stm32f4xx_hal_rcc.o
 .ARM.attributes
                0x0000025e       0x34 build/debug/Drivers/STM32F4xx_HAL_Driver/Src/stm32f4xx_hal_sd.o
 .ARM.attributes
                0x00000292       0x34 build/debug/Drivers/STM32F4xx_HAL_Driver/Src/stm32f4xx_hal_spi.o
 .ARM.attributes
                0x000002c6       0x34 build/debug/Drivers/STM32F4xx_HAL_Driver/Src/stm32f4xx_hal_uart.o
 .ARM.attributes
                0x000002fa       0x34 build/debug/Drivers/STM32F4xx_HAL_Driver/Src/stm32f4xx_ll_sdmmc.o
 .ARM.attributes
                0x0000032e       0x34 build/debug/FATFS/App/fatfs.o
 .ARM.attributes
                0x00000362       0x34 build/debug/FATFS/Target/bsp_driver_sd.o
 .ARM.attributes
                0x00000396       0x34 build/debug/FATFS/Target/fatfs_platform.o
 .ARM.attributes
                0x000003ca       0x34 build/debug/FATFS/Target/sd_diskio.o
 .ARM.attributes
                0x000003fe       0x34 build/debug/Middlewares/Third_Party/FatFs/src/ff_gen_drv.o
 .ARM.attributes
                0x00000432       0x21 build/debug/startup_stm32f405xx.o
 .ARM.attributes
                0x00000453       0x34 C:/PROGRAM FILES (X86)/ARM GNU TOOLCHAIN ARM-NONE-EABI/13.3 REL1/BIN/../lib/gcc/arm-none-eabi/13.3.1/thumb/v7e-m+fp/hard\libc_nano.a(libc_a-findfp.o)
 .ARM.attributes
                0x00000487       0x34 C:/PROGRAM FILES (X86)/ARM GNU TOOLCHAIN ARM-NONE-EABI/13.3 REL1/BIN/../lib/gcc/arm-none-eabi/13.3.1/thumb/v7e-m+fp/hard\libc_nano.a(libc_a-sprintf.o)
 .ARM.attributes
                0x000004bb       0x34 C:/PROGRAM FILES (X86)/ARM GNU TOOLCHAIN ARM-NONE-EABI/13.3 REL1/BIN/../lib/gcc/arm-none-eabi/13.3.1/thumb/v7e-m+fp/hard\libc_nano.a(libc_a-memset.o)
 .ARM.attributes
                0x000004ef       0x34 C:/PROGRAM FILES (X86)/ARM GNU TOOLCHAIN ARM-NONE-EABI/13.3 REL1/BIN/../lib/gcc/arm-none-eabi/13.3.1/thumb/v7e-m+fp/hard\libc_nano.a(libc_a-reent.o)
 .ARM.attributes
                0x00000523       0x34 C:/PROGRAM FILES (X86)/ARM GNU TOOLCHAIN ARM-NONE-EABI/13.3 REL1/BIN/../lib/gcc/arm-none-eabi/13.3.1/thumb/v7e-m+fp/hard\libc_nano.a(libc_a-impure.o)
 .ARM.attributes
                0x00000557       0x34 C:/PROGRAM FILES (X86)/ARM GNU TOOLCHAIN ARM-NONE-EABI/13.3 REL1/BIN/../lib/gcc/arm-none-eabi/13.3.1/thumb/v7e-m+fp/hard\libc_nano.a(libc_a-errno.o)
 .ARM.attributes
                0x0000058b       0x34 C:/PROGRAM FILES (X86)/ARM GNU TOOLCHAIN ARM-NONE-EABI/13.3 REL1/BIN/../lib/gcc/arm-none-eabi/13.3.1/thumb/v7e-m+fp/hard\libc_nano.a(libc_a-init.o)
 .ARM.attributes
                0x000005bf       0x34 C:/PROGRAM FILES (X86)/ARM GNU TOOLCHAIN ARM-NONE-EABI/13.3 REL1/BIN/../lib/gcc/arm-none-eabi/13.3.1/thumb/v7e-m+fp/hard\libc_nano.a(libc_a-lock.o)
 .ARM.attributes
                0x000005f3       0x34 C:/PROGRAM FILES (X86)/ARM GNU TOOLCHAIN ARM-NONE-EABI/13.3 REL1/BIN/../lib/gcc/arm-none-eabi/13.3.1/thumb/v7e-m+fp/hard\libc_nano.a(libc_a-freer.o)
 .ARM.attributes
                0x00000627       0x34 C:/PROGRAM FILES (X86)/ARM GNU TOOLCHAIN ARM-NONE-EABI/13.3 REL1/BIN/../lib/gcc/arm-none-eabi/13.3.1/thumb/v7e-m+fp/hard\libc_nano.a(libc_a-mallocr.o)
 .ARM.attributes
                0x0000065b       0x34 C:/PROGRAM FILES (X86)/ARM GNU TOOLCHAIN ARM-NONE-EABI/13.3 REL1/BIN/../lib/gcc/arm-none-eabi/13.3.1/thumb/v7e-m+fp/hard\libc_nano.a(libc_a-mlock.o)
 .ARM.attributes
                0x0000068f       0x34 C:/PROGRAM FILES (X86)/ARM GNU TOOLCHAIN ARM-NONE-EABI/13.3 REL1/BIN/../lib/gcc/arm-none-eabi/13.3.1/thumb/v7e-m+fp/hard\libc_nano.a(libc_a-nano-svfprintf.o)
 .ARM.attributes
                0x000006c3       0x34 C:/PROGRAM FILES (X86)/ARM GNU TOOLCHAIN ARM-NONE-EABI/13.3 REL1/BIN/../lib/gcc/arm-none-eabi/13.3.1/thumb/v7e-m+fp/hard\libc_nano.a(libc_a-nano-vfprintf_i.o)
 .ARM.attributes
                0x000006f7       0x34 C:/PROGRAM FILES (X86)/ARM GNU TOOLCHAIN ARM-NONE-EABI/13.3 REL1/BIN/../lib/gcc/arm-none-eabi/13.3.1/thumb/v7e-m+fp/hard\libc_nano.a(libc_a-memmove.o)
 .ARM.attributes
                0x0000072b       0x34 C:/PROGRAM FILES (X86)/ARM GNU TOOLCHAIN ARM-NONE-EABI/13.3 REL1/BIN/../lib/gcc/arm-none-eabi/13.3.1/thumb/v7e-m+fp/hard\libc_nano.a(libc_a-sbrkr.o)
 .ARM.attributes
                0x0000075f       0x1c C:/PROGRAM FILES (X86)/ARM GNU TOOLCHAIN ARM-NONE-EABI/13.3 REL1/BIN/../lib/gcc/arm-none-eabi/13.3.1/thumb/v7e-m+fp/hard\libc_nano.a(libc_a-memchr.o)
 .ARM.attributes
                0x0000077b       0x34 C:/PROGRAM FILES (X86)/ARM GNU TOOLCHAIN ARM-NONE-EABI/13.3 REL1/BIN/../lib/gcc/arm-none-eabi/13.3.1/thumb/v7e-m+fp/hard\libc_nano.a(libc_a-memcpy-stub.o)
 .ARM.attributes
                0x000007af       0x34 C:/PROGRAM FILES (X86)/ARM GNU TOOLCHAIN ARM-NONE-EABI/13.3 REL1/BIN/../lib/gcc/arm-none-eabi/13.3.1/thumb/v7e-m+fp/hard\libc_nano.a(libc_a-reallocr.o)
 .ARM.attributes
                0x000007e3       0x34 C:/PROGRAM FILES (X86)/ARM GNU TOOLCHAIN ARM-NONE-EABI/13.3 REL1/BIN/../lib/gcc/arm-none-eabi/13.3.1/thumb/v7e-m+fp/hard\libc_nano.a(libc_a-msizer.o)
 .ARM.attributes
                0x00000817       0x22 C:/PROGRAM FILES (X86)/ARM GNU TOOLCHAIN ARM-NONE-EABI/13.3 REL1/BIN/../lib/gcc/arm-none-eabi/13.3.1/thumb/v7e-m+fp/hard\libgcc.a(_arm_addsubdf3.o)
 .ARM.attributes
                0x00000839       0x22 C:/PROGRAM FILES (X86)/ARM GNU TOOLCHAIN ARM-NONE-EABI/13.3 REL1/BIN/../lib/gcc/arm-none-eabi/13.3.1/thumb/v7e-m+fp/hard\libgcc.a(_aeabi_uldivmod.o)
 .ARM.attributes
                0x0000085b       0x34 C:/PROGRAM FILES (X86)/ARM GNU TOOLCHAIN ARM-NONE-EABI/13.3 REL1/BIN/../lib/gcc/arm-none-eabi/13.3.1/thumb/v7e-m+fp/hard\libgcc.a(_udivmoddi4.o)
 .ARM.attributes
                0x0000088f       0x22 C:/PROGRAM FILES (X86)/ARM GNU TOOLCHAIN ARM-NONE-EABI/13.3 REL1/BIN/../lib/gcc/arm-none-eabi/13.3.1/thumb/v7e-m+fp/hard\libgcc.a(_dvmd_tls.o)
 .ARM.attributes
                0x000008b1       0x34 C:/PROGRAM FILES (X86)/ARM GNU TOOLCHAIN ARM-NONE-EABI/13.3 REL1/BIN/../lib/gcc/arm-none-eabi/13.3.1/thumb/v7e-m+fp/hard/crtend.o
 .ARM.attributes
                0x000008e5       0x22 C:/PROGRAM FILES (X86)/ARM GNU TOOLCHAIN ARM-NONE-EABI/13.3 REL1/BIN/../lib/gcc/arm-none-eabi/13.3.1/thumb/v7e-m+fp/hard/crtn.o

.comment        0x00000000       0x45
 .comment       0x00000000       0x45 build/debug/Core/Src/main.o
                                 0x46 (size before relaxing)
 .comment       0x00000045       0x46 build/debug/Core/Src/stm32f4xx_hal_msp.o
 .comment       0x00000045       0x46 build/debug/Core/Src/stm32f4xx_it.o
 .comment       0x00000045       0x46 build/debug/Core/Src/sysmem.o
 .comment       0x00000045       0x46 build/debug/Core/Src/system_stm32f4xx.o
 .comment       0x00000045       0x46 build/debug/Drivers/STM32F4xx_HAL_Driver/Src/stm32f4xx_hal.o
 .comment       0x00000045       0x46 build/debug/Drivers/STM32F4xx_HAL_Driver/Src/stm32f4xx_hal_cortex.o
 .comment       0x00000045       0x46 build/debug/Drivers/STM32F4xx_HAL_Driver/Src/stm32f4xx_hal_gpio.o
 .comment       0x00000045       0x46 build/debug/Drivers/STM32F4xx_HAL_Driver/Src/stm32f4xx_hal_i2c.o
 .comment       0x00000045       0x46 build/debug/Drivers/STM32F4xx_HAL_Driver/Src/stm32f4xx_hal_rcc.o
 .comment       0x00000045       0x46 build/debug/Drivers/STM32F4xx_HAL_Driver/Src/stm32f4xx_hal_sd.o
 .comment       0x00000045       0x46 build/debug/Drivers/STM32F4xx_HAL_Driver/Src/stm32f4xx_hal_spi.o
 .comment       0x00000045       0x46 build/debug/Drivers/STM32F4xx_HAL_Driver/Src/stm32f4xx_hal_uart.o
 .comment       0x00000045       0x46 build/debug/Drivers/STM32F4xx_HAL_Driver/Src/stm32f4xx_ll_sdmmc.o
 .comment       0x00000045       0x46 build/debug/FATFS/App/fatfs.o
 .comment       0x00000045       0x46 build/debug/FATFS/Target/bsp_driver_sd.o
 .comment       0x00000045       0x46 build/debug/FATFS/Target/fatfs_platform.o
 .comment       0x00000045       0x46 build/debug/FATFS/Target/sd_diskio.o
 .comment       0x00000045       0x46 build/debug/Middlewares/Third_Party/FatFs/src/ff_gen_drv.o

.debug_info     0x00000000    0x15366
 .debug_info    0x00000000     0x19f2 build/debug/Core/Src/main.o
 .debug_info    0x000019f2     0x148b build/debug/Core/Src/stm32f4xx_hal_msp.o
 .debug_info    0x00002e7d      0x11c build/debug/Core/Src/stm32f4xx_it.o
 .debug_info    0x00002f99      0x171 build/debug/Core/Src/sysmem.o
 .debug_info    0x0000310a      0x527 build/debug/Core/Src/system_stm32f4xx.o
 .debug_info    0x00003631      0x9d0 build/debug/Drivers/STM32F4xx_HAL_Driver/Src/stm32f4xx_hal.o
 .debug_info    0x00004001      0xfe3 build/debug/Drivers/STM32F4xx_HAL_Driver/Src/stm32f4xx_hal_cortex.o
 .debug_info    0x00004fe4      0x704 build/debug/Drivers/STM32F4xx_HAL_Driver/Src/stm32f4xx_hal_gpio.o
 .debug_info    0x000056e8     0x3805 build/debug/Drivers/STM32F4xx_HAL_Driver/Src/stm32f4xx_hal_i2c.o
 .debug_info    0x00008eed      0xa6d build/debug/Drivers/STM32F4xx_HAL_Driver/Src/stm32f4xx_hal_rcc.o
 .debug_info    0x0000995a     0x2706 build/debug/Drivers/STM32F4xx_HAL_Driver/Src/stm32f4xx_hal_sd.o
 .debug_info    0x0000c060     0x1ccc build/debug/Drivers/STM32F4xx_HAL_Driver/Src/stm32f4xx_hal_spi.o
 .debug_info    0x0000dd2c     0x4000 build/debug/Drivers/STM32F4xx_HAL_Driver/Src/stm32f4xx_hal_uart.o
 .debug_info    0x00011d2c     0x18a1 build/debug/Drivers/STM32F4xx_HAL_Driver/Src/stm32f4xx_ll_sdmmc.o
 .debug_info    0x000135cd      0x4e9 build/debug/FATFS/App/fatfs.o
 .debug_info    0x00013ab6      0xca4 build/debug/FATFS/Target/bsp_driver_sd.o
 .debug_info    0x0001475a      0x1e5 build/debug/FATFS/Target/fatfs_platform.o
 .debug_info    0x0001493f      0x602 build/debug/FATFS/Target/sd_diskio.o
 .debug_info    0x00014f41      0x3f5 build/debug/Middlewares/Third_Party/FatFs/src/ff_gen_drv.o
 .debug_info    0x00015336       0x30 build/debug/startup_stm32f405xx.o

.debug_abbrev   0x00000000     0x2841
 .debug_abbrev  0x00000000      0x31b build/debug/Core/Src/main.o
 .debug_abbrev  0x0000031b      0x221 build/debug/Core/Src/stm32f4xx_hal_msp.o
 .debug_abbrev  0x0000053c       0x7c build/debug/Core/Src/stm32f4xx_it.o
 .debug_abbrev  0x000005b8       0xea build/debug/Core/Src/sysmem.o
 .debug_abbrev  0x000006a2      0x11e build/debug/Core/Src/system_stm32f4xx.o
 .debug_abbrev  0x000007c0      0x240 build/debug/Drivers/STM32F4xx_HAL_Driver/Src/stm32f4xx_hal.o
 .debug_abbrev  0x00000a00      0x391 build/debug/Drivers/STM32F4xx_HAL_Driver/Src/stm32f4xx_hal_cortex.o
 .debug_abbrev  0x00000d91      0x202 build/debug/Drivers/STM32F4xx_HAL_Driver/Src/stm32f4xx_hal_gpio.o
 .debug_abbrev  0x00000f93      0x2c3 build/debug/Drivers/STM32F4xx_HAL_Driver/Src/stm32f4xx_hal_i2c.o
 .debug_abbrev  0x00001256      0x2c7 build/debug/Drivers/STM32F4xx_HAL_Driver/Src/stm32f4xx_hal_rcc.o
 .debug_abbrev  0x0000151d      0x2bc build/debug/Drivers/STM32F4xx_HAL_Driver/Src/stm32f4xx_hal_sd.o
 .debug_abbrev  0x000017d9      0x272 build/debug/Drivers/STM32F4xx_HAL_Driver/Src/stm32f4xx_hal_spi.o
 .debug_abbrev  0x00001a4b      0x32f build/debug/Drivers/STM32F4xx_HAL_Driver/Src/stm32f4xx_hal_uart.o
 .debug_abbrev  0x00001d7a      0x21a build/debug/Drivers/STM32F4xx_HAL_Driver/Src/stm32f4xx_ll_sdmmc.o
 .debug_abbrev  0x00001f94      0x170 build/debug/FATFS/App/fatfs.o
 .debug_abbrev  0x00002104      0x292 build/debug/FATFS/Target/bsp_driver_sd.o
 .debug_abbrev  0x00002396      0x11a build/debug/FATFS/Target/fatfs_platform.o
 .debug_abbrev  0x000024b0      0x1be build/debug/FATFS/Target/sd_diskio.o
 .debug_abbrev  0x0000266e      0x1af build/debug/Middlewares/Third_Party/FatFs/src/ff_gen_drv.o
 .debug_abbrev  0x0000281d       0x24 build/debug/startup_stm32f405xx.o

.debug_loclists
                0x00000000     0xaec1
 .debug_loclists
                0x00000000       0x41 build/debug/Core/Src/main.o
 .debug_loclists
                0x00000041      0x196 build/debug/Core/Src/stm32f4xx_hal_msp.o
 .debug_loclists
                0x000001d7       0x52 build/debug/Core/Src/sysmem.o
 .debug_loclists
                0x00000229       0xfa build/debug/Core/Src/system_stm32f4xx.o
 .debug_loclists
                0x00000323       0xe1 build/debug/Drivers/STM32F4xx_HAL_Driver/Src/stm32f4xx_hal.o
 .debug_loclists
                0x00000404      0x54d build/debug/Drivers/STM32F4xx_HAL_Driver/Src/stm32f4xx_hal_cortex.o
 .debug_loclists
                0x00000951      0x386 build/debug/Drivers/STM32F4xx_HAL_Driver/Src/stm32f4xx_hal_gpio.o
 .debug_loclists
                0x00000cd7     0x31d0 build/debug/Drivers/STM32F4xx_HAL_Driver/Src/stm32f4xx_hal_i2c.o
 .debug_loclists
                0x00003ea7      0x3e5 build/debug/Drivers/STM32F4xx_HAL_Driver/Src/stm32f4xx_hal_rcc.o
 .debug_loclists
                0x0000428c     0x1741 build/debug/Drivers/STM32F4xx_HAL_Driver/Src/stm32f4xx_hal_sd.o
 .debug_loclists
                0x000059cd     0x1500 build/debug/Drivers/STM32F4xx_HAL_Driver/Src/stm32f4xx_hal_spi.o
 .debug_loclists
                0x00006ecd     0x2c89 build/debug/Drivers/STM32F4xx_HAL_Driver/Src/stm32f4xx_hal_uart.o
 .debug_loclists
                0x00009b56      0xb25 build/debug/Drivers/STM32F4xx_HAL_Driver/Src/stm32f4xx_ll_sdmmc.o
 .debug_loclists
                0x0000a67b      0x34f build/debug/FATFS/Target/bsp_driver_sd.o
 .debug_loclists
                0x0000a9ca       0x29 build/debug/FATFS/Target/fatfs_platform.o
 .debug_loclists
                0x0000a9f3      0x2d0 build/debug/FATFS/Target/sd_diskio.o
 .debug_loclists
                0x0000acc3      0x1fe build/debug/Middlewares/Third_Party/FatFs/src/ff_gen_drv.o

.debug_aranges  0x00000000      0xf30
 .debug_aranges
                0x00000000       0x58 build/debug/Core/Src/main.o
 .debug_aranges
                0x00000058       0x60 build/debug/Core/Src/stm32f4xx_hal_msp.o
 .debug_aranges
                0x000000b8       0x60 build/debug/Core/Src/stm32f4xx_it.o
 .debug_aranges
                0x00000118       0x20 build/debug/Core/Src/sysmem.o
 .debug_aranges
                0x00000138       0x28 build/debug/Core/Src/system_stm32f4xx.o
 .debug_aranges
                0x00000160       0xf0 build/debug/Drivers/STM32F4xx_HAL_Driver/Src/stm32f4xx_hal.o
 .debug_aranges
                0x00000250       0xf8 build/debug/Drivers/STM32F4xx_HAL_Driver/Src/stm32f4xx_hal_cortex.o
 .debug_aranges
                0x00000348       0x58 build/debug/Drivers/STM32F4xx_HAL_Driver/Src/stm32f4xx_hal_gpio.o
 .debug_aranges
                0x000003a0      0x2a8 build/debug/Drivers/STM32F4xx_HAL_Driver/Src/stm32f4xx_hal_i2c.o
 .debug_aranges
                0x00000648       0x88 build/debug/Drivers/STM32F4xx_HAL_Driver/Src/stm32f4xx_hal_rcc.o
 .debug_aranges
                0x000006d0      0x168 build/debug/Drivers/STM32F4xx_HAL_Driver/Src/stm32f4xx_hal_sd.o
 .debug_aranges
                0x00000838      0x1d0 build/debug/Drivers/STM32F4xx_HAL_Driver/Src/stm32f4xx_hal_spi.o
 .debug_aranges
                0x00000a08      0x208 build/debug/Drivers/STM32F4xx_HAL_Driver/Src/stm32f4xx_hal_uart.o
 .debug_aranges
                0x00000c10      0x188 build/debug/Drivers/STM32F4xx_HAL_Driver/Src/stm32f4xx_ll_sdmmc.o
 .debug_aranges
                0x00000d98       0x28 build/debug/FATFS/App/fatfs.o
 .debug_aranges
                0x00000dc0       0xa0 build/debug/FATFS/Target/bsp_driver_sd.o
 .debug_aranges
                0x00000e60       0x20 build/debug/FATFS/Target/fatfs_platform.o
 .debug_aranges
                0x00000e80       0x48 build/debug/FATFS/Target/sd_diskio.o
 .debug_aranges
                0x00000ec8       0x40 build/debug/Middlewares/Third_Party/FatFs/src/ff_gen_drv.o
 .debug_aranges
                0x00000f08       0x28 build/debug/startup_stm32f405xx.o

.debug_rnglists
                0x00000000      0xba0
 .debug_rnglists
                0x00000000       0x41 build/debug/Core/Src/main.o
 .debug_rnglists
                0x00000041       0x44 build/debug/Core/Src/stm32f4xx_hal_msp.o
 .debug_rnglists
                0x00000085       0x43 build/debug/Core/Src/stm32f4xx_it.o
 .debug_rnglists
                0x000000c8       0x13 build/debug/Core/Src/sysmem.o
 .debug_rnglists
                0x000000db       0x1a build/debug/Core/Src/system_stm32f4xx.o
 .debug_rnglists
                0x000000f5       0xaf build/debug/Drivers/STM32F4xx_HAL_Driver/Src/stm32f4xx_hal.o
 .debug_rnglists
                0x000001a4       0xb5 build/debug/Drivers/STM32F4xx_HAL_Driver/Src/stm32f4xx_hal_cortex.o
 .debug_rnglists
                0x00000259       0x3f build/debug/Drivers/STM32F4xx_HAL_Driver/Src/stm32f4xx_hal_gpio.o
 .debug_rnglists
                0x00000298      0x236 build/debug/Drivers/STM32F4xx_HAL_Driver/Src/stm32f4xx_hal_i2c.o
 .debug_rnglists
                0x000004ce       0x75 build/debug/Drivers/STM32F4xx_HAL_Driver/Src/stm32f4xx_hal_rcc.o
 .debug_rnglists
                0x00000543      0x11b build/debug/Drivers/STM32F4xx_HAL_Driver/Src/stm32f4xx_hal_sd.o
 .debug_rnglists
                0x0000065e      0x16a build/debug/Drivers/STM32F4xx_HAL_Driver/Src/stm32f4xx_hal_spi.o
 .debug_rnglists
                0x000007c8      0x1a1 build/debug/Drivers/STM32F4xx_HAL_Driver/Src/stm32f4xx_hal_uart.o
 .debug_rnglists
                0x00000969      0x123 build/debug/Drivers/STM32F4xx_HAL_Driver/Src/stm32f4xx_ll_sdmmc.o
 .debug_rnglists
                0x00000a8c       0x19 build/debug/FATFS/App/fatfs.o
 .debug_rnglists
                0x00000aa5       0x73 build/debug/FATFS/Target/bsp_driver_sd.o
 .debug_rnglists
                0x00000b18       0x13 build/debug/FATFS/Target/fatfs_platform.o
 .debug_rnglists
                0x00000b2b       0x31 build/debug/FATFS/Target/sd_diskio.o
 .debug_rnglists
                0x00000b5c       0x2b build/debug/Middlewares/Third_Party/FatFs/src/ff_gen_drv.o
 .debug_rnglists
                0x00000b87       0x19 build/debug/startup_stm32f405xx.o

.debug_line     0x00000000    0x12657
 .debug_line    0x00000000      0x6d0 build/debug/Core/Src/main.o
 .debug_line    0x000006d0      0x4d7 build/debug/Core/Src/stm32f4xx_hal_msp.o
 .debug_line    0x00000ba7      0x13d build/debug/Core/Src/stm32f4xx_it.o
 .debug_line    0x00000ce4      0x1f0 build/debug/Core/Src/sysmem.o
 .debug_line    0x00000ed4      0x26e build/debug/Core/Src/system_stm32f4xx.o
 .debug_line    0x00001142      0x587 build/debug/Drivers/STM32F4xx_HAL_Driver/Src/stm32f4xx_hal.o
 .debug_line    0x000016c9      0x84a build/debug/Drivers/STM32F4xx_HAL_Driver/Src/stm32f4xx_hal_cortex.o
 .debug_line    0x00001f13      0x715 build/debug/Drivers/STM32F4xx_HAL_Driver/Src/stm32f4xx_hal_gpio.o
 .debug_line    0x00002628     0x5491 build/debug/Drivers/STM32F4xx_HAL_Driver/Src/stm32f4xx_hal_i2c.o
 .debug_line    0x00007ab9      0xbdd build/debug/Drivers/STM32F4xx_HAL_Driver/Src/stm32f4xx_hal_rcc.o
 .debug_line    0x00008696     0x273f build/debug/Drivers/STM32F4xx_HAL_Driver/Src/stm32f4xx_hal_sd.o
 .debug_line    0x0000add5     0x2487 build/debug/Drivers/STM32F4xx_HAL_Driver/Src/stm32f4xx_hal_spi.o
 .debug_line    0x0000d25c     0x34dd build/debug/Drivers/STM32F4xx_HAL_Driver/Src/stm32f4xx_hal_uart.o
 .debug_line    0x00010739     0x10f0 build/debug/Drivers/STM32F4xx_HAL_Driver/Src/stm32f4xx_ll_sdmmc.o
 .debug_line    0x00011829      0x1c1 build/debug/FATFS/App/fatfs.o
 .debug_line    0x000119ea      0x442 build/debug/FATFS/Target/bsp_driver_sd.o
 .debug_line    0x00011e2c      0x1bf build/debug/FATFS/Target/fatfs_platform.o
 .debug_line    0x00011feb      0x35a build/debug/FATFS/Target/sd_diskio.o
 .debug_line    0x00012345      0x29c build/debug/Middlewares/Third_Party/FatFs/src/ff_gen_drv.o
 .debug_line    0x000125e1       0x76 build/debug/startup_stm32f405xx.o

.debug_str      0x00000000     0x459e
 .debug_str     0x00000000     0x459e build/debug/Core/Src/main.o
                               0x10c2 (size before relaxing)
 .debug_str     0x0000459e      0xe2a build/debug/Core/Src/stm32f4xx_hal_msp.o
 .debug_str     0x0000459e      0x214 build/debug/Core/Src/stm32f4xx_it.o
 .debug_str     0x0000459e      0x20a build/debug/Core/Src/sysmem.o
 .debug_str     0x0000459e      0x35a build/debug/Core/Src/system_stm32f4xx.o
 .debug_str     0x0000459e      0xb28 build/debug/Drivers/STM32F4xx_HAL_Driver/Src/stm32f4xx_hal.o
 .debug_str     0x0000459e      0xc39 build/debug/Drivers/STM32F4xx_HAL_Driver/Src/stm32f4xx_hal_cortex.o
 .debug_str     0x0000459e      0x4c5 build/debug/Drivers/STM32F4xx_HAL_Driver/Src/stm32f4xx_hal_gpio.o
 .debug_str     0x0000459e     0x1022 build/debug/Drivers/STM32F4xx_HAL_Driver/Src/stm32f4xx_hal_i2c.o
 .debug_str     0x0000459e      0x6eb build/debug/Drivers/STM32F4xx_HAL_Driver/Src/stm32f4xx_hal_rcc.o
 .debug_str     0x0000459e     0x10d3 build/debug/Drivers/STM32F4xx_HAL_Driver/Src/stm32f4xx_hal_sd.o
 .debug_str     0x0000459e      0xbd9 build/debug/Drivers/STM32F4xx_HAL_Driver/Src/stm32f4xx_hal_spi.o
 .debug_str     0x0000459e      0xd80 build/debug/Drivers/STM32F4xx_HAL_Driver/Src/stm32f4xx_hal_uart.o
 .debug_str     0x0000459e      0x7e1 build/debug/Drivers/STM32F4xx_HAL_Driver/Src/stm32f4xx_ll_sdmmc.o
 .debug_str     0x0000459e      0x358 build/debug/FATFS/App/fatfs.o
 .debug_str     0x0000459e      0x8db build/debug/FATFS/Target/bsp_driver_sd.o
 .debug_str     0x0000459e      0x243 build/debug/FATFS/Target/fatfs_platform.o
 .debug_str     0x0000459e      0x374 build/debug/FATFS/Target/sd_diskio.o
 .debug_str     0x0000459e      0x2de build/debug/Middlewares/Third_Party/FatFs/src/ff_gen_drv.o
 .debug_str     0x0000459e       0x63 build/debug/startup_stm32f405xx.o

.debug_frame    0x00000000     0x3190
 .debug_frame   0x00000000       0xe0 build/debug/Core/Src/main.o
 .debug_frame   0x000000e0      0x114 build/debug/Core/Src/stm32f4xx_hal_msp.o
 .debug_frame   0x000001f4       0xa8 build/debug/Core/Src/stm32f4xx_it.o
 .debug_frame   0x0000029c       0x28 build/debug/Core/Src/sysmem.o
 .debug_frame   0x000002c4       0x30 build/debug/Core/Src/system_stm32f4xx.o
 .debug_frame   0x000002f4      0x1ec build/debug/Drivers/STM32F4xx_HAL_Driver/Src/stm32f4xx_hal.o
 .debug_frame   0x000004e0      0x214 build/debug/Drivers/STM32F4xx_HAL_Driver/Src/stm32f4xx_hal_cortex.o
 .debug_frame   0x000006f4       0xd8 build/debug/Drivers/STM32F4xx_HAL_Driver/Src/stm32f4xx_hal_gpio.o
 .debug_frame   0x000007cc      0x988 build/debug/Drivers/STM32F4xx_HAL_Driver/Src/stm32f4xx_hal_i2c.o
 .debug_frame   0x00001154      0x16c build/debug/Drivers/STM32F4xx_HAL_Driver/Src/stm32f4xx_hal_rcc.o
 .debug_frame   0x000012c0      0x4b8 build/debug/Drivers/STM32F4xx_HAL_Driver/Src/stm32f4xx_hal_sd.o
 .debug_frame   0x00001778      0x5c8 build/debug/Drivers/STM32F4xx_HAL_Driver/Src/stm32f4xx_hal_spi.o
 .debug_frame   0x00001d40      0x5dc build/debug/Drivers/STM32F4xx_HAL_Driver/Src/stm32f4xx_hal_uart.o
 .debug_frame   0x0000231c      0x4c8 build/debug/Drivers/STM32F4xx_HAL_Driver/Src/stm32f4xx_ll_sdmmc.o
 .debug_frame   0x000027e4       0x38 build/debug/FATFS/App/fatfs.o
 .debug_frame   0x0000281c      0x18c build/debug/FATFS/Target/bsp_driver_sd.o
 .debug_frame   0x000029a8       0x28 build/debug/FATFS/Target/fatfs_platform.o
 .debug_frame   0x000029d0       0xac build/debug/FATFS/Target/sd_diskio.o
 .debug_frame   0x00002a7c       0x7c build/debug/Middlewares/Third_Party/FatFs/src/ff_gen_drv.o
 .debug_frame   0x00002af8      0x144 C:/PROGRAM FILES (X86)/ARM GNU TOOLCHAIN ARM-NONE-EABI/13.3 REL1/BIN/../lib/gcc/arm-none-eabi/13.3.1/thumb/v7e-m+fp/hard\libc_nano.a(libc_a-findfp.o)
 .debug_frame   0x00002c3c       0x74 C:/PROGRAM FILES (X86)/ARM GNU TOOLCHAIN ARM-NONE-EABI/13.3 REL1/BIN/../lib/gcc/arm-none-eabi/13.3.1/thumb/v7e-m+fp/hard\libc_nano.a(libc_a-sprintf.o)
 .debug_frame   0x00002cb0       0x20 C:/PROGRAM FILES (X86)/ARM GNU TOOLCHAIN ARM-NONE-EABI/13.3 REL1/BIN/../lib/gcc/arm-none-eabi/13.3.1/thumb/v7e-m+fp/hard\libc_nano.a(libc_a-memset.o)
 .debug_frame   0x00002cd0       0x38 C:/PROGRAM FILES (X86)/ARM GNU TOOLCHAIN ARM-NONE-EABI/13.3 REL1/BIN/../lib/gcc/arm-none-eabi/13.3.1/thumb/v7e-m+fp/hard\libc_nano.a(libc_a-reent.o)
 .debug_frame   0x00002d08       0x20 C:/PROGRAM FILES (X86)/ARM GNU TOOLCHAIN ARM-NONE-EABI/13.3 REL1/BIN/../lib/gcc/arm-none-eabi/13.3.1/thumb/v7e-m+fp/hard\libc_nano.a(libc_a-errno.o)
 .debug_frame   0x00002d28       0x2c C:/PROGRAM FILES (X86)/ARM GNU TOOLCHAIN ARM-NONE-EABI/13.3 REL1/BIN/../lib/gcc/arm-none-eabi/13.3.1/thumb/v7e-m+fp/hard\libc_nano.a(libc_a-init.o)
 .debug_frame   0x00002d54       0xb0 C:/PROGRAM FILES (X86)/ARM GNU TOOLCHAIN ARM-NONE-EABI/13.3 REL1/BIN/../lib/gcc/arm-none-eabi/13.3.1/thumb/v7e-m+fp/hard\libc_nano.a(libc_a-lock.o)
 .debug_frame   0x00002e04       0x38 C:/PROGRAM FILES (X86)/ARM GNU TOOLCHAIN ARM-NONE-EABI/13.3 REL1/BIN/../lib/gcc/arm-none-eabi/13.3.1/thumb/v7e-m+fp/hard\libc_nano.a(libc_a-freer.o)
 .debug_frame   0x00002e3c       0x50 C:/PROGRAM FILES (X86)/ARM GNU TOOLCHAIN ARM-NONE-EABI/13.3 REL1/BIN/../lib/gcc/arm-none-eabi/13.3.1/thumb/v7e-m+fp/hard\libc_nano.a(libc_a-mallocr.o)
 .debug_frame   0x00002e8c       0x30 C:/PROGRAM FILES (X86)/ARM GNU TOOLCHAIN ARM-NONE-EABI/13.3 REL1/BIN/../lib/gcc/arm-none-eabi/13.3.1/thumb/v7e-m+fp/hard\libc_nano.a(libc_a-mlock.o)
 .debug_frame   0x00002ebc       0x90 C:/PROGRAM FILES (X86)/ARM GNU TOOLCHAIN ARM-NONE-EABI/13.3 REL1/BIN/../lib/gcc/arm-none-eabi/13.3.1/thumb/v7e-m+fp/hard\libc_nano.a(libc_a-nano-svfprintf.o)
 .debug_frame   0x00002f4c       0x60 C:/PROGRAM FILES (X86)/ARM GNU TOOLCHAIN ARM-NONE-EABI/13.3 REL1/BIN/../lib/gcc/arm-none-eabi/13.3.1/thumb/v7e-m+fp/hard\libc_nano.a(libc_a-nano-vfprintf_i.o)
 .debug_frame   0x00002fac       0x28 C:/PROGRAM FILES (X86)/ARM GNU TOOLCHAIN ARM-NONE-EABI/13.3 REL1/BIN/../lib/gcc/arm-none-eabi/13.3.1/thumb/v7e-m+fp/hard\libc_nano.a(libc_a-memmove.o)
 .debug_frame   0x00002fd4       0x2c C:/PROGRAM FILES (X86)/ARM GNU TOOLCHAIN ARM-NONE-EABI/13.3 REL1/BIN/../lib/gcc/arm-none-eabi/13.3.1/thumb/v7e-m+fp/hard\libc_nano.a(libc_a-sbrkr.o)
 .debug_frame   0x00003000       0x28 C:/PROGRAM FILES (X86)/ARM GNU TOOLCHAIN ARM-NONE-EABI/13.3 REL1/BIN/../lib/gcc/arm-none-eabi/13.3.1/thumb/v7e-m+fp/hard\libc_nano.a(libc_a-memcpy-stub.o)
 .debug_frame   0x00003028       0x3c C:/PROGRAM FILES (X86)/ARM GNU TOOLCHAIN ARM-NONE-EABI/13.3 REL1/BIN/../lib/gcc/arm-none-eabi/13.3.1/thumb/v7e-m+fp/hard\libc_nano.a(libc_a-reallocr.o)
 .debug_frame   0x00003064       0x20 C:/PROGRAM FILES (X86)/ARM GNU TOOLCHAIN ARM-NONE-EABI/13.3 REL1/BIN/../lib/gcc/arm-none-eabi/13.3.1/thumb/v7e-m+fp/hard\libc_nano.a(libc_a-msizer.o)
 .debug_frame   0x00003084       0xac C:/PROGRAM FILES (X86)/ARM GNU TOOLCHAIN ARM-NONE-EABI/13.3 REL1/BIN/../lib/gcc/arm-none-eabi/13.3.1/thumb/v7e-m+fp/hard\libgcc.a(_arm_addsubdf3.o)
 .debug_frame   0x00003130       0x2c C:/PROGRAM FILES (X86)/ARM GNU TOOLCHAIN ARM-NONE-EABI/13.3 REL1/BIN/../lib/gcc/arm-none-eabi/13.3.1/thumb/v7e-m+fp/hard\libgcc.a(_aeabi_uldivmod.o)
 .debug_frame   0x0000315c       0x34 C:/PROGRAM FILES (X86)/ARM GNU TOOLCHAIN ARM-NONE-EABI/13.3 REL1/BIN/../lib/gcc/arm-none-eabi/13.3.1/thumb/v7e-m+fp/hard\libgcc.a(_udivmoddi4.o)

.debug_line_str
                0x00000000      0x20a
 .debug_line_str
                0x00000000      0x20a build/debug/startup_stm32f405xx.o
                                 0x47 (size before relaxing)
 .debug_line_str
                0x0000020a       0xe1 C:/PROGRAM FILES (X86)/ARM GNU TOOLCHAIN ARM-NONE-EABI/13.3 REL1/BIN/../lib/gcc/arm-none-eabi/13.3.1/thumb/v7e-m+fp/hard\libc_nano.a(libc_a-memchr.o)
 .debug_line_str
                0x0000020a       0xce C:/PROGRAM FILES (X86)/ARM GNU TOOLCHAIN ARM-NONE-EABI/13.3 REL1/BIN/../lib/gcc/arm-none-eabi/13.3.1/thumb/v7e-m+fp/hard\libgcc.a(_arm_addsubdf3.o)
 .debug_line_str
                0x0000020a       0xc9 C:/PROGRAM FILES (X86)/ARM GNU TOOLCHAIN ARM-NONE-EABI/13.3 REL1/BIN/../lib/gcc/arm-none-eabi/13.3.1/thumb/v7e-m+fp/hard\libgcc.a(_aeabi_uldivmod.o)
 .debug_line_str
                0x0000020a       0xcd C:/PROGRAM FILES (X86)/ARM GNU TOOLCHAIN ARM-NONE-EABI/13.3 REL1/BIN/../lib/gcc/arm-none-eabi/13.3.1/thumb/v7e-m+fp/hard\libgcc.a(_dvmd_tls.o)

Cross Reference Table

Symbol                                            File
ADC_IRQHandler                                    build/debug/startup_stm32f405xx.o
AHBPrescTable                                     build/debug/Core/Src/system_stm32f4xx.o
                                                  build/debug/Drivers/STM32F4xx_HAL_Driver/Src/stm32f4xx_hal_rcc.o
APBPrescTable                                     build/debug/Core/Src/system_stm32f4xx.o
                                                  build/debug/Drivers/STM32F4xx_HAL_Driver/Src/stm32f4xx_hal_rcc.o
BSP_PlatformIsDetected                            build/debug/FATFS/Target/fatfs_platform.o
                                                  build/debug/FATFS/Target/bsp_driver_sd.o
BSP_SD_AbortCallback                              build/debug/FATFS/Target/bsp_driver_sd.o
BSP_SD_DetectIT                                   build/debug/FATFS/Target/bsp_driver_sd.o
BSP_SD_Erase                                      build/debug/FATFS/Target/bsp_driver_sd.o
BSP_SD_GetCardInfo                                build/debug/FATFS/Target/bsp_driver_sd.o
                                                  build/debug/FATFS/Target/sd_diskio.o
BSP_SD_GetCardState                               build/debug/FATFS/Target/bsp_driver_sd.o
                                                  build/debug/FATFS/Target/sd_diskio.o
BSP_SD_ITConfig                                   build/debug/FATFS/Target/bsp_driver_sd.o
BSP_SD_Init                                       build/debug/FATFS/Target/bsp_driver_sd.o
                                                  build/debug/FATFS/Target/sd_diskio.o
BSP_SD_IsDetected                                 build/debug/FATFS/Target/bsp_driver_sd.o
BSP_SD_ReadBlocks                                 build/debug/FATFS/Target/bsp_driver_sd.o
                                                  build/debug/FATFS/Target/sd_diskio.o
BSP_SD_ReadBlocks_DMA                             build/debug/FATFS/Target/bsp_driver_sd.o
BSP_SD_ReadCpltCallback                           build/debug/FATFS/Target/bsp_driver_sd.o
BSP_SD_WriteBlocks                                build/debug/FATFS/Target/bsp_driver_sd.o
                                                  build/debug/FATFS/Target/sd_diskio.o
BSP_SD_WriteBlocks_DMA                            build/debug/FATFS/Target/bsp_driver_sd.o
BSP_SD_WriteCpltCallback                          build/debug/FATFS/Target/bsp_driver_sd.o
BusFault_Handler                                  build/debug/Core/Src/stm32f4xx_it.o
CAN1_RX0_IRQHandler                               build/debug/startup_stm32f405xx.o
CAN1_RX1_IRQHandler                               build/debug/startup_stm32f405xx.o
CAN1_SCE_IRQHandler                               build/debug/startup_stm32f405xx.o
CAN1_TX_IRQHandler                                build/debug/startup_stm32f405xx.o
CAN2_RX0_IRQHandler                               build/debug/startup_stm32f405xx.o
CAN2_RX1_IRQHandler                               build/debug/startup_stm32f405xx.o
CAN2_SCE_IRQHandler                               build/debug/startup_stm32f405xx.o
CAN2_TX_IRQHandler                                build/debug/startup_stm32f405xx.o
DMA1_Stream0_IRQHandler                           build/debug/startup_stm32f405xx.o
DMA1_Stream1_IRQHandler                           build/debug/startup_stm32f405xx.o
DMA1_Stream2_IRQHandler                           build/debug/startup_stm32f405xx.o
DMA1_Stream3_IRQHandler                           build/debug/startup_stm32f405xx.o
DMA1_Stream4_IRQHandler                           build/debug/startup_stm32f405xx.o
DMA1_Stream5_IRQHandler                           build/debug/startup_stm32f405xx.o
DMA1_Stream6_IRQHandler                           build/debug/startup_stm32f405xx.o
DMA1_Stream7_IRQHandler                           build/debug/startup_stm32f405xx.o
DMA2_Stream0_IRQHandler                           build/debug/startup_stm32f405xx.o
DMA2_Stream1_IRQHandler                           build/debug/startup_stm32f405xx.o
DMA2_Stream2_IRQHandler                           build/debug/startup_stm32f405xx.o
DMA2_Stream3_IRQHandler                           build/debug/startup_stm32f405xx.o
DMA2_Stream4_IRQHandler                           build/debug/startup_stm32f405xx.o
DMA2_Stream5_IRQHandler                           build/debug/startup_stm32f405xx.o
DMA2_Stream6_IRQHandler                           build/debug/startup_stm32f405xx.o
DMA2_Stream7_IRQHandler                           build/debug/startup_stm32f405xx.o
DebugMon_Handler                                  build/debug/Core/Src/stm32f4xx_it.o
Default_Handler                                   build/debug/startup_stm32f405xx.o
EXTI0_IRQHandler                                  build/debug/startup_stm32f405xx.o
EXTI15_10_IRQHandler                              build/debug/startup_stm32f405xx.o
EXTI1_IRQHandler                                  build/debug/startup_stm32f405xx.o
EXTI2_IRQHandler                                  build/debug/startup_stm32f405xx.o
EXTI3_IRQHandler                                  build/debug/startup_stm32f405xx.o
EXTI4_IRQHandler                                  build/debug/startup_stm32f405xx.o
EXTI9_5_IRQHandler                                build/debug/startup_stm32f405xx.o
Error_Handler                                     build/debug/Core/Src/main.o
FATFS_GetAttachedDriversNbr                       build/debug/Middlewares/Third_Party/FatFs/src/ff_gen_drv.o
FATFS_LinkDriver                                  build/debug/Middlewares/Third_Party/FatFs/src/ff_gen_drv.o
                                                  build/debug/FATFS/App/fatfs.o
FATFS_LinkDriverEx                                build/debug/Middlewares/Third_Party/FatFs/src/ff_gen_drv.o
FATFS_UnLinkDriver                                build/debug/Middlewares/Third_Party/FatFs/src/ff_gen_drv.o
FATFS_UnLinkDriverEx                              build/debug/Middlewares/Third_Party/FatFs/src/ff_gen_drv.o
FLASH_Erase_Sector                                build/debug/Drivers/STM32F4xx_HAL_Driver/Src/stm32f4xx_hal_flash_ex.o
                                                  build/debug/Drivers/STM32F4xx_HAL_Driver/Src/stm32f4xx_hal_flash.o
FLASH_FlushCaches                                 build/debug/Drivers/STM32F4xx_HAL_Driver/Src/stm32f4xx_hal_flash_ex.o
                                                  build/debug/Drivers/STM32F4xx_HAL_Driver/Src/stm32f4xx_hal_flash.o
FLASH_IRQHandler                                  build/debug/startup_stm32f405xx.o
FLASH_WaitForLastOperation                        build/debug/Drivers/STM32F4xx_HAL_Driver/Src/stm32f4xx_hal_flash.o
                                                  build/debug/Drivers/STM32F4xx_HAL_Driver/Src/stm32f4xx_hal_flash_ex.o
FPU_IRQHandler                                    build/debug/startup_stm32f405xx.o
FSMC_IRQHandler                                   build/debug/startup_stm32f405xx.o
HAL_CORTEX_ClearEvent                             build/debug/Drivers/STM32F4xx_HAL_Driver/Src/stm32f4xx_hal_cortex.o
HAL_DBGMCU_DisableDBGSleepMode                    build/debug/Drivers/STM32F4xx_HAL_Driver/Src/stm32f4xx_hal.o
HAL_DBGMCU_DisableDBGStandbyMode                  build/debug/Drivers/STM32F4xx_HAL_Driver/Src/stm32f4xx_hal.o
HAL_DBGMCU_DisableDBGStopMode                     build/debug/Drivers/STM32F4xx_HAL_Driver/Src/stm32f4xx_hal.o
HAL_DBGMCU_EnableDBGSleepMode                     build/debug/Drivers/STM32F4xx_HAL_Driver/Src/stm32f4xx_hal.o
HAL_DBGMCU_EnableDBGStandbyMode                   build/debug/Drivers/STM32F4xx_HAL_Driver/Src/stm32f4xx_hal.o
HAL_DBGMCU_EnableDBGStopMode                      build/debug/Drivers/STM32F4xx_HAL_Driver/Src/stm32f4xx_hal.o
HAL_DMAEx_ChangeMemory                            build/debug/Drivers/STM32F4xx_HAL_Driver/Src/stm32f4xx_hal_dma_ex.o
HAL_DMAEx_MultiBufferStart                        build/debug/Drivers/STM32F4xx_HAL_Driver/Src/stm32f4xx_hal_dma_ex.o
HAL_DMAEx_MultiBufferStart_IT                     build/debug/Drivers/STM32F4xx_HAL_Driver/Src/stm32f4xx_hal_dma_ex.o
HAL_DMA_Abort                                     build/debug/Drivers/STM32F4xx_HAL_Driver/Src/stm32f4xx_hal_dma.o
                                                  build/debug/Drivers/STM32F4xx_HAL_Driver/Src/stm32f4xx_hal_uart.o
                                                  build/debug/Drivers/STM32F4xx_HAL_Driver/Src/stm32f4xx_hal_spi.o
                                                  build/debug/Drivers/STM32F4xx_HAL_Driver/Src/stm32f4xx_hal_sd.o
HAL_DMA_Abort_IT                                  build/debug/Drivers/STM32F4xx_HAL_Driver/Src/stm32f4xx_hal_dma.o
                                                  build/debug/Drivers/STM32F4xx_HAL_Driver/Src/stm32f4xx_hal_uart.o
                                                  build/debug/Drivers/STM32F4xx_HAL_Driver/Src/stm32f4xx_hal_spi.o
                                                  build/debug/Drivers/STM32F4xx_HAL_Driver/Src/stm32f4xx_hal_sd.o
                                                  build/debug/Drivers/STM32F4xx_HAL_Driver/Src/stm32f4xx_hal_i2c.o
HAL_DMA_DeInit                                    build/debug/Drivers/STM32F4xx_HAL_Driver/Src/stm32f4xx_hal_dma.o
HAL_DMA_GetError                                  build/debug/Drivers/STM32F4xx_HAL_Driver/Src/stm32f4xx_hal_dma.o
                                                  build/debug/Drivers/STM32F4xx_HAL_Driver/Src/stm32f4xx_hal_uart.o
                                                  build/debug/Drivers/STM32F4xx_HAL_Driver/Src/stm32f4xx_hal_sd.o
                                                  build/debug/Drivers/STM32F4xx_HAL_Driver/Src/stm32f4xx_hal_i2c.o
HAL_DMA_GetState                                  build/debug/Drivers/STM32F4xx_HAL_Driver/Src/stm32f4xx_hal_dma.o
                                                  build/debug/Drivers/STM32F4xx_HAL_Driver/Src/stm32f4xx_hal_i2c.o
HAL_DMA_IRQHandler                                build/debug/Drivers/STM32F4xx_HAL_Driver/Src/stm32f4xx_hal_dma.o
HAL_DMA_Init                                      build/debug/Drivers/STM32F4xx_HAL_Driver/Src/stm32f4xx_hal_dma.o
HAL_DMA_PollForTransfer                           build/debug/Drivers/STM32F4xx_HAL_Driver/Src/stm32f4xx_hal_dma.o
HAL_DMA_RegisterCallback                          build/debug/Drivers/STM32F4xx_HAL_Driver/Src/stm32f4xx_hal_dma.o
HAL_DMA_Start                                     build/debug/Drivers/STM32F4xx_HAL_Driver/Src/stm32f4xx_hal_dma.o
HAL_DMA_Start_IT                                  build/debug/Drivers/STM32F4xx_HAL_Driver/Src/stm32f4xx_hal_dma.o
                                                  build/debug/Drivers/STM32F4xx_HAL_Driver/Src/stm32f4xx_hal_uart.o
                                                  build/debug/Drivers/STM32F4xx_HAL_Driver/Src/stm32f4xx_hal_spi.o
                                                  build/debug/Drivers/STM32F4xx_HAL_Driver/Src/stm32f4xx_hal_sd.o
                                                  build/debug/Drivers/STM32F4xx_HAL_Driver/Src/stm32f4xx_hal_i2c.o
HAL_DMA_UnRegisterCallback                        build/debug/Drivers/STM32F4xx_HAL_Driver/Src/stm32f4xx_hal_dma.o
HAL_DeInit                                        build/debug/Drivers/STM32F4xx_HAL_Driver/Src/stm32f4xx_hal.o
HAL_Delay                                         build/debug/Drivers/STM32F4xx_HAL_Driver/Src/stm32f4xx_hal.o
                                                  build/debug/Drivers/STM32F4xx_HAL_Driver/Src/stm32f4xx_hal_sd.o
                                                  build/debug/Core/Src/main.o
HAL_DisableCompensationCell                       build/debug/Drivers/STM32F4xx_HAL_Driver/Src/stm32f4xx_hal.o
HAL_EXTI_ClearConfigLine                          build/debug/Drivers/STM32F4xx_HAL_Driver/Src/stm32f4xx_hal_exti.o
HAL_EXTI_ClearPending                             build/debug/Drivers/STM32F4xx_HAL_Driver/Src/stm32f4xx_hal_exti.o
HAL_EXTI_GenerateSWI                              build/debug/Drivers/STM32F4xx_HAL_Driver/Src/stm32f4xx_hal_exti.o
HAL_EXTI_GetConfigLine                            build/debug/Drivers/STM32F4xx_HAL_Driver/Src/stm32f4xx_hal_exti.o
HAL_EXTI_GetHandle                                build/debug/Drivers/STM32F4xx_HAL_Driver/Src/stm32f4xx_hal_exti.o
HAL_EXTI_GetPending                               build/debug/Drivers/STM32F4xx_HAL_Driver/Src/stm32f4xx_hal_exti.o
HAL_EXTI_IRQHandler                               build/debug/Drivers/STM32F4xx_HAL_Driver/Src/stm32f4xx_hal_exti.o
HAL_EXTI_RegisterCallback                         build/debug/Drivers/STM32F4xx_HAL_Driver/Src/stm32f4xx_hal_exti.o
HAL_EXTI_SetConfigLine                            build/debug/Drivers/STM32F4xx_HAL_Driver/Src/stm32f4xx_hal_exti.o
HAL_EnableCompensationCell                        build/debug/Drivers/STM32F4xx_HAL_Driver/Src/stm32f4xx_hal.o
HAL_FLASHEx_Erase                                 build/debug/Drivers/STM32F4xx_HAL_Driver/Src/stm32f4xx_hal_flash_ex.o
HAL_FLASHEx_Erase_IT                              build/debug/Drivers/STM32F4xx_HAL_Driver/Src/stm32f4xx_hal_flash_ex.o
HAL_FLASHEx_OBGetConfig                           build/debug/Drivers/STM32F4xx_HAL_Driver/Src/stm32f4xx_hal_flash_ex.o
HAL_FLASHEx_OBProgram                             build/debug/Drivers/STM32F4xx_HAL_Driver/Src/stm32f4xx_hal_flash_ex.o
HAL_FLASH_EndOfOperationCallback                  build/debug/Drivers/STM32F4xx_HAL_Driver/Src/stm32f4xx_hal_flash.o
HAL_FLASH_GetError                                build/debug/Drivers/STM32F4xx_HAL_Driver/Src/stm32f4xx_hal_flash.o
HAL_FLASH_IRQHandler                              build/debug/Drivers/STM32F4xx_HAL_Driver/Src/stm32f4xx_hal_flash.o
HAL_FLASH_Lock                                    build/debug/Drivers/STM32F4xx_HAL_Driver/Src/stm32f4xx_hal_flash.o
HAL_FLASH_OB_Launch                               build/debug/Drivers/STM32F4xx_HAL_Driver/Src/stm32f4xx_hal_flash.o
HAL_FLASH_OB_Lock                                 build/debug/Drivers/STM32F4xx_HAL_Driver/Src/stm32f4xx_hal_flash.o
HAL_FLASH_OB_Unlock                               build/debug/Drivers/STM32F4xx_HAL_Driver/Src/stm32f4xx_hal_flash.o
HAL_FLASH_OperationErrorCallback                  build/debug/Drivers/STM32F4xx_HAL_Driver/Src/stm32f4xx_hal_flash.o
HAL_FLASH_Program                                 build/debug/Drivers/STM32F4xx_HAL_Driver/Src/stm32f4xx_hal_flash.o
HAL_FLASH_Program_IT                              build/debug/Drivers/STM32F4xx_HAL_Driver/Src/stm32f4xx_hal_flash.o
HAL_FLASH_Unlock                                  build/debug/Drivers/STM32F4xx_HAL_Driver/Src/stm32f4xx_hal_flash.o
HAL_GPIO_DeInit                                   build/debug/Drivers/STM32F4xx_HAL_Driver/Src/stm32f4xx_hal_gpio.o
                                                  build/debug/Core/Src/stm32f4xx_hal_msp.o
HAL_GPIO_EXTI_Callback                            build/debug/Drivers/STM32F4xx_HAL_Driver/Src/stm32f4xx_hal_gpio.o
HAL_GPIO_EXTI_IRQHandler                          build/debug/Drivers/STM32F4xx_HAL_Driver/Src/stm32f4xx_hal_gpio.o